[cns2d] cns2d 1.0.0 (git 97f37254d00c)
[cns2d] command: /workspace/solver/scratch/sensitivity/bin/cns2d_floor005 solve --case /workspace/cfd_solver_agentic_benchmark/inputs/cases/naca0012_m015_inviscid.json --output /workspace/solver/scratch/sensitivity/runs/naca_floor005 --log-every 500
[cns2d] case: naca0012_m015_inviscid -- NACA0012, AoA 0 deg, Mach 0.15, inviscid
[cns2d] case file: /workspace/cfd_solver_agentic_benchmark/inputs/cases/naca0012_m015_inviscid.json
[cns2d] mesh file: /workspace/cfd_solver_agentic_benchmark/inputs/meshes/NACA0012_H2.cgns
[cns2d] MPI ranks: 4
[cns2d] boundary family 'bc-2' -> farfield
[cns2d] boundary family 'bc-4' -> slip_wall
[cns2d] CGNS mesh '/workspace/cfd_solver_agentic_benchmark/inputs/meshes/NACA0012_H2.cgns': base 'Base' (cell dim 2, phys dim 3), 1 zone(s)
  zone 'dom-1': 15682 nodes, 20816 cells
    section 'TriElements': TRI_3 x 10752 (elements 1..10752)
    section 'QuadElements': QUAD_4 x 10064 (elements 10753..20816)
    section 'bc-2': BAR_2 x 80 (elements 20817..20896)
    section 'bc-4': BAR_2 x 404 (elements 20897..21300)
    BC 'bc-2' family 'bc-2' location 'EdgeCenter' pset 'PointRange' range 20817..20896
    BC 'bc-4' family 'bc-4' location 'EdgeCenter' pset 'PointRange' range 20897..21300
[cns2d] global mesh: 15682 nodes (0 zone-interface node pairs fused, max merge distance 0), 20816 cells (10752 tri, 10064 quad), 36498 faces (36014 interior, 484 boundary)
  boundary families: 'bc-2' (80 faces) 'bc-4' (404 faces)
[cns2d] partitioning: metis_kway into 4 part(s), edge cut 241
[cns2d] physics: inviscid (viscosity and heat conduction identically zero)
[cns2d] rank 0/4: 5214 owned cells, 114 ghost cells, 9534 faces, 119 boundary faces, 3 neighbour rank(s)
[cns2d] partitioner: metis_kway, global edge cut 241
[cns2d] numerics: roe inviscid flux (harten_hyman_entropy_fix), piecewise-linear least-squares reconstruction, venkatakrishnan limiter, lu_sgs_simplified_jacobian, viscous terms disabled
[cns2d] initial state set to freestream: rho=1 u=1 v=0 p=31.746 (M=0.15)
[cns2d][warn] mesh verification: uniform-flow residual on interior-only cells is 5.145e-09 (expected < 1e-12); the interior scheme does not preserve a uniform state exactly
[cns2d] mesh verification: face-closure error 1.025e-16, volume-closure error 1.090e-10, total area 20085.4463 (boundary integral 20085.4463, mismatch 4.166e-15), linear-gradient error 1.428e-10, conservation defect 1.225e-18, uniform-flow residual 5.145e-09 on 19848 interior-only cells -- CHECK
[cns2d] initial state set to freestream: rho=1 u=1 v=0 p=31.746 (M=0.15)
[cns2d] steady run: max_steps=20000, target=4.00 orders, CFL 1 -> 100 over 2000 steps, inner iterations 3..50 (target ratio 1.00e-02)
  step       1  res  9.05057e+01  (- 0.00 orders)  cfl    1.000  inner    3 (ratio 1.93e-05)  cd   -0.000000  cl    0.000000  rej 0
           dominant residual: var rhoE at (0.0032102, 0.0098442), cell volume 4.703e-09, boundary bc-4
  step     500  res  3.02792e+00  (- 1.48 orders)  cfl    3.155  inner    3 (ratio 2.82e-03)  cd    0.063628  cl    0.018383  rej 0
           dominant residual: var rhoE at (0.23321, 0.058896), cell volume 5.207e-08, boundary bc-4
  step    1000  res  2.36663e+00  (- 1.58 orders)  cfl    9.977  inner    5 (ratio 1.28e-03)  cd   -0.102397  cl    0.016842  rej 0
           dominant residual: var rhoE at (0.038697, 0.031809), cell volume 1.218e-08, boundary bc-4
  step    1500  res  1.44578e-01  (- 2.80 orders)  cfl   12.395  inner    5 (ratio 1.62e-03)  cd   -0.001857  cl   -0.003067  rej 4
           dominant residual: var rhoE at (0.8437, 0.021264), cell volume 3.837e-08, boundary bc-4
[cns2d] residual target of 4.00 orders reached at step 1629, but C_D is still moving by 4.252e-01 over the last 500 steps (tolerance 2.383e-04); continuing until the forces are stationary
  step    2000  res  1.33071e-03  (- 4.83 orders)  cfl    1.181  inner    3 (ratio 1.93e-04)  cd    0.001000  cl    0.000137  rej 16
           dominant residual: var rhoE at (0.010488, 0.017427), cell volume 5.388e-09, boundary bc-4
  step    2500  res  8.77038e-04  (- 5.01 orders)  cfl    3.753  inner    5 (ratio 1.05e-03)  cd    0.001001  cl    0.000176  rej 28
           dominant residual: var rhoE at (0.0089553, 0.016163), cell volume 4.901e-09, boundary bc-4
  step    3000  res  8.11988e-04  (- 5.05 orders)  cfl    1.544  inner    3 (ratio 8.28e-04)  cd    0.000968  cl    0.000211  rej 42
           dominant residual: var rhov at (0.0032102, 0.0098442), cell volume 4.703e-09, boundary bc-4
  step    3500  res  1.44897e-03  (- 4.80 orders)  cfl    1.014  inner    3 (ratio 1.08e-04)  cd    0.000974  cl    0.000209  rej 55
           dominant residual: var rhov at (0.0032102, 0.0098442), cell volume 4.703e-09, boundary bc-4
  step    4000  res  1.37546e-03  (- 4.82 orders)  cfl    0.945  inner    3 (ratio 9.51e-05)  cd    0.000969  cl    0.000211  rej 68
           dominant residual: var rhoE at (0.013054, 0.019331), cell volume 5.507e-09, boundary bc-4
  step    4500  res  1.45807e-03  (- 4.79 orders)  cfl    1.878  inner    3 (ratio 1.40e-03)  cd    0.000959  cl    0.000216  rej 80
           dominant residual: var rhoE at (0.0082118, 0.015507), cell volume 5.019e-09, boundary bc-4
  step    5000  res  9.36053e-04  (- 4.99 orders)  cfl    1.233  inner    3 (ratio 2.19e-04)  cd    0.000942  cl    0.000223  rej 93
           dominant residual: var rhoE at (0.010488, 0.017427), cell volume 5.388e-09, boundary bc-4
  step    5500  res  1.46493e-03  (- 4.79 orders)  cfl    0.965  inner    3 (ratio 9.02e-05)  cd    0.000937  cl    0.000222  rej 106
           dominant residual: var rhoE at (0.017004, 0.021883), cell volume 6.631e-09, boundary bc-4
  step    6000  res  1.90926e-03  (- 4.68 orders)  cfl    0.671  inner    3 (ratio 1.75e-05)  cd    0.000935  cl    0.000218  rej 119
           dominant residual: var rhou at (0.011335, 0.018082), cell volume 5.319e-09, boundary bc-4
  step    6500  res  1.28598e-03  (- 4.85 orders)  cfl    1.500  inner    3 (ratio 6.50e-04)  cd    0.000932  cl    0.000219  rej 131
           dominant residual: var rhou at (0.010488, 0.017427), cell volume 5.388e-09, boundary bc-4
  step    7000  res  1.68062e-03  (- 4.73 orders)  cfl    0.877  inner    3 (ratio 5.81e-05)  cd    0.000943  cl    0.000223  rej 144
           dominant residual: var rhoE at (0.013054, 0.019331), cell volume 5.507e-09, boundary bc-4
  step    7500  res  1.45757e-03  (- 4.79 orders)  cfl    1.093  inner    3 (ratio 1.72e-04)  cd    0.000936  cl    0.000227  rej 157
           dominant residual: var rhoE at (0.013054, 0.019331), cell volume 5.507e-09, boundary bc-4
  step    8000  res  1.51704e-03  (- 4.78 orders)  cfl    2.304  inner    3 (ratio 2.81e-03)  cd    0.000922  cl    0.000228  rej 169
           dominant residual: var rhoE at (0.017004, 0.021883), cell volume 6.631e-09, boundary bc-4
  step    8500  res  8.99839e-04  (- 5.00 orders)  cfl    0.796  inner    3 (ratio 4.22e-05)  cd    0.000914  cl    0.000229  rej 183
           dominant residual: var rhou at (0.017004, 0.021883), cell volume 6.631e-09, boundary bc-4
  step    9000  res  1.33827e-03  (- 4.83 orders)  cfl    2.118  inner    3 (ratio 1.93e-03)  cd    0.000907  cl    0.000236  rej 195
           dominant residual: var rhoE at (0.017004, 0.021883), cell volume 6.631e-09, boundary bc-4
  step    9500  res  1.65449e-03  (- 4.74 orders)  cfl    1.312  inner    3 (ratio 3.90e-04)  cd    0.000912  cl    0.000243  rej 208
           dominant residual: var rhoE at (0.010488, 0.017427), cell volume 5.388e-09, boundary bc-4
  step   10000  res  1.35431e-03  (- 4.82 orders)  cfl    1.373  inner    3 (ratio 3.36e-04)  cd    0.000909  cl    0.000253  rej 221
           dominant residual: var rhou at (0.02177, 0.024539), cell volume 7.650e-09, boundary bc-4
  step   10500  res  8.83349e-04  (- 5.01 orders)  cfl    3.069  inner    3 (ratio 8.23e-03)  cd    0.000914  cl    0.000262  rej 233
           dominant residual: var rhou at (0.02177, 0.024539), cell volume 7.650e-09, boundary bc-4
  step   11000  res  9.31993e-04  (- 4.99 orders)  cfl    0.890  inner    3 (ratio 7.88e-05)  cd    0.000912  cl    0.000269  rej 247
           dominant residual: var rhoE at (0.010488, 0.017427), cell volume 5.388e-09, boundary bc-4
  step   11500  res  1.30047e-03  (- 4.84 orders)  cfl    0.696  inner    3 (ratio 2.30e-05)  cd    0.000905  cl    0.000280  rej 260
           dominant residual: var rhoE at (0.017004, 0.021883), cell volume 6.631e-09, boundary bc-4
  step   12000  res  1.45173e-03  (- 4.79 orders)  cfl    1.385  inner    3 (ratio 3.90e-04)  cd    0.000893  cl    0.000286  rej 272
           dominant residual: var rhoE at (0.017004, 0.021883), cell volume 6.631e-09, boundary bc-4
  step   12500  res  9.57977e-04  (- 4.98 orders)  cfl    1.367  inner    3 (ratio 4.39e-04)  cd    0.000889  cl    0.000296  rej 285
           dominant residual: var rhou at (0.02177, 0.024539), cell volume 7.650e-09, boundary bc-4
  step   13000  res  1.35634e-03  (- 4.82 orders)  cfl    1.608  inner    3 (ratio 6.15e-04)  cd    0.000885  cl    0.000304  rej 298
           dominant residual: var rhoE at (0.02177, 0.024539), cell volume 7.650e-09, boundary bc-4
  step   13500  res  1.23866e-03  (- 4.86 orders)  cfl    1.119  inner    3 (ratio 1.55e-04)  cd    0.000893  cl    0.000305  rej 311
           dominant residual: var rhoE at (0.025952, 0.026595), cell volume 8.810e-09, boundary bc-4
  step   14000  res  9.40920e-04  (- 4.98 orders)  cfl    1.241  inner    3 (ratio 3.36e-04)  cd    0.000886  cl    0.000312  rej 324
           dominant residual: var rhou at (0.025952, 0.026595), cell volume 8.810e-09, boundary bc-4
