==================================================================
cfd2d-unstructured 1.0.0 (648fe47adf4e, Release)
case      : naca0012_m015_inviscid -- NACA0012, AoA 0 deg, Mach 0.15, inviscid
mesh      : /workspace/cfd_solver_agentic_benchmark/inputs/meshes/NACA0012_H2.cgns
mode      : inviscid
freestream: M=0.15 aoa=0 rho=1 p=31.746
ranks     : 4
==================================================================
CGNS base 'Base', 1 zone(s): 'dom-1'
  node merge: 15682 raw -> 15682 unique (0 merged from 0 interface pairs, max gap 0)
global mesh: 15682 nodes, 20816 cells, 36498 faces (484 boundary)
  patch 'bc-2' (CGNS BC 'bc-2'): 80 faces
  patch 'bc-4' (CGNS BC 'bc-4'): 404 faces
partitioner: metis_kway, edge cut 241
mesh distributed in 0.059 s; geometry check (divergence theorem) max relative error 1.090e-10
partition: owned cells min 5189 max 5214 mean 5204.0, load balance 1.0019, max ghost 143, mean neighbours 2.50
restarted from 'results/naca0012_m015_inviscid/restart_final.bin' at t=0 step=1864 (1 time levels)
case numerics requirements:
  numerics_required: [ok]   spatial_order >= 2 (reconstruction linear)
  numerics_required: [ok]   inviscid_flux = approximate_riemann (using hllc)
  numerics_required: [ok]   viscous_flux = disabled
  numerics_required: [ok]   main_time_method = implicit (solver path is implicit)
numerics: flux=hllc entropy_fix=0.1 shock_fix=6 reconstruction=linear_least_squares limiter=venkatakrishnan (K=5) implicit=lu_sgs_matrix_free
steady pseudo-time march: max_steps=20 cfl 1 -> 100 over 2000 steps, inner sweeps 3-50 (linear target 0.01)
limiter values are frozen from pseudo-time step 6000 (three CFL-ramp lengths); the limiter itself stays active in the reconstruction
  step       0  res 5.5785e-05  (0.00 orders)  cfl 1.00  cl 0.000147  cd 0.001025
  step      20  res 2.7544e-05  (0.31 orders)  cfl 1.05  cl 0.000148  cd 0.001026
------------------------------------------------------------------
status    : failed
steps     : 20
residual  : 2.7544e-05 (0.31 orders)
forces    : cl=0.000148 cd=0.001026 cmz=0.000063
            pressure drag 0.001026, skin friction drag 0.000000, normal viscous drag 0.000000
inner     : mean 3.00 min 3 max 3, target met on 100.00%
robustness: 0 first-order face fallbacks, 0 update line searches
wall time : 0.17 s
notes     : NOT CONVERGED: step limit reached with a residual reduction of 0.306 orders (case target 4); over the last 50 steps the C_D drift is 1.00e+00 and the scatter 1.00e+00 (tolerance 0.00e+00 in C_D units); CFL safeguard back-offs: 0
------------------------------------------------------------------
