==================================================================
cfd2d-unstructured 1.0.0 (648fe47adf4e, Release)
case      : naca0012_m200_inviscid -- NACA0012, AoA 0 deg, Mach 2.0, inviscid
mesh      : /workspace/cfd_solver_agentic_benchmark/inputs/meshes/NACA0012_H2.cgns
mode      : inviscid
freestream: M=2 aoa=0 rho=1 p=0.178571
ranks     : 4
==================================================================
CGNS base 'Base', 1 zone(s): 'dom-1'
  node merge: 15682 raw -> 15682 unique (0 merged from 0 interface pairs, max gap 0)
global mesh: 15682 nodes, 20816 cells, 36498 faces (484 boundary)
  patch 'bc-2' (CGNS BC 'bc-2'): 80 faces
  patch 'bc-4' (CGNS BC 'bc-4'): 404 faces
partitioner: metis_kway, edge cut 241
mesh distributed in 0.047 s; geometry check (divergence theorem) max relative error 1.090e-10
partition: owned cells min 5189 max 5214 mean 5204.0, load balance 1.0019, max ghost 143, mean neighbours 2.50
case numerics requirements:
  numerics_required: [ok]   spatial_order >= 2 (reconstruction linear)
  numerics_required: [ok]   inviscid_flux = approximate_riemann (using hllc)
  numerics_required: [ok]   viscous_flux = disabled
  numerics_required: [ok]   main_time_method = implicit (solver path is implicit)
numerics: flux=hllc entropy_fix=0.1 shock_fix=0 reconstruction=linear_least_squares limiter=venkatakrishnan (K=5) implicit=lu_sgs_matrix_free
steady pseudo-time march: max_steps=40000 cfl 0.2 -> 50 over 5000 steps, inner sweeps 3-80 (linear target 0.01)
limiter values are frozen from pseudo-time step 15000 (three CFL-ramp lengths); the limiter itself stays active in the reconstruction
  step       0  res 2.0281e+00  (0.00 orders)  cfl 0.20  cl 0.000000  cd -0.000000
  step    2000  res 1.4831e-02  (2.14 orders)  cfl 1.82  cl 0.000249  cd 0.091567
  step    4000  res 5.2971e-03  (2.58 orders)  cfl 16.57  cl -0.002856  cd 0.088587
  step    6000  res 3.1637e-03  (2.81 orders)  cfl 50.00  cl -0.004603  cd 0.088429
  step    8000  res 3.8684e-03  (2.72 orders)  cfl 50.00  cl -0.004661  cd 0.088014
  step   10000  res 4.0244e-03  (2.70 orders)  cfl 50.00  cl -0.004174  cd 0.088144
  step   12000  res 3.4484e-03  (2.77 orders)  cfl 50.00  cl -0.004574  cd 0.088391
  step   14000  res 4.1685e-03  (2.69 orders)  cfl 50.00  cl -0.004674  cd 0.088050
------------------------------------------------------------------
status    : converged
steps     : 15287
residual  : 1.9285e-03 (3.02 orders)
forces    : cl=-0.004555 cd=0.087892 cmz=0.000985
            pressure drag 0.087892, skin friction drag 0.000000, normal viscous drag 0.000000
inner     : mean 8.04 min 3 max 14, target met on 100.00%
robustness: 0 first-order face fallbacks, 0 update line searches
wall time : 167.56 s
notes     : residual reduction target (3 orders) reached and the drag coefficient is stationary: over two consecutive windows of 1528 steps the mean C_D moved by 3.13e-05 (window scatter 1.85e-04, tolerance 2.64e-04 in C_D units). CFL safeguard back-offs: 31.
------------------------------------------------------------------
