[cns2d] cns2d 1.0.0 (git 26ef1cb80b86)
[cns2d] command: /workspace/solver/build/cns2d solve --case /workspace/cfd_solver_agentic_benchmark/inputs/cases/cylinder_m010_laminar_re200.json --output /workspace/solver/results/cylinder_m010_laminar_re200 --log-every 250
[cns2d] case: cylinder_m010_laminar_re200 -- Circular cylinder, Mach 0.1, laminar, Re 200, unsteady vortex shedding
[cns2d] case file: /workspace/cfd_solver_agentic_benchmark/inputs/cases/cylinder_m010_laminar_re200.json
[cns2d] mesh file: /workspace/cfd_solver_agentic_benchmark/inputs/meshes/CylinderB1.cgns
[cns2d] MPI ranks: 4
[cns2d] boundary family 'FAR' -> farfield
[cns2d] boundary family 'WALL' -> no_slip_adiabatic_wall
[cns2d] CGNS mesh '/workspace/cfd_solver_agentic_benchmark/inputs/meshes/CylinderB1.cgns': base 'Base' (cell dim 2, phys dim 2), 2 zone(s)
  zone 'dom-1': 7079 nodes, 6901 cells
    section 'TriElements': TRI_3 x 64 (elements 1..64)
    section 'QuadElements': QUAD_4 x 6837 (elements 65..6901)
    section 'WALL': BAR_2 x 100 (elements 6902..7001)
    section 'con-2': BAR_2 x 20 (elements 7002..7021)
    section 'con-3': BAR_2 x 120 (elements 7022..7141)
    section 'con-4': BAR_2 x 40 (elements 7142..7181)
    section 'con-5': BAR_2 x 120 (elements 7182..7301)
    section 'con-6': BAR_2 x 20 (elements 7302..7321)
    BC 'WALL' family 'WALL' location 'EdgeCenter' pset 'PointRange' range 6902..7001
    connectivity '1to1Connection:con-2' (Abutting1to1, Vertex) -> zone 'dom-2', 21 matched nodes
    connectivity '1to1Connection:con-3' (Abutting1to1, Vertex) -> zone 'dom-2', 121 matched nodes
    connectivity '1to1Connection:con-4' (Abutting1to1, Vertex) -> zone 'dom-2', 41 matched nodes
    connectivity '1to1Connection:con-5' (Abutting1to1, Vertex) -> zone 'dom-2', 121 matched nodes
    connectivity '1to1Connection:con-6' (Abutting1to1, Vertex) -> zone 'dom-2', 21 matched nodes
  zone 'dom-2': 3236 nodes, 3284 cells
    section 'TriElements': TRI_3 x 436 (elements 1..436)
    section 'QuadElements': QUAD_4 x 2848 (elements 437..3284)
    section 'FAR': BAR_2 x 20 (elements 3285..3304)
    section 'con-2': BAR_2 x 20 (elements 3305..3324)
    section 'con-3': BAR_2 x 120 (elements 3325..3444)
    section 'con-4': BAR_2 x 40 (elements 3445..3484)
    section 'con-5': BAR_2 x 120 (elements 3485..3604)
    section 'con-6': BAR_2 x 20 (elements 3605..3624)
    BC 'FAR' family 'FAR' location 'EdgeCenter' pset 'PointRange' range 3285..3304
    connectivity '1to1Connection:con-2' (Abutting1to1, Vertex) -> zone 'dom-1', 21 matched nodes
    connectivity '1to1Connection:con-3' (Abutting1to1, Vertex) -> zone 'dom-1', 121 matched nodes
    connectivity '1to1Connection:con-4' (Abutting1to1, Vertex) -> zone 'dom-1', 41 matched nodes
    connectivity '1to1Connection:con-5' (Abutting1to1, Vertex) -> zone 'dom-1', 121 matched nodes
    connectivity '1to1Connection:con-6' (Abutting1to1, Vertex) -> zone 'dom-1', 21 matched nodes
[cns2d] global mesh: 9995 nodes (320 zone-interface node pairs fused, max merge distance 0), 10185 cells (500 tri, 9685 quad), 20180 faces (20060 interior, 120 boundary)
  boundary families: 'WALL' (100 faces) 'FAR' (20 faces)
[cns2d] partitioning: metis_kway into 4 part(s), edge cut 282
[cns2d] physics: laminar, Re = 200, constant mu = 5.000000e-03 (rho_inf*U_inf*L_ref/Re), Pr = 0.72
[cns2d] rank 0/4: 2544 owned cells, 149 ghost cells, 5129 faces, 46 boundary faces, 3 neighbour rank(s)
[cns2d] partitioner: metis_kway, global edge cut 282
[cns2d] numerics: roe inviscid flux (harten_hyman_entropy_fix), piecewise-linear least-squares reconstruction, venkatakrishnan limiter, lu_sgs_simplified_jacobian, viscous terms enabled
[cns2d] initial state set to freestream: rho=1 u=1 v=0 p=71.4286 (M=0.1)
[cns2d][warn] mesh verification: uniform-flow residual on interior-only cells is 2.123e-11 (expected < 1e-12); the interior scheme does not preserve a uniform state exactly
[cns2d] mesh verification: face-closure error 1.020e-16, volume-closure error 4.757e-13, total area 123606.0129 (boundary integral 123606.0129, mismatch 2.355e-16), linear-gradient error 3.137e-13, conservation defect 5.731e-05, uniform-flow residual 2.123e-11 on 9945 interior-only cells -- CHECK
[cns2d] initial state set to freestream: rho=1 u=1 v=0 p=71.4286 (M=0.1)
[cns2d] transient run: dt=0.01, final_time=300 (30000 physical steps), inner iterations 5..1000, inner target 1.00e-03 on the total transient residual, pseudo-CFL 1 -> 1
  step      1  t     0.010  inner  131 (ratio 9.91e-04)  cd  30.951459  cl    0.000026
  step    250  t     2.500  inner  112 (ratio 9.82e-04)  cd   1.299947  cl   -0.002859
  step    500  t     5.000  inner  126 (ratio 9.92e-04)  cd   1.145611  cl    0.009254
  step    750  t     7.500  inner  127 (ratio 9.65e-04)  cd   1.072328  cl    0.001960
  step   1000  t    10.000  inner  122 (ratio 9.97e-04)  cd   1.027343  cl   -0.006273
  step   1250  t    12.500  inner  122 (ratio 9.65e-04)  cd   0.997068  cl    0.012992
  step   1500  t    15.000  inner  120 (ratio 9.82e-04)  cd   0.975463  cl    0.000739
  step   1750  t    17.500  inner  117 (ratio 9.83e-04)  cd   0.960154  cl   -0.022145
  step   2000  t    20.000  inner  123 (ratio 9.71e-04)  cd   0.949978  cl    0.030345
  step   2250  t    22.500  inner  107 (ratio 9.91e-04)  cd   0.948068  cl    0.016038
  step   2500  t    25.000  inner  112 (ratio 9.72e-04)  cd   0.963948  cl   -0.082662
  step   2750  t    27.500  inner  120 (ratio 9.77e-04)  cd   1.007612  cl    0.101780
  step   3000  t    30.000  inner  120 (ratio 9.77e-04)  cd   1.070108  cl   -0.036551
  step   3250  t    32.500  inner  116 (ratio 9.97e-04)  cd   1.118352  cl   -0.063502
  step   3500  t    35.000  inner  112 (ratio 9.97e-04)  cd   1.151624  cl    0.193657
  step   3750  t    37.500  inner  117 (ratio 9.65e-04)  cd   1.181107  cl   -0.315624
  step   4000  t    40.000  inner  125 (ratio 9.56e-04)  cd   1.205698  cl    0.415653
  step   4250  t    42.500  inner  132 (ratio 9.61e-04)  cd   1.218976  cl   -0.455782
  step   4500  t    45.000  inner  137 (ratio 9.88e-04)  cd   1.221841  cl    0.446964
  step   4750  t    47.500  inner  141 (ratio 9.71e-04)  cd   1.218901  cl   -0.382007
  step   5000  t    50.000  inner  143 (ratio 9.69e-04)  cd   1.217011  cl    0.284300
  step   5250  t    52.500  inner  143 (ratio 9.85e-04)  cd   1.219013  cl   -0.154139
  step   5500  t    55.000  inner  142 (ratio 9.60e-04)  cd   1.225915  cl    0.017789
  step   5750  t    57.500  inner  138 (ratio 9.70e-04)  cd   1.237992  cl    0.126438
  step   6000  t    60.000  inner  131 (ratio 9.91e-04)  cd   1.250562  cl   -0.253715
  step   6250  t    62.500  inner  124 (ratio 9.92e-04)  cd   1.262109  cl    0.369963
  step   6500  t    65.000  inner  124 (ratio 9.66e-04)  cd   1.268467  cl   -0.453580
  step   6750  t    67.500  inner  127 (ratio 9.93e-04)  cd   1.269303  cl    0.512408
  step   7000  t    70.000  inner  132 (ratio 9.89e-04)  cd   1.263292  cl   -0.529062
  step   7250  t    72.500  inner  137 (ratio 9.62e-04)  cd   1.253332  cl    0.513329
  step   7500  t    75.000  inner  140 (ratio 9.78e-04)  cd   1.240688  cl   -0.455003
  step   7750  t    77.500  inner  142 (ratio 9.95e-04)  cd   1.230749  cl    0.368325
  step   8000  t    80.000  inner  144 (ratio 9.58e-04)  cd   1.224692  cl   -0.249565
  step   8250  t    82.500  inner  143 (ratio 9.86e-04)  cd   1.225270  cl    0.119104
  step   8500  t    85.000  inner  141 (ratio 9.79e-04)  cd   1.232266  cl    0.025009
  step   8750  t    87.500  inner  136 (ratio 9.97e-04)  cd   1.242857  cl   -0.159543
  step   9000  t    90.000  inner  129 (ratio 9.99e-04)  cd   1.255263  cl    0.289199
  step   9250  t    92.500  inner  124 (ratio 9.65e-04)  cd   1.264619  cl   -0.391747
  step   9500  t    95.000  inner  124 (ratio 9.73e-04)  cd   1.269719  cl    0.474412
  step   9750  t    97.500  inner  129 (ratio 9.62e-04)  cd   1.268062  cl   -0.517961
  step  10000  t   100.000  inner  134 (ratio 9.51e-04)  cd   1.261406  cl    0.530945
  step  10250  t   102.500  inner  138 (ratio 9.55e-04)  cd   1.249386  cl   -0.500264
  step  10500  t   105.000  inner  141 (ratio 9.66e-04)  cd   1.237937  cl    0.437988
  step  10750  t   107.500  inner  143 (ratio 9.69e-04)  cd   1.228019  cl   -0.338359
  step  11000  t   110.000  inner  144 (ratio 9.59e-04)  cd   1.223876  cl    0.219607
  step  11250  t   112.500  inner  143 (ratio 9.72e-04)  cd   1.226262  cl   -0.079884
  step  11500  t   115.000  inner  140 (ratio 9.81e-04)  cd   1.233986  cl   -0.058028
  step  11750  t   117.500  inner  135 (ratio 9.74e-04)  cd   1.246049  cl    0.197529
  step  12000  t   120.000  inner  127 (ratio 9.99e-04)  cd   1.257412  cl   -0.315723
  step  12250  t   122.500  inner  123 (ratio 9.68e-04)  cd   1.266363  cl    0.419006
  step  12500  t   125.000  inner  125 (ratio 9.99e-04)  cd   1.269247  cl   -0.486860
  step  12750  t   127.500  inner  130 (ratio 9.75e-04)  cd   1.266738  cl    0.527174
  step  13000  t   130.000  inner  135 (ratio 9.59e-04)  cd   1.257545  cl   -0.524171
  step  13250  t   132.500  inner  139 (ratio 9.55e-04)  cd   1.246345  cl    0.488326
  step  13500  t   135.000  inner  141 (ratio 9.97e-04)  cd   1.234081  cl   -0.411453
  step  13750  t   137.500  inner  143 (ratio 9.86e-04)  cd   1.226169  cl    0.309354
  step  14000  t   140.000  inner  144 (ratio 9.61e-04)  cd   1.223572  cl   -0.179545
  step  14250  t   142.500  inner  142 (ratio 9.90e-04)  cd   1.227370  cl    0.043562
  step  14500  t   145.000  inner  139 (ratio 9.74e-04)  cd   1.237280  cl    0.100781
  step  14750  t   147.500  inner  133 (ratio 9.72e-04)  cd   1.248802  cl   -0.230217
  step  15000  t   150.000  inner  125 (ratio 9.97e-04)  cd   1.260360  cl    0.350128
  step  15250  t   152.500  inner  123 (ratio 9.96e-04)  cd   1.267404  cl   -0.439024
  step  15500  t   155.000  inner  126 (ratio 9.90e-04)  cd   1.269175  cl    0.504287
  step  15750  t   157.500  inner  131 (ratio 9.99e-04)  cd   1.264116  cl   -0.528025
  step  16000  t   160.000  inner  136 (ratio 9.72e-04)  cd   1.254738  cl    0.519474
  step  16250  t   162.500  inner  140 (ratio 9.52e-04)  cd   1.242043  cl   -0.467680
  step  16500  t   165.000  inner  142 (ratio 9.79e-04)  cd   1.231525  cl    0.386294
  step  16750  t   167.500  inner  143 (ratio 9.99e-04)  cd   1.224389  cl   -0.271323
  step  17000  t   170.000  inner  143 (ratio 9.96e-04)  cd   1.223887  cl    0.142701
  step  17250  t   172.500  inner  142 (ratio 9.59e-04)  cd   1.229932  cl    0.001371
  step  17500  t   175.000  inner  137 (ratio 9.93e-04)  cd   1.240149  cl   -0.137505
  step  17750  t   177.500  inner  131 (ratio 9.68e-04)  cd   1.252712  cl    0.270041
  step  18000  t   180.000  inner  124 (ratio 9.86e-04)  cd   1.262658  cl   -0.376567
  step  18250  t   182.500  inner  123 (ratio 9.98e-04)  cd   1.268680  cl    0.464020
