[cns2d] cns2d 1.0.0 (git 26ef1cb80b86)
[cns2d] command: ./build/cns2d solve --case ../cfd_solver_agentic_benchmark/inputs/cases/naca0012_m015_laminar_re5000.json --output scratch/probe_conv --max-steps 2600 --log-every 400
[cns2d] case: naca0012_m015_laminar_re5000 -- NACA0012, AoA 0 deg, Mach 0.15, laminar, Re 5000
[cns2d] case file: /workspace/cfd_solver_agentic_benchmark/inputs/cases/naca0012_m015_laminar_re5000.json
[cns2d] mesh file: /workspace/cfd_solver_agentic_benchmark/inputs/meshes/NACA0012_H2.cgns
[cns2d] MPI ranks: 8
[cns2d] boundary family 'bc-2' -> farfield
[cns2d] boundary family 'bc-4' -> no_slip_adiabatic_wall
[cns2d] CGNS mesh '/workspace/cfd_solver_agentic_benchmark/inputs/meshes/NACA0012_H2.cgns': base 'Base' (cell dim 2, phys dim 3), 1 zone(s)
  zone 'dom-1': 15682 nodes, 20816 cells
    section 'TriElements': TRI_3 x 10752 (elements 1..10752)
    section 'QuadElements': QUAD_4 x 10064 (elements 10753..20816)
    section 'bc-2': BAR_2 x 80 (elements 20817..20896)
    section 'bc-4': BAR_2 x 404 (elements 20897..21300)
    BC 'bc-2' family 'bc-2' location 'EdgeCenter' pset 'PointRange' range 20817..20896
    BC 'bc-4' family 'bc-4' location 'EdgeCenter' pset 'PointRange' range 20897..21300
[cns2d] global mesh: 15682 nodes (0 zone-interface node pairs fused, max merge distance 0), 20816 cells (10752 tri, 10064 quad), 36498 faces (36014 interior, 484 boundary)
  boundary families: 'bc-2' (80 faces) 'bc-4' (404 faces)
[cns2d] partitioning: metis_kway into 8 part(s), edge cut 439
[cns2d] physics: laminar, Re = 5000, constant mu = 2.000000e-04 (rho_inf*U_inf*L_ref/Re), Pr = 0.72
[cns2d] rank 0/8: 2626 owned cells, 136 ghost cells, 4737 faces, 47 boundary faces, 6 neighbour rank(s)
[cns2d] partitioner: metis_kway, global edge cut 439
[cns2d] numerics: roe inviscid flux (harten_hyman_entropy_fix), piecewise-linear least-squares reconstruction, venkatakrishnan limiter, lu_sgs_simplified_jacobian, viscous terms enabled
[cns2d] initial state set to freestream: rho=1 u=1 v=0 p=31.746 (M=0.15)
[cns2d][warn] mesh verification: uniform-flow residual on interior-only cells is 5.145e-09 (expected < 1e-12); the interior scheme does not preserve a uniform state exactly
[cns2d] mesh verification: face-closure error 1.025e-16, volume-closure error 1.090e-10, total area 20085.4463 (boundary integral 20085.4463, mismatch 1.449e-15), linear-gradient error 1.428e-10, conservation defect 2.960e-03, uniform-flow residual 5.145e-09 on 19848 interior-only cells -- CHECK
[cns2d] initial state set to freestream: rho=1 u=1 v=0 p=31.746 (M=0.15)
[cns2d] steady run: max_steps=2600, target=4.00 orders, CFL 1 -> 100 over 5000 steps, inner iterations 3..80 (target ratio 1.00e-02)
  step       1  res  3.78967e+02  (- 0.00 orders)  cfl    1.000  inner    3 (ratio 3.10e-06)  cd  317.604780  cl   -0.000231  rej 0
           dominant residual: var rhou at (0.5273, 0.051134), cell volume 7.052e-08, boundary bc-4
  step     400  res  8.16818e+00  (- 1.67 orders)  cfl    1.444  inner    3 (ratio 6.05e-05)  cd    2.267304  cl    0.001084  rej 0
           dominant residual: var rhoE at (0.28798, 0.059975), cell volume 5.805e-08, boundary bc-4
  step     800  res  5.30945e+00  (- 1.85 orders)  cfl    2.087  inner    3 (ratio 3.44e-04)  cd    0.351874  cl   -0.002399  rej 0
           dominant residual: var rhoE at (0.28798, 0.059975), cell volume 5.805e-08, boundary bc-4
  step    1200  res  1.43266e+00  (- 2.42 orders)  cfl    3.017  inner    3 (ratio 6.26e-04)  cd    0.188489  cl    0.001096  rej 0
           dominant residual: var rhoE at (0.31155, 0.059976), cell volume 6.152e-08, boundary bc-4
  step    1600  res  2.55350e-01  (- 3.17 orders)  cfl    4.361  inner    3 (ratio 2.51e-03)  cd    0.106089  cl    0.000238  rej 0
           dominant residual: var rhoE at (0.45703, 0.055436), cell volume 7.024e-08, boundary bc-4
[cns2d] residual target of 4.00 orders reached at step 1923, but C_D is still moving by 5.030e-02 over the last 500 steps (tolerance 1.294e-04); continuing until the forces are stationary
  step    2000  res  2.19298e-02  (- 4.24 orders)  cfl    6.304  inner    3 (ratio 9.85e-03)  cd    0.074861  cl    0.000843  rej 0
           dominant residual: var rhoE at (0.78405, 0.027993), cell volume 8.234e-08, boundary no
  step    2400  res  1.55857e-02  (- 4.39 orders)  cfl    9.112  inner    5 (ratio 1.81e-03)  cd    0.062709  cl    0.000129  rej 0
           dominant residual: var rhoE at (0.28798, 0.059975), cell volume 5.805e-08, boundary bc-4
[cns2d] reached the step limit (2600) with the residual reduced by only 4.41 orders (target 4.00) and C_D = 0.059729 still moving by 1.094e-02 over the last 500 steps (tolerance 7.067e-05); this run is NOT a converged steady state; 0 step(s) rejected by the CFL safeguard
[cns2d] final state: residual 1.473866e-02, C_D = 0.059718 (pressure 0.017208 + viscous 0.042510), C_L = -0.000094, C_mz = 0.000018
[cns2d] run finished: status 'not_converged', 2600 steps, t = 0, 4.41 residual orders, 35.3 s wall time
[cns2d] notes: reached the step limit (2600) with the residual reduced by only 4.41 orders (target 4.00) and C_D = 0.059729 still moving by 1.094e-02 over the last 500 steps (tolerance 7.067e-05); this run is NOT a converged steady state; 0 step(s) rejected by the CFL safeguard
[cns2d][error][rank 0] the run did not complete successfully; results are marked failed
