 Runtime parameters:
   Objective type: METIS_OBJTYPE_CUT
   Coarsening type: METIS_CTYPE_SHEM
   Initial partitioning type: METIS_IPTYPE_METISRB
   Refinement type: METIS_RTYPE_GREEDY
   Perform a 2-hop matching: No
   Number of balancing constraints: 1
   Number of refinement iterations: 10
   Random number seed: 1
   Number of partitions: 8
   Number of cuts: 1
   User-supplied ufactor: 30
   Minimize connectivity: Yes
   Create contigous partitions: Yes
   Target partition weights: 
        0=[1.25e-01]   1=[1.25e-01]   2=[1.25e-01]   3=[1.25e-01]   4=[1.25e-01]
        5=[1.25e-01]   6=[1.25e-01]   7=[1.25e-01]
   Allowed maximum load imbalance: 1.030 


 gk_mcore statistics
           coresize:       333612         nmops:         2048  cmop:      0
        num_callocs:           39   num_hallocs:            0
       size_callocs:       597312  size_hallocs:            0
        cur_callocs:            0   cur_hallocs:            0
        max_callocs:       188128   max_hallocs:            0
 nbrpool statistics
        nbrpoolsize:            0   nbrpoolcpos:            0
    nbrpoolreallocs:            0


 gk_mcore statistics
           coresize:       333612         nmops:         2048  cmop:      0
        num_callocs:          128   num_hallocs:            3
       size_callocs:      1226608  size_hallocs:       249792
        cur_callocs:            0   cur_hallocs:            0
        max_callocs:       333184   max_hallocs:       249792
 nbrpool statistics
        nbrpoolsize:         8028   nbrpoolcpos:         5052
    nbrpoolreallocs:            2

case=naca0012_m080_inviscid mode=inviscid mesh_cells=20816 ranks=8
initial residual L2 = 4.416725e-04
step=1/2500 t=0.000 cfl=1.03 inner=50 res=1.907e-04 ratio=4.16e-01 Cd=0.204082 Cl=-0.000000
step=100/2500 t=0.000 cfl=4.30 inner=50 res=5.616e-03 ratio=4.06e-01 Cd=0.026966 Cl=0.015198
step=200/2500 t=0.000 cfl=7.60 inner=50 res=2.750e-03 ratio=5.57e-01 Cd=-0.003265 Cl=-0.004887
step=300/2500 t=0.000 cfl=10.90 inner=50 res=9.095e-03 ratio=3.57e-01 Cd=0.007267 Cl=0.034973
step=400/2500 t=0.000 cfl=14.20 inner=50 res=2.424e-02 ratio=4.18e-01 Cd=0.027329 Cl=-0.109579
step=500/2500 t=0.000 cfl=17.50 inner=50 res=2.837e-02 ratio=3.14e-01 Cd=0.000685 Cl=0.061060
step=600/2500 t=0.000 cfl=20.80 inner=50 res=2.458e-02 ratio=4.07e-01 Cd=0.013469 Cl=0.057710
step=700/2500 t=0.000 cfl=24.10 inner=50 res=2.258e-02 ratio=4.17e-01 Cd=0.022164 Cl=-0.055649
step=800/2500 t=0.000 cfl=27.40 inner=50 res=2.938e-02 ratio=3.55e-01 Cd=0.017638 Cl=0.032510
step=900/2500 t=0.000 cfl=30.70 inner=50 res=1.022e-06 ratio=9.52e-01 Cd=0.013882 Cl=0.022009
step=1000/2500 t=0.000 cfl=34.00 inner=50 res=1.653e-07 ratio=9.93e-01 Cd=0.013943 Cl=0.022699
step=1100/2500 t=0.000 cfl=37.30 inner=50 res=5.635e-08 ratio=9.94e-01 Cd=0.013949 Cl=0.023571
step=1200/2500 t=0.000 cfl=40.60 inner=50 res=3.202e-07 ratio=1.01e+00 Cd=0.013951 Cl=0.023464
step=1300/2500 t=0.000 cfl=43.90 inner=50 res=3.241e-07 ratio=1.00e+00 Cd=0.013953 Cl=0.023457
step=1400/2500 t=0.000 cfl=47.20 inner=50 res=3.606e-07 ratio=1.00e+00 Cd=0.013955 Cl=0.023487
step=1500/2500 t=0.000 cfl=50.50 inner=50 res=3.919e-07 ratio=1.00e+00 Cd=0.013956 Cl=0.023512
status=converged wall_time=860.6s final_step=1502
