Authorization required, but no authorization protocol specified

Authorization required, but no authorization protocol specified

Authorization required, but no authorization protocol specified

Authorization required, but no authorization protocol specified

Authorization required, but no authorization protocol specified

Authorization required, but no authorization protocol specified

Authorization required, but no authorization protocol specified

Authorization required, but no authorization protocol specified

Authorization required, but no authorization protocol specified

Authorization required, but no authorization protocol specified

--------------------------------------------------------------------------
At least one pair of MPI processes are unable to reach each other for
MPI communications.  This means that no Open MPI device has indicated
that it can be used to communicate between these processes.  This is
an error; Open MPI requires that all MPI processes be able to reach
each other.  This error can sometimes be the result of forgetting to
specify the "self" BTL.

  Process 1 ([[65339,1],0]) is on host: gpu704
  Process 2 ([[65339,1],1]) is on host: unknown!
  BTLs attempted: self

Your MPI job is now going to abort; sorry.
--------------------------------------------------------------------------
--------------------------------------------------------------------------
MPI_INIT has failed because at least one MPI process is unreachable
from another.  This *usually* means that an underlying communication
plugin -- such as a BTL or an MTL -- has either not loaded or not
allowed itself to be used.  Your MPI job will now abort.

You may wish to try to narrow down the problem;

 * Check the output of ompi_info to see which BTL/MTL plugins are
   available.
 * Run your application with MPI_THREAD_SINGLE.
 * Set the MCA parameter btl_base_verbose to 100 (or mtl_base_verbose,
   if using MTL-based communications) to see exactly which
   communication plugins were considered and/or discarded.
--------------------------------------------------------------------------
[gpu704:54743] *** An error occurred in MPI_Init
[gpu704:54743] *** reported by process [4282056705,0]
[gpu704:54743] *** on a NULL communicator
[gpu704:54743] *** Unknown error
[gpu704:54743] *** MPI_ERRORS_ARE_FATAL (processes in this communicator will now abort,
[gpu704:54743] ***    and potentially your MPI job)
[gpu704:54719] 7 more processes have sent help message help-mca-bml-r2.txt / unreachable proc
[gpu704:54719] Set MCA parameter "orte_base_help_aggregate" to 0 to see all help / error messages
[gpu704:54719] 7 more processes have sent help message help-mpi-runtime.txt / mpi_init:startup:pml-add-procs-fail
[gpu704:54719] 7 more processes have sent help message help-mpi-errors.txt / mpi_errors_are_fatal unknown handle
