[cns2d] cns2d 1.0.0 (git 26ef1cb80b86)
[cns2d] command: ./build/cns2d solve --case scratch/dbg_cyl_ramp50.json --output scratch/audit_ramp50 --max-steps 1500 --log-every 100
[cns2d] case: dbg_cyl_ramp50 -- Circular cylinder, Mach 0.1, laminar, Re 20
[cns2d] case file: /workspace/solver/scratch/dbg_cyl_ramp50.json
[cns2d] mesh file: /workspace/cfd_solver_agentic_benchmark/inputs/meshes/CylinderB1.cgns
[cns2d] MPI ranks: 1
[cns2d] boundary family 'FAR' -> farfield
[cns2d] boundary family 'WALL' -> slip_wall
[cns2d] CGNS mesh '/workspace/cfd_solver_agentic_benchmark/inputs/meshes/CylinderB1.cgns': base 'Base' (cell dim 2, phys dim 2), 2 zone(s)
  zone 'dom-1': 7079 nodes, 6901 cells
    section 'TriElements': TRI_3 x 64 (elements 1..64)
    section 'QuadElements': QUAD_4 x 6837 (elements 65..6901)
    section 'WALL': BAR_2 x 100 (elements 6902..7001)
    section 'con-2': BAR_2 x 20 (elements 7002..7021)
    section 'con-3': BAR_2 x 120 (elements 7022..7141)
    section 'con-4': BAR_2 x 40 (elements 7142..7181)
    section 'con-5': BAR_2 x 120 (elements 7182..7301)
    section 'con-6': BAR_2 x 20 (elements 7302..7321)
    BC 'WALL' family 'WALL' location 'EdgeCenter' pset 'PointRange' range 6902..7001
    connectivity '1to1Connection:con-2' (Abutting1to1, Vertex) -> zone 'dom-2', 21 matched nodes
    connectivity '1to1Connection:con-3' (Abutting1to1, Vertex) -> zone 'dom-2', 121 matched nodes
    connectivity '1to1Connection:con-4' (Abutting1to1, Vertex) -> zone 'dom-2', 41 matched nodes
    connectivity '1to1Connection:con-5' (Abutting1to1, Vertex) -> zone 'dom-2', 121 matched nodes
    connectivity '1to1Connection:con-6' (Abutting1to1, Vertex) -> zone 'dom-2', 21 matched nodes
  zone 'dom-2': 3236 nodes, 3284 cells
    section 'TriElements': TRI_3 x 436 (elements 1..436)
    section 'QuadElements': QUAD_4 x 2848 (elements 437..3284)
    section 'FAR': BAR_2 x 20 (elements 3285..3304)
    section 'con-2': BAR_2 x 20 (elements 3305..3324)
    section 'con-3': BAR_2 x 120 (elements 3325..3444)
    section 'con-4': BAR_2 x 40 (elements 3445..3484)
    section 'con-5': BAR_2 x 120 (elements 3485..3604)
    section 'con-6': BAR_2 x 20 (elements 3605..3624)
    BC 'FAR' family 'FAR' location 'EdgeCenter' pset 'PointRange' range 3285..3304
    connectivity '1to1Connection:con-2' (Abutting1to1, Vertex) -> zone 'dom-1', 21 matched nodes
    connectivity '1to1Connection:con-3' (Abutting1to1, Vertex) -> zone 'dom-1', 121 matched nodes
    connectivity '1to1Connection:con-4' (Abutting1to1, Vertex) -> zone 'dom-1', 41 matched nodes
    connectivity '1to1Connection:con-5' (Abutting1to1, Vertex) -> zone 'dom-1', 121 matched nodes
    connectivity '1to1Connection:con-6' (Abutting1to1, Vertex) -> zone 'dom-1', 21 matched nodes
[cns2d] global mesh: 9995 nodes (320 zone-interface node pairs fused, max merge distance 0), 10185 cells (500 tri, 9685 quad), 20180 faces (20060 interior, 120 boundary)
  boundary families: 'WALL' (100 faces) 'FAR' (20 faces)
[cns2d] partitioning: metis_kway_single_part into 1 part(s), edge cut 0
[cns2d] physics: inviscid (viscosity and heat conduction identically zero)
[cns2d] rank 0/1: 10185 owned cells, 0 ghost cells, 20180 faces, 120 boundary faces, 0 neighbour rank(s)
[cns2d] partitioner: metis_kway_single_part, global edge cut 0
[cns2d] numerics: roe inviscid flux (harten_hyman_entropy_fix), piecewise-linear least-squares reconstruction, venkatakrishnan limiter, lu_sgs_simplified_jacobian, viscous terms disabled
[cns2d] initial state set to freestream: rho=1 u=1 v=0 p=71.4286 (M=0.1)
[cns2d][warn] mesh verification: uniform-flow residual on interior-only cells is 2.123e-11 (expected < 1e-12); the interior scheme does not preserve a uniform state exactly
[cns2d] mesh verification: face-closure error 1.020e-16, volume-closure error 4.757e-13, total area 123606.0129 (boundary integral 123606.0129, mismatch 1.413e-15), linear-gradient error 3.137e-13, conservation defect 9.173e-17, uniform-flow residual 2.123e-11 on 9945 interior-only cells -- CHECK
[cns2d] initial state set to freestream: rho=1 u=1 v=0 p=71.4286 (M=0.1)
[cns2d] steady run: max_steps=1500, target=5.00 orders, CFL 1 -> 50 over 200 steps, inner iterations 3..80 (target ratio 1.00e-02)
  step       1  res  1.99650e+01  (- 0.00 orders)  cfl    1.000  inner    3 (ratio 1.85e-05)  cd    0.000000  cl    0.000000  rej 0
           dominant residual: var rhoE at (0.50051, -0.015729), cell volume 6.295e-05, boundary WALL
  step     100  res  7.49086e-01  (- 1.43 orders)  cfl    6.934  inner    5 (ratio 2.85e-03)  cd   -7.136775  cl    0.006712  rej 0
           dominant residual: var rhoE at (0.49853, -0.047125), cell volume 6.295e-05, boundary WALL
  step     200  res  1.16793e-01  (- 2.23 orders)  cfl   11.402  inner    5 (ratio 8.71e-03)  cd    0.613671  cl   -0.001832  rej 2
           dominant residual: var rhoE at (-0.49459, -0.078335), cell volume 6.295e-05, boundary WALL
  step     300  res  2.87732e-02  (- 2.84 orders)  cfl    8.663  inner    5 (ratio 4.15e-03)  cd   -0.116311  cl   -0.003936  rej 5
           dominant residual: var rhoE at (-0.49853, 0.047125), cell volume 6.295e-05, boundary WALL
  step     400  res  2.61276e-03  (- 3.88 orders)  cfl    8.637  inner    7 (ratio 4.37e-03)  cd    0.208501  cl   -0.000556  rej 8
           dominant residual: var rhoE at (0.43102, 0.2549), cell volume 6.295e-05, boundary WALL
  step     500  res  1.74028e-03  (- 4.06 orders)  cfl   50.000  inner   17 (ratio 9.76e-03)  cd    0.168232  cl    0.000600  rej 9
           dominant residual: var rhoE at (-0.10924, 0.48869), cell volume 6.295e-05, boundary WALL
  step     600  res  9.29760e-04  (- 4.33 orders)  cfl   50.000  inner   15 (ratio 8.94e-03)  cd    0.157212  cl   -0.001133  rej 9
           dominant residual: var rhoE at (0.23726, -0.46564), cell volume 1.962e-04, boundary no
  step     700  res  7.68632e-04  (- 4.41 orders)  cfl   50.000  inner   15 (ratio 6.86e-03)  cd    0.167814  cl    0.004814  rej 9
           dominant residual: var rhoE at (0.33436, 0.37925), cell volume 9.152e-05, boundary no
  step     800  res  6.99401e-04  (- 4.46 orders)  cfl   50.000  inner   15 (ratio 8.71e-03)  cd    0.171002  cl    0.006934  rej 9
           dominant residual: var rhoE at (0.38163, 0.33645), cell volume 1.105e-04, boundary no
  step     900  res  5.45426e-04  (- 4.56 orders)  cfl   50.000  inner   19 (ratio 7.28e-03)  cd    0.167337  cl    0.010643  rej 9
           dominant residual: var rhoE at (0.17126, -0.4757), cell volume 9.152e-05, boundary no
  step    1000  res  5.69729e-04  (- 4.54 orders)  cfl   50.000  inner   19 (ratio 8.59e-03)  cd    0.155288  cl    0.012687  rej 9
           dominant residual: var rhoE at (0.35564, 0.35564), cell volume 7.587e-05, boundary no
  step    1100  res  5.14989e-04  (- 4.59 orders)  cfl   50.000  inner   21 (ratio 7.31e-03)  cd    0.140182  cl    0.013053  rej 9
           dominant residual: var rhoE at (0.2008, 0.46401), cell volume 9.152e-05, boundary no
  step    1200  res  5.00991e-04  (- 4.60 orders)  cfl   50.000  inner   21 (ratio 7.76e-03)  cd    0.126315  cl    0.010934  rej 9
           dominant residual: var rhou at (0.2549, 0.43102), cell volume 6.295e-05, boundary WALL
  step    1300  res  4.80476e-04  (- 4.62 orders)  cfl   50.000  inner   21 (ratio 7.69e-03)  cd    0.114802  cl    0.006834  rej 9
           dominant residual: var rhoE at (0.22954, 0.45049), cell volume 9.152e-05, boundary no
  step    1400  res  4.46306e-04  (- 4.65 orders)  cfl   50.000  inner   21 (ratio 8.11e-03)  cd    0.105734  cl    0.000256  rej 9
           dominant residual: var rhoE at (0.22834, 0.44814), cell volume 7.587e-05, boundary no
  step    1500  res  3.75760e-04  (- 4.73 orders)  cfl   50.000  inner   21 (ratio 8.84e-03)  cd    0.098912  cl   -0.002958  rej 9
           dominant residual: var rhou at (0.30692, 0.39567), cell volume 6.295e-05, boundary WALL
[cns2d] final state: residual 3.803764e-04, C_D = 0.098844 (pressure 0.098844 + viscous 0.000000), C_L = -0.002989, C_mz = 0.000000
[cns2d] run finished: status 'converged', 1500 steps, t = 0, 4.72 residual orders, 294.9 s wall time
[cns2d] notes: reached the step limit (1500) with the residual reduced by 4.73 orders (target 5.00); forces stable, treated as a converged plateau; 9 step(s) rejected by the CFL safeguard
