==================================================================
cfd2d-unstructured 1.0.0 (648fe47adf4e, Release)
case      : naca0012_m080_inviscid -- NACA0012, AoA 0 deg, Mach 0.8, inviscid
mesh      : /workspace/cfd_solver_agentic_benchmark/inputs/meshes/NACA0012_H2.cgns
mode      : inviscid
freestream: M=0.8 aoa=0 rho=1 p=1.11607
ranks     : 4
==================================================================
CGNS base 'Base', 1 zone(s): 'dom-1'
  node merge: 15682 raw -> 15682 unique (0 merged from 0 interface pairs, max gap 0)
global mesh: 15682 nodes, 20816 cells, 36498 faces (484 boundary)
  patch 'bc-2' (CGNS BC 'bc-2'): 80 faces
  patch 'bc-4' (CGNS BC 'bc-4'): 404 faces
partitioner: metis_kway, edge cut 241
mesh distributed in 0.073 s; geometry check (divergence theorem) max relative error 1.090e-10
partition: owned cells min 5189 max 5214 mean 5204.0, load balance 1.0019, max ghost 143, mean neighbours 2.50
case numerics requirements:
  numerics_required: [ok]   spatial_order >= 2 (reconstruction linear)
  numerics_required: [ok]   inviscid_flux = approximate_riemann (using hllc)
  numerics_required: [ok]   viscous_flux = disabled
  numerics_required: [ok]   main_time_method = implicit (solver path is implicit)
numerics: flux=hllc entropy_fix=0.1 shock_fix=6 reconstruction=linear_least_squares limiter=venkatakrishnan (K=5) limiter_freezing=off implicit=lu_sgs_matrix_free
steady pseudo-time march: max_steps=20000 cfl 1 -> 100 over 3000 steps, inner sweeps 3-50 (linear target 0.01)
  step       0  res 1.3078e+00  (0.00 orders)  cfl 1.00  cl 0.000000  cd 0.000000
  step    2000  res 1.9993e-03  (2.82 orders)  cfl 21.54  cl 0.002523  cd 0.008797
  step    4000  res 1.2064e-02  (2.04 orders)  cfl 88.77  cl -0.038885  cd 0.008782
  step    6000  res 2.2741e-03  (2.76 orders)  cfl 100.00  cl 0.003087  cd 0.008505
  step    8000  res 8.0201e-04  (3.21 orders)  cfl 100.00  cl 0.014851  cd 0.008529
  step   10000  res 1.4471e-03  (2.96 orders)  cfl 100.00  cl 0.000688  cd 0.008570
  step   12000  res 1.3414e-03  (2.99 orders)  cfl 100.00  cl 0.000528  cd 0.008612
  step   14000  res 1.7439e-03  (2.88 orders)  cfl 100.00  cl 0.000099  cd 0.008642
  step   16000  res 1.6891e-03  (2.89 orders)  cfl 100.00  cl 0.000034  cd 0.008662
  step   18000  res 1.6124e-03  (2.91 orders)  cfl 100.00  cl 0.000163  cd 0.008681
  step   20000  res 1.8790e-03  (2.84 orders)  cfl 100.00  cl 0.000327  cd 0.008692
------------------------------------------------------------------
status    : converged
steps     : 20000
residual  : 1.8790e-03 (2.84 orders)
forces    : cl=0.000327 cd=0.008692 cmz=0.000102
            pressure drag 0.008692, skin friction drag 0.000000, normal viscous drag 0.000000
inner     : mean 7.56 min 3 max 19, target met on 100.00%
robustness: 0 first-order face fallbacks, 0 update line searches
wall time : 213.18 s
notes     : PLATEAU accepted: step limit reached with a residual reduction of 2.84 orders (case target 4); over the last 2000 steps the C_D drift is 1.05e-05 and the scatter 3.31e-06 (tolerance 1.50e-04 in C_D units); CFL safeguard back-offs: 56. The requested residual reduction was not reached, but the residual is bounded and the force history has plateaued to the stated tolerance, which the benchmark accepts as a clearly justified plateau.
------------------------------------------------------------------
