[cns2d] cns2d 1.0.0 (git 97f37254d00c)
[cns2d] command: /workspace/solver/scratch/sensitivity/bin/cns2d_floor005 solve --case /workspace/solver/scratch/dbg_cyl_inviscid.json --output /workspace/solver/scratch/sensitivity/runs/inv_floor005 --log-every 500 --max-steps 6000
[cns2d] case: dbg_cyl_inviscid -- Circular cylinder, Mach 0.1, laminar, Re 20
[cns2d] case file: /workspace/solver/scratch/dbg_cyl_inviscid.json
[cns2d] mesh file: /workspace/cfd_solver_agentic_benchmark/inputs/meshes/CylinderB1.cgns
[cns2d] MPI ranks: 4
[cns2d] boundary family 'FAR' -> farfield
[cns2d] boundary family 'WALL' -> slip_wall
[cns2d] CGNS mesh '/workspace/cfd_solver_agentic_benchmark/inputs/meshes/CylinderB1.cgns': base 'Base' (cell dim 2, phys dim 2), 2 zone(s)
  zone 'dom-1': 7079 nodes, 6901 cells
    section 'TriElements': TRI_3 x 64 (elements 1..64)
    section 'QuadElements': QUAD_4 x 6837 (elements 65..6901)
    section 'WALL': BAR_2 x 100 (elements 6902..7001)
    section 'con-2': BAR_2 x 20 (elements 7002..7021)
    section 'con-3': BAR_2 x 120 (elements 7022..7141)
    section 'con-4': BAR_2 x 40 (elements 7142..7181)
    section 'con-5': BAR_2 x 120 (elements 7182..7301)
    section 'con-6': BAR_2 x 20 (elements 7302..7321)
    BC 'WALL' family 'WALL' location 'EdgeCenter' pset 'PointRange' range 6902..7001
    connectivity '1to1Connection:con-2' (Abutting1to1, Vertex) -> zone 'dom-2', 21 matched nodes
    connectivity '1to1Connection:con-3' (Abutting1to1, Vertex) -> zone 'dom-2', 121 matched nodes
    connectivity '1to1Connection:con-4' (Abutting1to1, Vertex) -> zone 'dom-2', 41 matched nodes
    connectivity '1to1Connection:con-5' (Abutting1to1, Vertex) -> zone 'dom-2', 121 matched nodes
    connectivity '1to1Connection:con-6' (Abutting1to1, Vertex) -> zone 'dom-2', 21 matched nodes
  zone 'dom-2': 3236 nodes, 3284 cells
    section 'TriElements': TRI_3 x 436 (elements 1..436)
    section 'QuadElements': QUAD_4 x 2848 (elements 437..3284)
    section 'FAR': BAR_2 x 20 (elements 3285..3304)
    section 'con-2': BAR_2 x 20 (elements 3305..3324)
    section 'con-3': BAR_2 x 120 (elements 3325..3444)
    section 'con-4': BAR_2 x 40 (elements 3445..3484)
    section 'con-5': BAR_2 x 120 (elements 3485..3604)
    section 'con-6': BAR_2 x 20 (elements 3605..3624)
    BC 'FAR' family 'FAR' location 'EdgeCenter' pset 'PointRange' range 3285..3304
    connectivity '1to1Connection:con-2' (Abutting1to1, Vertex) -> zone 'dom-1', 21 matched nodes
    connectivity '1to1Connection:con-3' (Abutting1to1, Vertex) -> zone 'dom-1', 121 matched nodes
    connectivity '1to1Connection:con-4' (Abutting1to1, Vertex) -> zone 'dom-1', 41 matched nodes
    connectivity '1to1Connection:con-5' (Abutting1to1, Vertex) -> zone 'dom-1', 121 matched nodes
    connectivity '1to1Connection:con-6' (Abutting1to1, Vertex) -> zone 'dom-1', 21 matched nodes
[cns2d] global mesh: 9995 nodes (320 zone-interface node pairs fused, max merge distance 0), 10185 cells (500 tri, 9685 quad), 20180 faces (20060 interior, 120 boundary)
  boundary families: 'WALL' (100 faces) 'FAR' (20 faces)
[cns2d] partitioning: metis_kway into 4 part(s), edge cut 282
[cns2d] physics: inviscid (viscosity and heat conduction identically zero)
[cns2d] rank 0/4: 2544 owned cells, 149 ghost cells, 5129 faces, 46 boundary faces, 3 neighbour rank(s)
[cns2d] partitioner: metis_kway, global edge cut 282
[cns2d] numerics: roe inviscid flux (harten_hyman_entropy_fix), piecewise-linear least-squares reconstruction, venkatakrishnan limiter, lu_sgs_simplified_jacobian, viscous terms disabled
[cns2d] initial state set to freestream: rho=1 u=1 v=0 p=71.4286 (M=0.1)
[cns2d][warn] mesh verification: uniform-flow residual on interior-only cells is 2.123e-11 (expected < 1e-12); the interior scheme does not preserve a uniform state exactly
[cns2d] mesh verification: face-closure error 1.020e-16, volume-closure error 4.757e-13, total area 123606.0129 (boundary integral 123606.0129, mismatch 2.355e-16), linear-gradient error 3.137e-13, conservation defect 1.271e-16, uniform-flow residual 2.123e-11 on 9945 interior-only cells -- CHECK
[cns2d] initial state set to freestream: rho=1 u=1 v=0 p=71.4286 (M=0.1)
[cns2d] steady run: max_steps=6000, target=5.00 orders, CFL 0.5 -> 0.5 over 0 steps, inner iterations 3..80 (target ratio 1.00e-02)
  step       1  res  1.99650e+01  (- 0.00 orders)  cfl    0.500  inner    3 (ratio 9.70e-07)  cd    0.000000  cl    0.000000  rej 0
           dominant residual: var rhoE at (0.50051, -0.015729), cell volume 6.295e-05, boundary WALL
  step     500  res  8.18028e-01  (- 1.39 orders)  cfl    0.500  inner    3 (ratio 2.13e-06)  cd  -11.723609  cl   -0.005714  rej 0
           dominant residual: var rhoE at (0.50051, 0.015729), cell volume 6.295e-05, boundary WALL
  step    1000  res  8.98834e-01  (- 1.35 orders)  cfl    0.500  inner    3 (ratio 2.61e-06)  cd   10.398163  cl    0.095802  rej 0
           dominant residual: var rhoE at (0.015729, -0.50051), cell volume 6.295e-05, boundary WALL
  step    1500  res  9.43966e-01  (- 1.33 orders)  cfl    0.500  inner    3 (ratio 2.53e-06)  cd    3.678876  cl    0.176515  rej 0
           dominant residual: var rhoE at (-0.16962, -0.47115), cell volume 6.295e-05, boundary WALL
  step    2000  res  6.40211e-01  (- 1.49 orders)  cfl    0.500  inner    3 (ratio 2.75e-06)  cd   -6.722240  cl    0.049099  rej 0
           dominant residual: var rhoE at (0.50051, 0.015729), cell volume 6.295e-05, boundary WALL
  step    2500  res  7.21577e-01  (- 1.44 orders)  cfl    0.500  inner    3 (ratio 2.44e-06)  cd    3.799068  cl   -0.072593  rej 0
           dominant residual: var rhoE at (0.37562, -0.33115), cell volume 6.295e-05, boundary WALL
  step    3000  res  8.19414e-01  (- 1.39 orders)  cfl    0.500  inner    3 (ratio 2.06e-06)  cd   -5.866850  cl   -0.197378  rej 0
           dominant residual: var rhoE at (-0.10924, -0.48869), cell volume 6.295e-05, boundary WALL
  step    3500  res  8.92512e-01  (- 1.35 orders)  cfl    0.500  inner    3 (ratio 2.12e-06)  cd   -1.710496  cl    0.099033  rej 0
           dominant residual: var rhoE at (-0.44618, -0.22734), cell volume 6.295e-05, boundary WALL
  step    4000  res  2.45820e-01  (- 1.91 orders)  cfl    0.500  inner    3 (ratio 6.21e-06)  cd   13.167923  cl    0.276134  rej 0
           dominant residual: var rhoE at (-0.16962, -0.47115), cell volume 6.295e-05, boundary WALL
  step    4500  res  8.68046e-01  (- 1.36 orders)  cfl    0.500  inner    3 (ratio 2.64e-06)  cd   -7.125849  cl   -0.090951  rej 0
           dominant residual: var rhoE at (-0.22734, -0.44618), cell volume 6.295e-05, boundary WALL
  step    5000  res  6.97640e-01  (- 1.46 orders)  cfl    0.500  inner    3 (ratio 1.70e-06)  cd   -8.906530  cl   -0.088731  rej 0
           dominant residual: var rhoE at (-0.44618, -0.22734), cell volume 6.295e-05, boundary WALL
  step    5500  res  3.69041e-01  (- 1.73 orders)  cfl    0.500  inner    3 (ratio 2.60e-06)  cd    7.675857  cl    0.061199  rej 0
           dominant residual: var rhoE at (0.48869, -0.10924), cell volume 6.295e-05, boundary WALL
  step    6000  res  4.09193e-01  (- 1.69 orders)  cfl    0.500  inner    3 (ratio 5.07e-06)  cd   -3.439925  cl   -0.185767  rej 0
           dominant residual: var rhoE at (-0.22734, -0.44618), cell volume 6.295e-05, boundary WALL
[cns2d] reached the step limit (6000) with the residual reduced by only 1.69 orders (target 5.00) and C_D = -3.439925 still moving by 1.313e+01 over the last 500 steps (tolerance 7.646e-03); this run is NOT a converged steady state; 0 step(s) rejected by the CFL safeguard
[cns2d] final state: residual 4.107612e-01, C_D = -3.412312 (pressure -3.412312 + viscous 0.000000), C_L = -0.183157, C_mz = -0.000000
[cns2d] run finished: status 'not_converged', 6000 steps, t = 0, 1.69 residual orders, 86.3 s wall time
[cns2d] notes: reached the step limit (6000) with the residual reduced by only 1.69 orders (target 5.00) and C_D = -3.439925 still moving by 1.313e+01 over the last 500 steps (tolerance 7.646e-03); this run is NOT a converged steady state; 0 step(s) rejected by the CFL safeguard
[cns2d][error][rank 0] the run did not complete successfully; results are marked failed
