[cns2d] cns2d 1.0.0 (git 26ef1cb80b86)
[cns2d] command: ./build/cns2d solve --case ../cfd_solver_agentic_benchmark/inputs/cases/naca0012_m015_inviscid.json --output scratch/o_fix --max-steps 4000 --log-every 250
[cns2d] case: naca0012_m015_inviscid -- NACA0012, AoA 0 deg, Mach 0.15, inviscid
[cns2d] case file: /workspace/cfd_solver_agentic_benchmark/inputs/cases/naca0012_m015_inviscid.json
[cns2d] mesh file: /workspace/cfd_solver_agentic_benchmark/inputs/meshes/NACA0012_H2.cgns
[cns2d] MPI ranks: 1
[cns2d] boundary family 'bc-2' -> farfield
[cns2d] boundary family 'bc-4' -> slip_wall
[cns2d] CGNS mesh '/workspace/cfd_solver_agentic_benchmark/inputs/meshes/NACA0012_H2.cgns': base 'Base' (cell dim 2, phys dim 3), 1 zone(s)
  zone 'dom-1': 15682 nodes, 20816 cells
    section 'TriElements': TRI_3 x 10752 (elements 1..10752)
    section 'QuadElements': QUAD_4 x 10064 (elements 10753..20816)
    section 'bc-2': BAR_2 x 80 (elements 20817..20896)
    section 'bc-4': BAR_2 x 404 (elements 20897..21300)
    BC 'bc-2' family 'bc-2' location 'EdgeCenter' pset 'PointRange' range 20817..20896
    BC 'bc-4' family 'bc-4' location 'EdgeCenter' pset 'PointRange' range 20897..21300
[cns2d] global mesh: 15682 nodes (0 zone-interface node pairs fused, max merge distance 0), 20816 cells (10752 tri, 10064 quad), 36498 faces (36014 interior, 484 boundary)
  boundary families: 'bc-2' (80 faces) 'bc-4' (404 faces)
[cns2d] partitioning: metis_kway_single_part into 1 part(s), edge cut 0
[cns2d] physics: inviscid (viscosity and heat conduction identically zero)
[cns2d] rank 0/1: 20816 owned cells, 0 ghost cells, 36498 faces, 484 boundary faces, 0 neighbour rank(s)
[cns2d] partitioner: metis_kway_single_part, global edge cut 0
[cns2d] numerics: roe inviscid flux (harten_hyman_entropy_fix), piecewise-linear least-squares reconstruction, venkatakrishnan limiter, lu_sgs_simplified_jacobian, viscous terms disabled
[cns2d] initial state set to freestream: rho=1 u=1 v=0 p=31.746 (M=0.15)
[cns2d][warn] mesh verification: uniform-flow residual on interior-only cells is 5.145e-09 (expected < 1e-12); the interior scheme does not preserve a uniform state exactly
[cns2d] mesh verification: face-closure error 1.025e-16, volume-closure error 1.090e-10, total area 20085.4463 (boundary integral 20085.4463, mismatch 1.051e-14), linear-gradient error 1.428e-10, conservation defect 3.921e-03, uniform-flow residual 5.145e-09 on 19848 interior-only cells -- CHECK
[cns2d] initial state set to freestream: rho=1 u=1 v=0 p=31.746 (M=0.15)
[cns2d] steady run: max_steps=4000, target=4.00 orders, CFL 1 -> 100 over 2000 steps, inner iterations 3..50 (target ratio 1.00e-02)
  step       1  res  9.05057e+01  (- 0.00 orders)  cfl    1.000  inner    3 (ratio 1.93e-05)  cd    0.000000  cl    0.000000  rej 0
  step     250  res  4.02055e+00  (- 1.35 orders)  cfl    1.774  inner    3 (ratio 2.54e-04)  cd   -0.117089  cl    0.011504  rej 0
  step     500  res  3.03310e+00  (- 1.47 orders)  cfl    3.155  inner    3 (ratio 2.82e-03)  cd    0.062934  cl    0.020324  rej 0
  step     750  res  2.69495e+00  (- 1.53 orders)  cfl    5.610  inner    3 (ratio 4.01e-03)  cd   -0.015143  cl   -0.024156  rej 0
  step    1000  res  1.76970e+00  (- 1.71 orders)  cfl    9.977  inner    9 (ratio 6.06e-02)  cd    0.351427  cl   -0.028966  rej 0
  step    1250  res  2.08524e+00  (- 1.64 orders)  cfl   17.742  inner    9 (ratio 1.06e-01)  cd    0.054469  cl   -0.108392  rej 0
  step    1500  res  1.41476e+00  (- 1.81 orders)  cfl    4.879  inner    3 (ratio 5.34e-03)  cd    0.006085  cl    0.120475  rej 2
  step    1750  res  6.03010e-01  (- 2.18 orders)  cfl   56.105  inner    9 (ratio 2.40e-01)  cd    0.130427  cl   -0.117962  rej 2
  step    2000  res  5.16365e-01  (- 2.24 orders)  cfl   99.770  inner    9 (ratio 2.77e-01)  cd   -0.083191  cl    0.127771  rej 4
  step    2250  res  6.16438e-01  (- 2.17 orders)  cfl  100.000  inner    9 (ratio 2.19e-01)  cd   -0.012551  cl    0.083135  rej 4
  step    2500  res  2.78504e-01  (- 2.51 orders)  cfl  100.000  inner    9 (ratio 1.47e-01)  cd    0.028416  cl   -0.040471  rej 4
  step    2750  res  1.31828e-01  (- 2.84 orders)  cfl  100.000  inner    9 (ratio 3.10e-01)  cd    0.028872  cl   -0.073965  rej 4
  step    3000  res  2.03167e-01  (- 2.65 orders)  cfl  100.000  inner    9 (ratio 2.33e-01)  cd    0.010939  cl   -0.023704  rej 4
  step    3250  res  1.21851e-01  (- 2.87 orders)  cfl  100.000  inner    9 (ratio 1.74e-01)  cd   -0.004283  cl    0.022616  rej 4
  step    3500  res  3.29760e-02  (- 3.44 orders)  cfl  100.000  inner    9 (ratio 2.90e-01)  cd   -0.008451  cl    0.026487  rej 4
  step    3750  res  6.19196e-02  (- 3.16 orders)  cfl  100.000  inner    9 (ratio 2.51e-01)  cd   -0.004547  cl    0.008057  rej 4
  step    4000  res  5.04917e-02  (- 3.25 orders)  cfl  100.000  inner    9 (ratio 2.01e-01)  cd    0.000937  cl   -0.005342  rej 4
[cns2d] final state: residual 4.826308e-02, C_D = 0.001570 (pressure 0.001570 + viscous 0.000000), C_L = -0.006547, C_mz = -0.002691
[cns2d] run finished: status 'converged', 4000 steps, t = 0, 3.27 residual orders, 226.6 s wall time
[cns2d] notes: reached the step limit (4000) with the residual reduced by 3.25 orders (target 4.00); forces stable, treated as a converged plateau; 4 step(s) rejected by the CFL safeguard
