Authorization required, but no authorization protocol specified

Authorization required, but no authorization protocol specified

Authorization required, but no authorization protocol specified

Authorization required, but no authorization protocol specified

Authorization required, but no authorization protocol specified

Authorization required, but no authorization protocol specified

[cns2d] cns2d 1.0.0 (git cc42ab4facfd)
[cns2d] command: /workspace/solver/build/cns2d solve --case /workspace/cfd_solver_agentic_benchmark/inputs/cases/cylinder_m010_laminar_re200.json --output /workspace/solver/results/cylinder_m010_laminar_re200 --log-every 250
[cns2d] case: cylinder_m010_laminar_re200 -- Circular cylinder, Mach 0.1, laminar, Re 200, unsteady vortex shedding
[cns2d] case file: /workspace/cfd_solver_agentic_benchmark/inputs/cases/cylinder_m010_laminar_re200.json
[cns2d] mesh file: /workspace/cfd_solver_agentic_benchmark/inputs/meshes/CylinderB1.cgns
[cns2d] MPI ranks: 4
[cns2d] boundary family 'FAR' -> farfield
[cns2d] boundary family 'WALL' -> no_slip_adiabatic_wall
[cns2d] CGNS mesh '/workspace/cfd_solver_agentic_benchmark/inputs/meshes/CylinderB1.cgns': base 'Base' (cell dim 2, phys dim 2), 2 zone(s)
  zone 'dom-1': 7079 nodes, 6901 cells
    section 'TriElements': TRI_3 x 64 (elements 1..64)
    section 'QuadElements': QUAD_4 x 6837 (elements 65..6901)
    section 'WALL': BAR_2 x 100 (elements 6902..7001)
    section 'con-2': BAR_2 x 20 (elements 7002..7021)
    section 'con-3': BAR_2 x 120 (elements 7022..7141)
    section 'con-4': BAR_2 x 40 (elements 7142..7181)
    section 'con-5': BAR_2 x 120 (elements 7182..7301)
    section 'con-6': BAR_2 x 20 (elements 7302..7321)
    BC 'WALL' family 'WALL' location 'EdgeCenter' pset 'PointRange' range 6902..7001
    connectivity '1to1Connection:con-2' (Abutting1to1, Vertex) -> zone 'dom-2', 21 matched nodes
    connectivity '1to1Connection:con-3' (Abutting1to1, Vertex) -> zone 'dom-2', 121 matched nodes
    connectivity '1to1Connection:con-4' (Abutting1to1, Vertex) -> zone 'dom-2', 41 matched nodes
    connectivity '1to1Connection:con-5' (Abutting1to1, Vertex) -> zone 'dom-2', 121 matched nodes
    connectivity '1to1Connection:con-6' (Abutting1to1, Vertex) -> zone 'dom-2', 21 matched nodes
  zone 'dom-2': 3236 nodes, 3284 cells
    section 'TriElements': TRI_3 x 436 (elements 1..436)
    section 'QuadElements': QUAD_4 x 2848 (elements 437..3284)
    section 'FAR': BAR_2 x 20 (elements 3285..3304)
    section 'con-2': BAR_2 x 20 (elements 3305..3324)
    section 'con-3': BAR_2 x 120 (elements 3325..3444)
    section 'con-4': BAR_2 x 40 (elements 3445..3484)
    section 'con-5': BAR_2 x 120 (elements 3485..3604)
    section 'con-6': BAR_2 x 20 (elements 3605..3624)
    BC 'FAR' family 'FAR' location 'EdgeCenter' pset 'PointRange' range 3285..3304
    connectivity '1to1Connection:con-2' (Abutting1to1, Vertex) -> zone 'dom-1', 21 matched nodes
    connectivity '1to1Connection:con-3' (Abutting1to1, Vertex) -> zone 'dom-1', 121 matched nodes
    connectivity '1to1Connection:con-4' (Abutting1to1, Vertex) -> zone 'dom-1', 41 matched nodes
    connectivity '1to1Connection:con-5' (Abutting1to1, Vertex) -> zone 'dom-1', 121 matched nodes
    connectivity '1to1Connection:con-6' (Abutting1to1, Vertex) -> zone 'dom-1', 21 matched nodes
[cns2d] global mesh: 9995 nodes (320 zone-interface node pairs fused, max merge distance 0), 10185 cells (500 tri, 9685 quad), 20180 faces (20060 interior, 120 boundary)
  boundary families: 'WALL' (100 faces) 'FAR' (20 faces)
[cns2d] partitioning: metis_kway into 4 part(s), edge cut 282
[cns2d] physics: laminar, Re = 200, constant mu = 5.000000e-03 (rho_inf*U_inf*L_ref/Re), Pr = 0.72
[cns2d] rank 0/4: 2544 owned cells, 149 ghost cells, 5129 faces, 46 boundary faces, 3 neighbour rank(s)
[cns2d] partitioner: metis_kway, global edge cut 282
[cns2d] numerics: roe inviscid flux (harten_hyman_entropy_fix), piecewise-linear least-squares reconstruction, venkatakrishnan limiter, lu_sgs_simplified_jacobian, viscous terms enabled
[cns2d] initial state set to freestream: rho=1 u=1 v=0 p=71.4286 (M=0.1)
[cns2d][warn] mesh verification: uniform-flow residual on interior-only cells is 2.123e-11 (expected < 1e-12); the interior scheme does not preserve a uniform state exactly
[cns2d] mesh verification: face-closure error 1.020e-16, volume-closure error 4.757e-13, total area 123606.0129 (boundary integral 123606.0129, mismatch 2.355e-16), linear-gradient error 3.137e-13, conservation defect 5.731e-05, uniform-flow residual 2.123e-11 on 9945 interior-only cells -- CHECK
[cns2d] initial state set to freestream: rho=1 u=1 v=0 p=71.4286 (M=0.1)
[cns2d] transient run: dt=0.01, final_time=300 (30000 physical steps), inner iterations 5..1000, inner target 1.00e-03 on the total transient residual, pseudo-CFL 1 -> 1
  step      1  t     0.010  inner  131 (ratio 9.91e-04)  cd  30.931662  cl    0.000026
  step    250  t     2.500  inner  112 (ratio 9.82e-04)  cd   1.299946  cl   -0.002859
  step    500  t     5.000  inner  126 (ratio 9.92e-04)  cd   1.145600  cl    0.009254
  step    750  t     7.500  inner  127 (ratio 9.65e-04)  cd   1.072315  cl    0.001960
  step   1000  t    10.000  inner  122 (ratio 9.97e-04)  cd   1.027329  cl   -0.006273
  step   1250  t    12.500  inner  122 (ratio 9.65e-04)  cd   0.997054  cl    0.012991
  step   1500  t    15.000  inner  120 (ratio 9.82e-04)  cd   0.975449  cl    0.000739
  step   1750  t    17.500  inner  117 (ratio 9.83e-04)  cd   0.960140  cl   -0.022144
  step   2000  t    20.000  inner  123 (ratio 9.71e-04)  cd   0.949965  cl    0.030345
  step   2250  t    22.500  inner  107 (ratio 9.91e-04)  cd   0.948055  cl    0.016037
  step   2500  t    25.000  inner  112 (ratio 9.72e-04)  cd   0.963935  cl   -0.082660
  step   2750  t    27.500  inner  120 (ratio 9.77e-04)  cd   1.007598  cl    0.101779
  step   3000  t    30.000  inner  120 (ratio 9.77e-04)  cd   1.070093  cl   -0.036554
  step   3250  t    32.500  inner  116 (ratio 9.97e-04)  cd   1.118338  cl   -0.063497
  step   3500  t    35.000  inner  112 (ratio 9.97e-04)  cd   1.151611  cl    0.193653
  step   3750  t    37.500  inner  117 (ratio 9.65e-04)  cd   1.181095  cl   -0.315621
  step   4000  t    40.000  inner  125 (ratio 9.56e-04)  cd   1.205686  cl    0.415652
  step   4250  t    42.500  inner  132 (ratio 9.61e-04)  cd   1.218965  cl   -0.455780
  step   4500  t    45.000  inner  137 (ratio 9.88e-04)  cd   1.221830  cl    0.446965
  step   4750  t    47.500  inner  141 (ratio 9.71e-04)  cd   1.218888  cl   -0.382011
  step   5000  t    50.000  inner  143 (ratio 9.69e-04)  cd   1.216997  cl    0.284307
  step   5250  t    52.500  inner  143 (ratio 9.85e-04)  cd   1.218997  cl   -0.154147
  step   5500  t    55.000  inner  142 (ratio 9.60e-04)  cd   1.225900  cl    0.017795
  step   5750  t    57.500  inner  138 (ratio 9.70e-04)  cd   1.237978  cl    0.126435
  step   6000  t    60.000  inner  131 (ratio 9.91e-04)  cd   1.250548  cl   -0.253710
  step   6250  t    62.500  inner  124 (ratio 9.92e-04)  cd   1.262096  cl    0.369959
  step   6500  t    65.000  inner  124 (ratio 9.66e-04)  cd   1.268454  cl   -0.453575
  step   6750  t    67.500  inner  127 (ratio 9.93e-04)  cd   1.269292  cl    0.512402
  step   7000  t    70.000  inner  132 (ratio 9.89e-04)  cd   1.263281  cl   -0.529059
  step   7250  t    72.500  inner  137 (ratio 9.62e-04)  cd   1.253322  cl    0.513331
  step   7500  t    75.000  inner  140 (ratio 9.78e-04)  cd   1.240676  cl   -0.455008
  step   7750  t    77.500  inner  142 (ratio 9.95e-04)  cd   1.230736  cl    0.368331
  step   8000  t    80.000  inner  144 (ratio 9.58e-04)  cd   1.224677  cl   -0.249574
  step   8250  t    82.500  inner  143 (ratio 9.86e-04)  cd   1.225254  cl    0.119112
  step   8500  t    85.000  inner  141 (ratio 9.79e-04)  cd   1.232252  cl    0.025004
  step   8750  t    87.500  inner  136 (ratio 9.97e-04)  cd   1.242843  cl   -0.159540
  step   9000  t    90.000  inner  129 (ratio 9.99e-04)  cd   1.255249  cl    0.289194
  step   9250  t    92.500  inner  124 (ratio 9.65e-04)  cd   1.264606  cl   -0.391744
  step   9500  t    95.000  inner  124 (ratio 9.73e-04)  cd   1.269707  cl    0.474407
  step   9750  t    97.500  inner  129 (ratio 9.62e-04)  cd   1.268052  cl   -0.517954
  step  10000  t   100.000  inner  134 (ratio 9.51e-04)  cd   1.261395  cl    0.530943
  step  10250  t   102.500  inner  138 (ratio 9.55e-04)  cd   1.249376  cl   -0.500267
  step  10500  t   105.000  inner  141 (ratio 9.66e-04)  cd   1.237925  cl    0.437993
  step  10750  t   107.500  inner  143 (ratio 9.69e-04)  cd   1.228005  cl   -0.338365
  step  11000  t   110.000  inner  144 (ratio 9.59e-04)  cd   1.223861  cl    0.219615
  step  11250  t   112.500  inner  143 (ratio 9.72e-04)  cd   1.226247  cl   -0.079891
  step  11500  t   115.000  inner  140 (ratio 9.81e-04)  cd   1.233972  cl   -0.058024
  step  11750  t   117.500  inner  135 (ratio 9.74e-04)  cd   1.246035  cl    0.197525
  step  12000  t   120.000  inner  127 (ratio 9.99e-04)  cd   1.257398  cl   -0.315718
  step  12250  t   122.500  inner  123 (ratio 9.68e-04)  cd   1.266350  cl    0.419003
  step  12500  t   125.000  inner  125 (ratio 9.99e-04)  cd   1.269236  cl   -0.486854
  step  12750  t   127.500  inner  130 (ratio 9.75e-04)  cd   1.266728  cl    0.527168
  step  13000  t   130.000  inner  135 (ratio 9.59e-04)  cd   1.257534  cl   -0.524171
  step  13250  t   132.500  inner  139 (ratio 9.55e-04)  cd   1.246334  cl    0.488330
  step  13500  t   135.000  inner  141 (ratio 9.97e-04)  cd   1.234068  cl   -0.411459
  step  13750  t   137.500  inner  143 (ratio 9.86e-04)  cd   1.226155  cl    0.309361
  step  14000  t   140.000  inner  144 (ratio 9.61e-04)  cd   1.223557  cl   -0.179554
  step  14250  t   142.500  inner  142 (ratio 9.90e-04)  cd   1.227355  cl    0.043568
  step  14500  t   145.000  inner  139 (ratio 9.74e-04)  cd   1.237266  cl    0.100778
  step  14750  t   147.500  inner  133 (ratio 9.72e-04)  cd   1.248788  cl   -0.230212
  step  15000  t   150.000  inner  125 (ratio 9.97e-04)  cd   1.260346  cl    0.350123
  step  15250  t   152.500  inner  123 (ratio 9.96e-04)  cd   1.267391  cl   -0.439020
  step  15500  t   155.000  inner  126 (ratio 9.90e-04)  cd   1.269164  cl    0.504280
  step  15750  t   157.500  inner  131 (ratio 9.99e-04)  cd   1.264105  cl   -0.528021
  step  16000  t   160.000  inner  136 (ratio 9.72e-04)  cd   1.254728  cl    0.519475
  step  16250  t   162.500  inner  140 (ratio 9.52e-04)  cd   1.242031  cl   -0.467684
  step  16500  t   165.000  inner  142 (ratio 9.79e-04)  cd   1.231512  cl    0.386300
  step  16750  t   167.500  inner  143 (ratio 9.99e-04)  cd   1.224375  cl   -0.271331
  step  17000  t   170.000  inner  143 (ratio 9.96e-04)  cd   1.223871  cl    0.142709
  step  17250  t   172.500  inner  142 (ratio 9.59e-04)  cd   1.229918  cl    0.001365
  step  17500  t   175.000  inner  137 (ratio 9.93e-04)  cd   1.240135  cl   -0.137502
  step  17750  t   177.500  inner  131 (ratio 9.68e-04)  cd   1.252698  cl    0.270036
  step  18000  t   180.000  inner  124 (ratio 9.86e-04)  cd   1.262644  cl   -0.376563
  step  18250  t   182.500  inner  123 (ratio 9.98e-04)  cd   1.268668  cl    0.464015
  step  18500  t   185.000  inner  128 (ratio 9.78e-04)  cd   1.268026  cl   -0.512844
  step  18750  t   187.500  inner  133 (ratio 9.67e-04)  cd   1.262268  cl    0.531451
  step  19000  t   190.000  inner  137 (ratio 9.77e-04)  cd   1.250617  cl   -0.506224
  step  19250  t   192.500  inner  140 (ratio 9.94e-04)  cd   1.239132  cl    0.448835
  step  19500  t   195.000  inner  143 (ratio 9.59e-04)  cd   1.228628  cl   -0.353157
  step  19750  t   197.500  inner  144 (ratio 9.61e-04)  cd   1.223738  cl    0.237027
  step  20000  t   200.000  inner  143 (ratio 9.80e-04)  cd   1.225240  cl   -0.098566
  step  20250  t   202.500  inner  141 (ratio 9.60e-04)  cd   1.232339  cl   -0.039546
  step  20500  t   205.000  inner  136 (ratio 9.67e-04)  cd   1.244240  cl    0.180414
  step  20750  t   207.500  inner  128 (ratio 9.96e-04)  cd   1.255781  cl   -0.301040
  step  21000  t   210.000  inner  123 (ratio 9.76e-04)  cd   1.265306  cl    0.407640
  step  21250  t   212.500  inner  125 (ratio 9.75e-04)  cd   1.269035  cl   -0.479499
  step  21500  t   215.000  inner  129 (ratio 9.92e-04)  cd   1.267311  cl    0.524421
  step  21750  t   217.500  inner  134 (ratio 9.81e-04)  cd   1.258784  cl   -0.526194
  step  22000  t   220.000  inner  138 (ratio 9.84e-04)  cd   1.247794  cl    0.495116
  step  22250  t   222.500  inner  141 (ratio 9.83e-04)  cd   1.235361  cl   -0.422481
  step  22500  t   225.000  inner  143 (ratio 9.79e-04)  cd   1.226928  cl    0.323752
  step  22750  t   227.500  inner  144 (ratio 9.61e-04)  cd   1.223501  cl   -0.196203
  step  23000  t   230.000  inner  143 (ratio 9.59e-04)  cd   1.226599  cl    0.061169
  step  23250  t   232.500  inner  139 (ratio 9.98e-04)  cd   1.235946  cl    0.083432
  step  23500  t   235.000  inner  134 (ratio 9.69e-04)  cd   1.247316  cl   -0.214339
  step  23750  t   237.500  inner  126 (ratio 9.92e-04)  cd   1.259212  cl    0.336734
  step  24000  t   240.000  inner  123 (ratio 9.89e-04)  cd   1.266889  cl   -0.428939
  step  24250  t   242.500  inner  126 (ratio 9.63e-04)  cd   1.269472  cl    0.498357
  step  24500  t   245.000  inner  131 (ratio 9.67e-04)  cd   1.265160  cl   -0.526770
  step  24750  t   247.500  inner  135 (ratio 9.96e-04)  cd   1.256390  cl    0.523194
  step  25000  t   250.000  inner  139 (ratio 9.78e-04)  cd   1.243807  cl   -0.476223
  step  25250  t   252.500  inner  142 (ratio 9.67e-04)  cd   1.232982  cl    0.399100
  step  25500  t   255.000  inner  143 (ratio 9.95e-04)  cd   1.225136  cl   -0.287498
  step  25750  t   257.500  inner  144 (ratio 9.56e-04)  cd   1.223791  cl    0.160977
  step  26000  t   260.000  inner  142 (ratio 9.74e-04)  cd   1.229011  cl   -0.017669
  step  26250  t   262.500  inner  138 (ratio 9.82e-04)  cd   1.238750  cl   -0.119091
  step  26500  t   265.000  inner  132 (ratio 9.68e-04)  cd   1.251296  cl    0.253449
  step  26750  t   267.500  inner  125 (ratio 9.72e-04)  cd   1.261678  cl   -0.362899
  step  27000  t   270.000  inner  123 (ratio 9.80e-04)  cd   1.268462  cl    0.454277
  step  27250  t   272.500  inner  127 (ratio 9.95e-04)  cd   1.268678  cl   -0.507773
  step  27500  t   275.000  inner  132 (ratio 9.82e-04)  cd   1.263741  cl    0.531676
  step  27750  t   277.500  inner  137 (ratio 9.51e-04)  cd   1.252553  cl   -0.511881
  step  28000  t   280.000  inner  140 (ratio 9.73e-04)  cd   1.241001  cl    0.459671
  step  28250  t   282.500  inner  142 (ratio 9.94e-04)  cd   1.229995  cl   -0.368520
  step  28500  t   285.000  inner  144 (ratio 9.56e-04)  cd   1.224286  cl    0.255661
  step  28750  t   287.500  inner  143 (ratio 9.88e-04)  cd   1.224752  cl   -0.119096
  step  29000  t   290.000  inner  141 (ratio 9.81e-04)  cd   1.231083  cl   -0.018709
  step  29250  t   292.500  inner  137 (ratio 9.63e-04)  cd   1.242632  cl    0.160655
  step  29500  t   295.000  inner  130 (ratio 9.63e-04)  cd   1.254288  cl   -0.283698
  step  29750  t   297.500  inner  123 (ratio 9.93e-04)  cd   1.264344  cl    0.393846
  step  30000  t   300.000  inner  124 (ratio 9.99e-04)  cd   1.268950  cl   -0.470222
[cns2d] final transient state: t = 300.0000, C_D = 1.268950, C_L = -0.470222
[cns2d] transient residual reference levels: total transient residual at the first inner iteration 1.999583e+01, spatial-only residual after the first physical step 1.798097e+00, spatial-only residual at the final step 1.017874e-02 (the two spatial values are the like-for-like pair used for the reported reduction; an unsteady vortex street is not expected to reduce it)
[cns2d] run finished: status 'statistically_periodic', 30000 steps, t = 300, 2.25 residual orders, 10798.5 s wall time
[cns2d] notes: reached t = 300.00 in 30000 physical steps of dt = 0.01; inner iterations min/mean/max = 49/132.8/144, inner target 1.0e-03 met on 100.00% of steps (0 misses)
