Authorization required, but no authorization protocol specified

Authorization required, but no authorization protocol specified

Authorization required, but no authorization protocol specified

Authorization required, but no authorization protocol specified

[cns2d] cns2d 1.0.0 (git 26ef1cb80b86)
[cns2d] command: /workspace/solver/build/cns2d solve --case /workspace/cfd_solver_agentic_benchmark/inputs/cases/naca0012_m200_inviscid.json --output /workspace/solver/results/naca0012_m200_inviscid --log-every 250
[cns2d] case: naca0012_m200_inviscid -- NACA0012, AoA 0 deg, Mach 2.0, inviscid
[cns2d] case file: /workspace/cfd_solver_agentic_benchmark/inputs/cases/naca0012_m200_inviscid.json
[cns2d] mesh file: /workspace/cfd_solver_agentic_benchmark/inputs/meshes/NACA0012_H2.cgns
[cns2d] MPI ranks: 2
[cns2d] boundary family 'bc-2' -> farfield
[cns2d] boundary family 'bc-4' -> slip_wall
[cns2d] CGNS mesh '/workspace/cfd_solver_agentic_benchmark/inputs/meshes/NACA0012_H2.cgns': base 'Base' (cell dim 2, phys dim 3), 1 zone(s)
  zone 'dom-1': 15682 nodes, 20816 cells
    section 'TriElements': TRI_3 x 10752 (elements 1..10752)
    section 'QuadElements': QUAD_4 x 10064 (elements 10753..20816)
    section 'bc-2': BAR_2 x 80 (elements 20817..20896)
    section 'bc-4': BAR_2 x 404 (elements 20897..21300)
    BC 'bc-2' family 'bc-2' location 'EdgeCenter' pset 'PointRange' range 20817..20896
    BC 'bc-4' family 'bc-4' location 'EdgeCenter' pset 'PointRange' range 20897..21300
[cns2d] global mesh: 15682 nodes (0 zone-interface node pairs fused, max merge distance 0), 20816 cells (10752 tri, 10064 quad), 36498 faces (36014 interior, 484 boundary)
  boundary families: 'bc-2' (80 faces) 'bc-4' (404 faces)
[cns2d] partitioning: metis_kway into 2 part(s), edge cut 120
[cns2d] physics: inviscid (viscosity and heat conduction identically zero)
[cns2d] rank 0/2: 10407 owned cells, 120 ghost cells, 17682 faces, 227 boundary faces, 1 neighbour rank(s)
[cns2d] partitioner: metis_kway, global edge cut 120
[cns2d] numerics: roe inviscid flux (harten_hyman_entropy_fix), piecewise-linear least-squares reconstruction, venkatakrishnan limiter, lu_sgs_simplified_jacobian, viscous terms disabled
[cns2d] initial state set to freestream: rho=1 u=1 v=0 p=0.178571 (M=2)
[cns2d][warn] mesh verification: uniform-flow residual on interior-only cells is 5.022e-11 (expected < 1e-12); the interior scheme does not preserve a uniform state exactly
[cns2d] mesh verification: face-closure error 1.025e-16, volume-closure error 1.090e-10, total area 20085.4463 (boundary integral 20085.4463, mismatch 6.158e-15), linear-gradient error 1.428e-10, conservation defect 2.127e-17, uniform-flow residual 5.022e-11 on 19848 interior-only cells -- CHECK
[cns2d] initial state set to freestream: rho=1 u=1 v=0 p=0.178571 (M=2)
[cns2d] steady run: max_steps=40000, target=3.00 orders, CFL 0.2 -> 50 over 5000 steps, inner iterations 3..80 (target ratio 1.00e-02)
  step       1  res  1.44527e+00  (- 0.00 orders)  cfl    0.200  inner    3 (ratio 3.95e-08)  cd   -0.000000  cl   -0.000000  rej 0
           dominant residual: var rhoE at (1.0053, 0.00014774), cell volume 1.500e-09, boundary bc-4
  step     250  res  3.39077e-01  (- 0.63 orders)  cfl    0.263  inner    3 (ratio 1.13e-06)  cd    0.118616  cl    0.000003  rej 4
           dominant residual: var rhoE at (1.0053, -0.00014774), cell volume 1.500e-09, boundary bc-4
  step     500  res  7.22199e-02  (- 1.30 orders)  cfl    0.347  inner    3 (ratio 5.33e-07)  cd    0.112768  cl   -0.000000  rej 4
           dominant residual: var rhoE at (1.0053, -0.00014774), cell volume 1.500e-09, boundary bc-4
  step     750  res  5.45777e-02  (- 1.42 orders)  cfl    0.457  inner    3 (ratio 4.61e-07)  cd    0.093002  cl    0.000096  rej 4
           dominant residual: var rho at (0.078512, 0.080156), cell volume 2.665e-05, boundary no
  step    1000  res  2.24299e-02  (- 1.81 orders)  cfl    0.603  inner    3 (ratio 2.58e-06)  cd    0.085861  cl   -0.000657  rej 4
           dominant residual: var rhoE at (0.071876, 0.11271), cell volume 8.888e-05, boundary no
  step    1250  res  1.70936e-02  (- 1.93 orders)  cfl    0.794  inner    3 (ratio 1.06e-05)  cd    0.087842  cl    0.000686  rej 4
           dominant residual: var rhoE at (0.092694, 0.045543), cell volume 2.405e-08, boundary bc-4
  step    1500  res  1.28642e-02  (- 2.05 orders)  cfl    1.047  inner    3 (ratio 2.23e-05)  cd    0.088118  cl    0.000596  rej 4
           dominant residual: var rhoE at (0.16933, 0.055225), cell volume 4.169e-08, boundary bc-4
  step    1750  res  1.29998e-02  (- 2.05 orders)  cfl    1.380  inner    3 (ratio 6.03e-05)  cd    0.091820  cl   -0.000209  rej 4
           dominant residual: var rhoE at (0.17773, 0.055889), cell volume 4.260e-08, boundary bc-4
  step    2000  res  9.66423e-03  (- 2.17 orders)  cfl    1.819  inner    3 (ratio 2.11e-04)  cd    0.092139  cl   -0.000357  rej 4
           dominant residual: var rhoE at (0.092694, 0.045543), cell volume 2.405e-08, boundary bc-4
  step    2250  res  5.44795e-03  (- 2.42 orders)  cfl    2.397  inner    3 (ratio 6.48e-04)  cd    0.093070  cl   -0.000933  rej 4
           dominant residual: var rhoE at (0.45703, 0.055436), cell volume 7.024e-08, boundary bc-4
  step    2500  res  4.79011e-03  (- 2.48 orders)  cfl    3.159  inner    3 (ratio 1.50e-03)  cd    0.090370  cl    0.000032  rej 4
           dominant residual: var rhoE at (0.092694, 0.045543), cell volume 2.405e-08, boundary bc-4
  step    2750  res  1.32959e-02  (- 2.04 orders)  cfl    4.163  inner    3 (ratio 2.46e-03)  cd    0.089191  cl   -0.001472  rej 4
           dominant residual: var rhoE at (0.11397, 0.049018), cell volume 2.810e-08, boundary bc-4
  step    3000  res  7.95421e-03  (- 2.26 orders)  cfl    5.487  inner    3 (ratio 5.66e-03)  cd    0.092237  cl    0.002204  rej 4
           dominant residual: var rhoE at (0.10285, 0.047297), cell volume 2.812e-08, boundary bc-4
  step    3250  res  4.09818e-03  (- 2.55 orders)  cfl    7.231  inner    5 (ratio 2.10e-03)  cd    0.090217  cl   -0.000289  rej 4
           dominant residual: var rhoE at (0.15398, 0.053842), cell volume 3.746e-08, boundary bc-4
[cns2d] residual plateaued at 9.4766e-03 (2.18 of the requested 3.00 orders below the initial level); C_D = 0.093384 holds a bounded oscillation of 8.998e-03 peak to peak (9.64 % of C_D) whose mean drifts by only 8.732e-05 between successive 500-step windows; stopped at step 3385. The remaining residual and the oscillation are both concentrated in the smallest wall cells, where the limiter keeps switching; the MEAN force is converged but the solution is a small limit cycle rather than a fixed point.
[cns2d] the march ended at residual 9.4766e-03, a factor 2.70 above the best value 3.5129e-03 reached at step 3245; the best state has been restored and is what is reported and written out
[cns2d] final state: residual 3.512946e-03, C_D = 0.090270 (pressure 0.090270 + viscous 0.000000), C_L = -0.000249, C_mz = 0.000505
[cns2d] run finished: status 'converged', 3245 steps, t = 0, 2.61 residual orders, 291.3 s wall time
[cns2d] notes: the march ended at residual 9.4766e-03, a factor 2.70 above the best value 3.5129e-03 reached at step 3245; the best state has been restored and is what is reported and written out  (superseded termination note: residual plateaued at 9.4766e-03 (2.18 of the requested 3.00 orders below the initial level); C_D = 0.093384 holds a bounded oscillation of 8.998e-03 peak to peak (9.64 % of C_D) whose mean drifts by only 8.732e-05 between successive 500-step windows; stopped at step 3385. The remaining residual and the oscillation are both concentrated in the smallest wall cells, where the limiter keeps switching; the MEAN force is converged but the solution is a small limit cycle rather than a fixed point.)
[cns2d][warn] positivity fallback was triggered 227 time(s) during the run
