case=naca0012_m080_inviscid mode=inviscid mesh_cells=20816 ranks=1
initial residual L2 = 4.416725e-04
step=1/4000 t=0.000 cfl=1.03 inner=50 res=1.906e-04 ratio=4.16e-01 Cd=0.204078 Cl=-0.000000
step=100/4000 t=0.000 cfl=4.30 inner=50 res=6.631e-03 ratio=4.03e-01 Cd=0.027071 Cl=-0.000478
step=200/4000 t=0.000 cfl=7.60 inner=50 res=3.308e-03 ratio=5.38e-01 Cd=-0.003857 Cl=-0.019083
step=300/4000 t=0.000 cfl=10.90 inner=50 res=1.039e-02 ratio=3.54e-01 Cd=0.004989 Cl=0.018182
step=400/4000 t=0.000 cfl=14.20 inner=50 res=2.733e-02 ratio=4.05e-01 Cd=0.024124 Cl=-0.135972
step=500/4000 t=0.000 cfl=17.50 inner=50 res=2.935e-02 ratio=3.13e-01 Cd=-0.003072 Cl=0.052944
step=600/4000 t=0.000 cfl=20.80 inner=50 res=2.787e-02 ratio=3.97e-01 Cd=0.020440 Cl=0.039154
step=700/4000 t=0.000 cfl=24.10 inner=50 res=2.725e-02 ratio=4.31e-01 Cd=0.028171 Cl=-0.056085
step=800/4000 t=0.000 cfl=27.40 inner=50 res=3.121e-02 ratio=3.75e-01 Cd=0.026878 Cl=0.024485
step=900/4000 t=0.000 cfl=30.70 inner=50 res=1.006e-06 ratio=9.60e-01 Cd=0.013192 Cl=-0.006313
step=1000/4000 t=0.000 cfl=34.00 inner=50 res=5.391e-08 ratio=9.87e-01 Cd=0.013251 Cl=-0.009752
step=1100/4000 t=0.000 cfl=37.30 inner=50 res=2.068e-08 ratio=9.93e-01 Cd=0.013258 Cl=-0.010631
step=1200/4000 t=0.000 cfl=40.60 inner=50 res=1.278e-08 ratio=9.97e-01 Cd=0.013265 Cl=-0.011095
step=1300/4000 t=0.000 cfl=43.90 inner=50 res=1.068e-08 ratio=9.99e-01 Cd=0.013270 Cl=-0.011585
step=1400/4000 t=0.000 cfl=47.20 inner=50 res=9.499e-09 ratio=9.99e-01 Cd=0.013273 Cl=-0.012089
step=1500/4000 t=0.000 cfl=50.50 inner=50 res=7.873e-09 ratio=9.98e-01 Cd=0.013275 Cl=-0.012546
step=1600/4000 t=0.000 cfl=53.80 inner=50 res=5.980e-09 ratio=9.97e-01 Cd=0.013276 Cl=-0.012915
step=1700/4000 t=0.000 cfl=57.10 inner=50 res=4.220e-09 ratio=9.96e-01 Cd=0.013276 Cl=-0.013186
step=1800/4000 t=0.000 cfl=60.40 inner=50 res=2.807e-09 ratio=9.96e-01 Cd=0.013277 Cl=-0.013371
step=1900/4000 t=0.000 cfl=63.70 inner=50 res=1.784e-09 ratio=9.95e-01 Cd=0.013277 Cl=-0.013492
status=converged wall_time=1619.7s final_step=1988
