[cns2d] cns2d 1.0.0 (git 26ef1cb80b86)
[cns2d] command: ./build/cns2d solve --case ../cfd_solver_agentic_benchmark/inputs/cases/naca0012_m080_inviscid.json --output scratch/o_m080 --max-steps 6000 --log-every 500
[cns2d] case: naca0012_m080_inviscid -- NACA0012, AoA 0 deg, Mach 0.8, inviscid
[cns2d] case file: /workspace/cfd_solver_agentic_benchmark/inputs/cases/naca0012_m080_inviscid.json
[cns2d] mesh file: /workspace/cfd_solver_agentic_benchmark/inputs/meshes/NACA0012_H2.cgns
[cns2d] MPI ranks: 1
[cns2d] boundary family 'bc-2' -> farfield
[cns2d] boundary family 'bc-4' -> slip_wall
[cns2d] CGNS mesh '/workspace/cfd_solver_agentic_benchmark/inputs/meshes/NACA0012_H2.cgns': base 'Base' (cell dim 2, phys dim 3), 1 zone(s)
  zone 'dom-1': 15682 nodes, 20816 cells
    section 'TriElements': TRI_3 x 10752 (elements 1..10752)
    section 'QuadElements': QUAD_4 x 10064 (elements 10753..20816)
    section 'bc-2': BAR_2 x 80 (elements 20817..20896)
    section 'bc-4': BAR_2 x 404 (elements 20897..21300)
    BC 'bc-2' family 'bc-2' location 'EdgeCenter' pset 'PointRange' range 20817..20896
    BC 'bc-4' family 'bc-4' location 'EdgeCenter' pset 'PointRange' range 20897..21300
[cns2d] global mesh: 15682 nodes (0 zone-interface node pairs fused, max merge distance 0), 20816 cells (10752 tri, 10064 quad), 36498 faces (36014 interior, 484 boundary)
  boundary families: 'bc-2' (80 faces) 'bc-4' (404 faces)
[cns2d] partitioning: metis_kway_single_part into 1 part(s), edge cut 0
[cns2d] physics: inviscid (viscosity and heat conduction identically zero)
[cns2d] rank 0/1: 20816 owned cells, 0 ghost cells, 36498 faces, 484 boundary faces, 0 neighbour rank(s)
[cns2d] partitioner: metis_kway_single_part, global edge cut 0
[cns2d] numerics: roe inviscid flux (harten_hyman_entropy_fix), piecewise-linear least-squares reconstruction, venkatakrishnan limiter, lu_sgs_simplified_jacobian, viscous terms disabled
[cns2d] initial state set to freestream: rho=1 u=1 v=0 p=1.11607 (M=0.8)
[cns2d][warn] mesh verification: uniform-flow residual on interior-only cells is 1.434e-10 (expected < 1e-12); the interior scheme does not preserve a uniform state exactly
[cns2d] mesh verification: face-closure error 1.025e-16, volume-closure error 1.090e-10, total area 20085.4463 (boundary integral 20085.4463, mismatch 1.051e-14), linear-gradient error 1.428e-10, conservation defect 2.361e-03, uniform-flow residual 1.434e-10 on 19848 interior-only cells -- CHECK
[cns2d] initial state set to freestream: rho=1 u=1 v=0 p=1.11607 (M=0.8)
[cns2d] steady run: max_steps=6000, target=4.00 orders, CFL 1 -> 100 over 3000 steps, inner iterations 3..50 (target ratio 1.00e-02)
  step       1  res  3.85200e+00  (- 0.00 orders)  cfl    1.000  inner    3 (ratio 6.90e-05)  cd    0.000000  cl    0.000000  rej 0
           dominant residual: var rhoE at (1.6636e-05, -0.00054964), cell volume 5.500e-09, boundary bc-4
  step     500  res  7.89704e-02  (- 1.69 orders)  cfl    2.151  inner    3 (ratio 3.04e-04)  cd    0.056813  cl    0.002954  rej 0
           dominant residual: var rhoE at (0.98006, 0.0040258), cell volume 7.490e-09, boundary bc-4
  step    1000  res  1.58495e-01  (- 1.39 orders)  cfl    4.634  inner    3 (ratio 1.79e-03)  cd   -0.000667  cl    0.003058  rej 0
           dominant residual: var rhoE at (0.66168, -0.040261), cell volume 6.310e-08, boundary bc-4
  step    1500  res  1.01311e-01  (- 1.58 orders)  cfl    9.985  inner    3 (ratio 4.17e-03)  cd    0.008844  cl   -0.001628  rej 0
           dominant residual: var rhoE at (0.58283, -0.047016), cell volume 6.917e-08, boundary bc-4
  step    2000  res  5.05504e-03  (- 2.88 orders)  cfl   21.511  inner    7 (ratio 5.88e-03)  cd    0.008879  cl    0.002300  rej 0
           dominant residual: var rhoE at (0.54134, 0.050148), cell volume 7.019e-08, boundary bc-4
  step    2500  res  4.80440e-04  (- 3.90 orders)  cfl   46.345  inner   15 (ratio 8.50e-03)  cd    0.008779  cl    0.001080  rej 0
           dominant residual: var rhou at (0.51323, 0.052082), cell volume 7.052e-08, boundary bc-4
  step    3000  res  4.93744e-03  (- 2.89 orders)  cfl   99.847  inner   17 (ratio 8.50e-03)  cd    0.008743  cl    0.001005  rej 0
           dominant residual: var rhoE at (0.51239, -0.15671), cell volume 1.918e-04, boundary no
  step    3500  res  4.99411e-03  (- 2.89 orders)  cfl  100.000  inner   25 (ratio 9.54e-03)  cd    0.008731  cl    0.001380  rej 0
           dominant residual: var rhoE at (0.51239, -0.15671), cell volume 1.918e-04, boundary no
  step    4000  res  5.01996e-03  (- 2.88 orders)  cfl  100.000  inner   29 (ratio 9.17e-03)  cd    0.008726  cl    0.001490  rej 0
           dominant residual: var rhoE at (0.51239, -0.15671), cell volume 1.918e-04, boundary no
