[cns2d] cns2d 1.0.0 (git 97f37254d00c)
[cns2d] command: /workspace/solver/scratch/sensitivity/bin/cns2d_floor00 solve --case /workspace/cfd_solver_agentic_benchmark/inputs/cases/naca0012_m015_inviscid.json --output /workspace/solver/scratch/sensitivity/runs/naca_floor00 --log-every 250 --max-steps 8000
[cns2d] case: naca0012_m015_inviscid -- NACA0012, AoA 0 deg, Mach 0.15, inviscid
[cns2d] case file: /workspace/cfd_solver_agentic_benchmark/inputs/cases/naca0012_m015_inviscid.json
[cns2d] mesh file: /workspace/cfd_solver_agentic_benchmark/inputs/meshes/NACA0012_H2.cgns
[cns2d] MPI ranks: 1
[cns2d] boundary family 'bc-2' -> farfield
[cns2d] boundary family 'bc-4' -> slip_wall
[cns2d] CGNS mesh '/workspace/cfd_solver_agentic_benchmark/inputs/meshes/NACA0012_H2.cgns': base 'Base' (cell dim 2, phys dim 3), 1 zone(s)
  zone 'dom-1': 15682 nodes, 20816 cells
    section 'TriElements': TRI_3 x 10752 (elements 1..10752)
    section 'QuadElements': QUAD_4 x 10064 (elements 10753..20816)
    section 'bc-2': BAR_2 x 80 (elements 20817..20896)
    section 'bc-4': BAR_2 x 404 (elements 20897..21300)
    BC 'bc-2' family 'bc-2' location 'EdgeCenter' pset 'PointRange' range 20817..20896
    BC 'bc-4' family 'bc-4' location 'EdgeCenter' pset 'PointRange' range 20897..21300
[cns2d] global mesh: 15682 nodes (0 zone-interface node pairs fused, max merge distance 0), 20816 cells (10752 tri, 10064 quad), 36498 faces (36014 interior, 484 boundary)
  boundary families: 'bc-2' (80 faces) 'bc-4' (404 faces)
[cns2d] partitioning: metis_kway_single_part into 1 part(s), edge cut 0
[cns2d] physics: inviscid (viscosity and heat conduction identically zero)
[cns2d] rank 0/1: 20816 owned cells, 0 ghost cells, 36498 faces, 484 boundary faces, 0 neighbour rank(s)
[cns2d] partitioner: metis_kway_single_part, global edge cut 0
[cns2d] numerics: roe inviscid flux (harten_hyman_entropy_fix), piecewise-linear least-squares reconstruction, venkatakrishnan limiter, lu_sgs_simplified_jacobian, viscous terms disabled
[cns2d] initial state set to freestream: rho=1 u=1 v=0 p=31.746 (M=0.15)
[cns2d][warn] mesh verification: uniform-flow residual on interior-only cells is 5.145e-09 (expected < 1e-12); the interior scheme does not preserve a uniform state exactly
[cns2d] mesh verification: face-closure error 1.025e-16, volume-closure error 1.090e-10, total area 20085.4463 (boundary integral 20085.4463, mismatch 1.051e-14), linear-gradient error 1.428e-10, conservation defect 1.280e-17, uniform-flow residual 5.145e-09 on 19848 interior-only cells -- CHECK
[cns2d] initial state set to freestream: rho=1 u=1 v=0 p=31.746 (M=0.15)
[cns2d] steady run: max_steps=8000, target=4.00 orders, CFL 1 -> 100 over 2000 steps, inner iterations 3..50 (target ratio 1.00e-02)
  step       1  res  9.05057e+01  (- 0.00 orders)  cfl    1.000  inner    3 (ratio 1.93e-05)  cd    0.000000  cl    0.000000  rej 0
           dominant residual: var rhoE at (1.6636e-05, -0.00054964), cell volume 5.500e-09, boundary bc-4
  step     250  res  4.02082e+00  (- 1.35 orders)  cfl    1.774  inner    3 (ratio 2.54e-04)  cd   -0.117215  cl    0.011499  rej 0
           dominant residual: var rhoE at (0.070993, 0.041089), cell volume 2.048e-08, boundary bc-4
  step     500  res  3.03394e+00  (- 1.47 orders)  cfl    3.155  inner    3 (ratio 2.82e-03)  cd    0.062862  cl    0.020342  rej 0
           dominant residual: var rhoE at (0.23321, 0.058896), cell volume 5.207e-08, boundary bc-4
  step     750  res  2.69609e+00  (- 1.53 orders)  cfl    5.610  inner    3 (ratio 4.01e-03)  cd   -0.015088  cl   -0.024143  rej 0
           dominant residual: var rhoE at (0.93897, 0.0095136), cell volume 1.806e-08, boundary bc-4
  step    1000  res  2.32734e+00  (- 1.59 orders)  cfl    9.977  inner    5 (ratio 1.28e-03)  cd   -0.115246  cl    0.025204  rej 0
           dominant residual: var rhoE at (0.038697, 0.031809), cell volume 1.218e-08, boundary bc-4
  step    1250  res  1.19889e+00  (- 1.88 orders)  cfl   17.742  inner    7 (ratio 6.84e-03)  cd    0.079884  cl   -0.025860  rej 2
           dominant residual: var rhoE at (0.98837, 0.0028819), cell volume 5.315e-09, boundary bc-4
  step    1500  res  1.22963e-01  (- 2.87 orders)  cfl   31.550  inner   13 (ratio 9.70e-03)  cd    0.007500  cl    0.001892  rej 3
           dominant residual: var rhoE at (0.79364, -0.026932), cell volume 4.771e-08, boundary bc-4
[cns2d] residual target of 4.00 orders reached at step 1619, but C_D is still moving by 4.261e-01 over the last 500 steps (tolerance 2.381e-04); continuing until the forces are stationary
  step    1750  res  2.27995e-03  (- 4.60 orders)  cfl    1.904  inner    3 (ratio 1.31e-04)  cd    0.001199  cl   -0.000072  rej 8
           dominant residual: var rhoE at (1.0033, -0.00079397), cell volume 2.113e-09, boundary bc-4
  step    2000  res  1.47955e-03  (- 4.79 orders)  cfl    2.236  inner    3 (ratio 1.37e-03)  cd    0.001265  cl   -0.000106  rej 15
           dominant residual: var rhoE at (-0.0058336, -0.0014871), cell volume 1.065e-06, boundary no
  step    2250  res  2.49476e-03  (- 4.56 orders)  cfl    2.653  inner    3 (ratio 2.15e-03)  cd    0.001135  cl   -0.000131  rej 21
           dominant residual: var rhoE at (-0.0058336, -0.0014871), cell volume 1.065e-06, boundary no
  step    2500  res  2.34200e-03  (- 4.59 orders)  cfl    1.100  inner    3 (ratio 1.32e-04)  cd    0.001268  cl   -0.000198  rej 28
           dominant residual: var rhoE at (-0.0074267, -0.0048665), cell volume 1.282e-06, boundary no
  step    2750  res  1.97170e-03  (- 4.66 orders)  cfl    2.075  inner    3 (ratio 1.64e-03)  cd    0.001198  cl   -0.000150  rej 34
           dominant residual: var rhoE at (-0.0058336, -0.0014871), cell volume 1.065e-06, boundary no
  step    3000  res  2.25684e-03  (- 4.60 orders)  cfl    0.966  inner    3 (ratio 8.94e-05)  cd    0.001233  cl   -0.000098  rej 41
           dominant residual: var rhoE at (-0.0074267, -0.0048665), cell volume 1.282e-06, boundary no
  step    3250  res  2.07312e-03  (- 4.64 orders)  cfl    1.285  inner    3 (ratio 3.23e-04)  cd    0.001162  cl    0.000012  rej 47
           dominant residual: var rhoE at (-0.0058336, -0.0014871), cell volume 1.065e-06, boundary no
  step    3500  res  1.94351e-03  (- 4.67 orders)  cfl    0.634  inner    3 (ratio 1.10e-05)  cd    0.001230  cl    0.000104  rej 54
           dominant residual: var rhoE at (-0.0057102, -0.005141), cell volume 1.016e-06, boundary no
  step    3750  res  2.11577e-03  (- 4.63 orders)  cfl    0.948  inner    3 (ratio 7.57e-05)  cd    0.001137  cl    0.000198  rej 60
           dominant residual: var rhoE at (-0.0074267, -0.0048665), cell volume 1.282e-06, boundary no
  step    4000  res  1.23209e-03  (- 4.87 orders)  cfl    1.593  inner    3 (ratio 6.78e-04)  cd    0.001217  cl    0.000264  rej 66
           dominant residual: var rhoE at (-0.0045368, -0.0041355), cell volume 8.721e-07, boundary no
  step    4250  res  1.66190e-03  (- 4.74 orders)  cfl    0.833  inner    3 (ratio 5.40e-05)  cd    0.001147  cl    0.000305  rej 73
           dominant residual: var rhoE at (-0.0077533, -0.003312), cell volume 1.431e-06, boundary no
  step    4500  res  1.56338e-03  (- 4.76 orders)  cfl    1.484  inner    3 (ratio 4.24e-04)  cd    0.001188  cl    0.000319  rej 79
           dominant residual: var rhoE at (-0.0077533, -0.003312), cell volume 1.431e-06, boundary no
  step    4750  res  1.75413e-03  (- 4.71 orders)  cfl    0.823  inner    3 (ratio 4.23e-05)  cd    0.001205  cl    0.000341  rej 86
           dominant residual: var rhoE at (-0.0077533, -0.003312), cell volume 1.431e-06, boundary no
  step    5000  res  2.00563e-03  (- 4.65 orders)  cfl    1.382  inner    3 (ratio 4.91e-04)  cd    0.001129  cl    0.000324  rej 92
           dominant residual: var rhoE at (-0.0074267, -0.0048665), cell volume 1.282e-06, boundary no
  step    5250  res  1.74257e-03  (- 4.72 orders)  cfl    0.643  inner    3 (ratio 1.66e-05)  cd    0.001238  cl    0.000378  rej 99
           dominant residual: var rhoE at (-0.0057102, -0.005141), cell volume 1.016e-06, boundary no
  step    5500  res  2.07961e-03  (- 4.64 orders)  cfl    0.962  inner    3 (ratio 1.02e-04)  cd    0.001150  cl    0.000366  rej 105
           dominant residual: var rhoE at (-0.0074267, -0.0048665), cell volume 1.282e-06, boundary no
  step    5750  res  1.20046e-03  (- 4.88 orders)  cfl    1.524  inner    3 (ratio 6.08e-04)  cd    0.001175  cl    0.000361  rej 111
           dominant residual: var rhoE at (-0.0045368, -0.0041355), cell volume 8.721e-07, boundary no
  step    6000  res  1.17132e-03  (- 4.89 orders)  cfl    0.896  inner    3 (ratio 6.91e-05)  cd    0.001241  cl    0.000392  rej 118
           dominant residual: var rhoE at (-0.0045368, -0.0041355), cell volume 8.721e-07, boundary no
  step    6250  res  1.96266e-03  (- 4.66 orders)  cfl    1.001  inner    3 (ratio 7.90e-05)  cd    0.001152  cl    0.000373  rej 124
           dominant residual: var rhoE at (-0.0056675, -0.0029386), cell volume 1.029e-06, boundary no
  step    6500  res  2.00283e-03  (- 4.66 orders)  cfl    1.586  inner    3 (ratio 5.74e-04)  cd    0.001234  cl    0.000377  rej 130
           dominant residual: var rhoE at (-0.0074267, -0.0048665), cell volume 1.282e-06, boundary no
  step    6750  res  1.42746e-03  (- 4.80 orders)  cfl    0.830  inner    3 (ratio 4.60e-05)  cd    0.001207  cl    0.000399  rej 137
           dominant residual: var rhoE at (-0.0077533, -0.003312), cell volume 1.431e-06, boundary no
  step    7000  res  1.17872e-03  (- 4.89 orders)  cfl    1.314  inner    3 (ratio 2.17e-04)  cd    0.001173  cl    0.000363  rej 143
           dominant residual: var rhoE at (-0.0045368, -0.0041355), cell volume 8.721e-07, boundary no
  step    7250  res  1.53272e-03  (- 4.77 orders)  cfl    0.612  inner    3 (ratio 9.14e-06)  cd    0.001235  cl    0.000362  rej 150
           dominant residual: var rhoE at (-0.0077533, -0.003312), cell volume 1.431e-06, boundary no
  step    7500  res  1.30165e-03  (- 4.84 orders)  cfl    0.970  inner    3 (ratio 1.07e-04)  cd    0.001189  cl    0.000393  rej 156
           dominant residual: var rhoE at (-0.0057102, -0.005141), cell volume 1.016e-06, boundary no
  step    7750  res  2.15608e-03  (- 4.62 orders)  cfl    1.290  inner    3 (ratio 3.43e-04)  cd    0.001182  cl    0.000335  rej 162
           dominant residual: var rhoE at (-0.0060431, -0.0037469), cell volume 1.079e-06, boundary no
  step    8000  res  1.12062e-03  (- 4.91 orders)  cfl    1.928  inner    3 (ratio 2.04e-03)  cd    0.001239  cl    0.000389  rej 168
           dominant residual: var rhoE at (-0.0058336, -0.0014871), cell volume 1.065e-06, boundary no
[cns2d] reached the step limit (8000) with the residual reduced by only 4.91 orders (target 4.00) and C_D = 0.001239 still moving by 8.329e-05 over the last 500 steps (tolerance 1.245e-06); this run is NOT a converged steady state; 168 step(s) rejected by the CFL safeguard
[cns2d] final state: residual 1.193203e-03, C_D = 0.001238 (pressure 0.001238 + viscous 0.000000), C_L = 0.000389, C_mz = 0.000109
[cns2d] run finished: status 'not_converged', 8000 steps, t = 0, 4.88 residual orders, 1248.3 s wall time
[cns2d] notes: reached the step limit (8000) with the residual reduced by only 4.91 orders (target 4.00) and C_D = 0.001239 still moving by 8.329e-05 over the last 500 steps (tolerance 1.245e-06); this run is NOT a converged steady state; 168 step(s) rejected by the CFL safeguard
[cns2d][error][rank 0] the run did not complete successfully; results are marked failed
