==================================================================
cfd2d-unstructured 1.0.0 (648fe47adf4e, Release)
case      : naca0012_m200_inviscid -- NACA0012, AoA 0 deg, Mach 2.0, inviscid
mesh      : /workspace/cfd_solver_agentic_benchmark/inputs/meshes/NACA0012_H2.cgns
mode      : inviscid
freestream: M=2 aoa=0 rho=1 p=0.178571
ranks     : 4
==================================================================
CGNS base 'Base', 1 zone(s): 'dom-1'
  node merge: 15682 raw -> 15682 unique (0 merged from 0 interface pairs, max gap 0)
global mesh: 15682 nodes, 20816 cells, 36498 faces (484 boundary)
  patch 'bc-2' (CGNS BC 'bc-2'): 80 faces
  patch 'bc-4' (CGNS BC 'bc-4'): 404 faces
partitioner: metis_kway, edge cut 241
mesh distributed in 0.048 s; geometry check (divergence theorem) max relative error 1.090e-10
partition: owned cells min 5189 max 5214 mean 5204.0, load balance 1.0019, max ghost 143, mean neighbours 2.50
case numerics requirements:
  numerics_required: [ok]   spatial_order >= 2 (reconstruction linear)
  numerics_required: [ok]   inviscid_flux = approximate_riemann (using rusanov_llf)
  numerics_required: [ok]   viscous_flux = disabled
  numerics_required: [ok]   main_time_method = implicit (solver path is implicit)
numerics: flux=rusanov_llf entropy_fix=0.1 shock_fix=6 reconstruction=linear_least_squares limiter=venkatakrishnan (K=5) implicit=lu_sgs_matrix_free
steady pseudo-time march: max_steps=40000 cfl 0.2 -> 50 over 5000 steps, inner sweeps 3-80 (linear target 0.01)
limiter values are frozen from pseudo-time step 15000 (three CFL-ramp lengths); the limiter itself stays active in the reconstruction
  step       0  res 2.1588e+00  (0.00 orders)  cfl 0.20  cl 0.000000  cd -0.000000
------------------------------------------------------------------
status    : converged
steps     : 1965
residual  : 1.5489e-03 (3.14 orders)
forces    : cl=0.000060 cd=0.092019 cmz=-0.000113
            pressure drag 0.092019, skin friction drag 0.000000, normal viscous drag 0.000000
inner     : mean 3.00 min 3 max 3, target met on 100.00%
robustness: 0 first-order face fallbacks, 0 update line searches
wall time : 8.97 s
notes     : residual reduction target (3 orders) reached and the drag coefficient is stationary: over two consecutive windows of 196 steps the mean C_D moved by 2.76e-04 (window scatter 5.28e-05, tolerance 2.76e-04 in C_D units). CFL safeguard back-offs: 0.
------------------------------------------------------------------
