==================================================================
cfd2d-unstructured 1.0.0 (648fe47adf4e, Release)
case      : cylinder_m010_laminar_re20 -- Circular cylinder, Mach 0.1, laminar, Re 20
mesh      : /workspace/cfd_solver_agentic_benchmark/inputs/meshes/CylinderB1.cgns
mode      : laminar  Re=20.000000  mu=0.050000
freestream: M=0.1 aoa=0 rho=1 p=71.4286
ranks     : 4
==================================================================
CGNS base 'Base', 2 zone(s): 'dom-1' 'dom-2'
  node merge: 10315 raw -> 9995 unique (320 merged from 650 interface pairs, max gap 0)
global mesh: 9995 nodes, 10185 cells, 20180 faces (120 boundary)
  patch 'WALL' (CGNS BC 'WALL'): 100 faces
  patch 'FAR' (CGNS BC 'FAR'): 20 faces
partitioner: metis_kway, edge cut 282
mesh distributed in 0.046 s; geometry check (divergence theorem) max relative error 4.757e-13
partition: owned cells min 2544 max 2548 mean 2546.2, load balance 1.0007, max ghost 150, mean neighbours 3.00
case numerics requirements:
  numerics_required: [ok]   spatial_order >= 2 (reconstruction linear)
  numerics_required: [ok]   inviscid_flux = approximate_riemann (using hllc)
  numerics_required: [ok]   viscous_flux = required
  numerics_required: [ok]   main_time_method = implicit (solver path is implicit)
numerics: flux=hllc entropy_fix=0.1 shock_fix=6 reconstruction=linear_least_squares limiter=venkatakrishnan (K=5) implicit=lu_sgs_matrix_free
steady pseudo-time march: max_steps=30000 cfl 1 -> 100 over 3000 steps, inner sweeps 3-80 (linear target 0.01)
limiter values are frozen from pseudo-time step 9000 (three CFL-ramp lengths); the limiter itself stays active in the reconstruction
  step       0  res 2.2991e-01  (0.00 orders)  cfl 1.00  cl 0.000000  cd 156.952420
  step    2000  res 3.2656e-04  (2.85 orders)  cfl 16.65  cl 0.001365  cd 2.042137
------------------------------------------------------------------
status    : converged
steps     : 2805
residual  : 9.7618e-07 (5.37 orders)
forces    : cl=0.000653 cd=2.017618 cmz=-0.000007
            pressure drag 1.219817, skin friction drag 0.797801, normal viscous drag 0.000000
inner     : mean 4.88 min 3 max 15, target met on 100.00%
robustness: 0 first-order face fallbacks, 0 update line searches
wall time : 11.61 s
notes     : residual reduction target (5 orders) reached and the drag coefficient is stationary: over two consecutive windows of 280 steps the mean C_D moved by 6.03e-03 (window scatter 3.73e-04, tolerance 6.05e-03 in C_D units). CFL safeguard back-offs: 19.
------------------------------------------------------------------
