 Runtime parameters:
   Objective type: METIS_OBJTYPE_CUT
   Coarsening type: METIS_CTYPE_SHEM
   Initial partitioning type: METIS_IPTYPE_METISRB
   Refinement type: METIS_RTYPE_GREEDY
   Perform a 2-hop matching: No
   Number of balancing constraints: 1
   Number of refinement iterations: 10
   Random number seed: 1
   Number of partitions: 3
   Number of cuts: 1
   User-supplied ufactor: 30
   Minimize connectivity: Yes
   Create contigous partitions: Yes
   Target partition weights: 
        0=[3.33e-01]   1=[3.33e-01]   2=[3.33e-01]
   Allowed maximum load imbalance: 1.030 


 gk_mcore statistics
           coresize:       163216         nmops:         2048  cmop:      0
        num_callocs:           27   num_hallocs:            0
       size_callocs:       285480  size_hallocs:            0
        cur_callocs:            0   cur_hallocs:            0
        max_callocs:        98480   max_hallocs:            0
 nbrpool statistics
        nbrpoolsize:            0   nbrpoolcpos:            0
    nbrpoolreallocs:            0


 gk_mcore statistics
           coresize:       163216         nmops:         2048  cmop:      0
        num_callocs:          100   num_hallocs:            3
       size_callocs:       589056  size_hallocs:       122232
        cur_callocs:            0   cur_hallocs:            0
        max_callocs:       163040   max_hallocs:       122232
 nbrpool statistics
        nbrpoolsize:         5452   nbrpoolcpos:         2924
    nbrpoolreallocs:            0

case=cylinder_m010_laminar_re200 mode=laminar mesh_cells=10185 ranks=3
initial residual L2 = 5.520001e-01
step=1/30000 t=0.010 cfl=1.00 inner=239 res=1.372e-02 ratio=9.98e-04 Cd=33.573904 Cl=-0.000737
step=100/30000 t=1.000 cfl=1.00 inner=32 res=5.071e-02 ratio=9.59e-04 Cd=0.492153 Cl=0.037485
step=200/30000 t=2.000 cfl=1.00 inner=54 res=1.578e-02 ratio=9.85e-04 Cd=0.827334 Cl=0.018348
step=300/30000 t=3.000 cfl=1.00 inner=100 res=9.300e-03 ratio=9.78e-04 Cd=1.150169 Cl=0.036211
step=400/30000 t=4.000 cfl=1.00 inner=97 res=5.362e-03 ratio=9.97e-04 Cd=1.107727 Cl=0.031255
step=500/30000 t=5.000 cfl=1.00 inner=106 res=4.048e-03 ratio=9.83e-04 Cd=1.051899 Cl=0.078698
step=600/30000 t=6.000 cfl=1.00 inner=113 res=2.413e-03 ratio=9.83e-04 Cd=1.010019 Cl=0.097164
step=700/30000 t=7.000 cfl=1.00 inner=89 res=1.674e-03 ratio=9.74e-04 Cd=0.971507 Cl=0.078386
step=800/30000 t=8.000 cfl=1.00 inner=110 res=2.782e-03 ratio=9.98e-04 Cd=0.928839 Cl=0.031004
step=900/30000 t=9.000 cfl=1.00 inner=122 res=2.573e-03 ratio=9.98e-04 Cd=0.902544 Cl=-0.029569
step=1000/30000 t=10.000 cfl=1.00 inner=114 res=3.288e-03 ratio=9.86e-04 Cd=0.861352 Cl=-0.048749
step=1100/30000 t=11.000 cfl=1.00 inner=87 res=1.486e-03 ratio=9.73e-04 Cd=0.828041 Cl=-0.002355
step=1200/30000 t=12.000 cfl=1.00 inner=119 res=1.384e-03 ratio=9.88e-04 Cd=0.828223 Cl=0.062003
step=1300/30000 t=13.000 cfl=1.00 inner=116 res=1.414e-03 ratio=9.96e-04 Cd=0.801012 Cl=0.195018
step=1400/30000 t=14.000 cfl=1.00 inner=169 res=4.519e-03 ratio=9.94e-04 Cd=0.793293 Cl=0.341072
step=1500/30000 t=15.000 cfl=1.00 inner=180 res=2.276e-03 ratio=9.96e-04 Cd=0.852252 Cl=0.338404
step=1600/30000 t=16.000 cfl=1.00 inner=134 res=1.246e-03 ratio=9.91e-04 Cd=0.832798 Cl=0.155345
step=1700/30000 t=17.000 cfl=1.00 inner=147 res=2.050e-03 ratio=9.83e-04 Cd=0.839121 Cl=-0.324089
step=1800/30000 t=18.000 cfl=1.00 inner=173 res=2.963e-03 ratio=9.89e-04 Cd=1.010732 Cl=-0.824196
step=1900/30000 t=19.000 cfl=1.00 inner=168 res=2.069e-03 ratio=9.88e-04 Cd=1.241021 Cl=-0.736824
step=2000/30000 t=20.000 cfl=1.00 inner=183 res=2.931e-03 ratio=9.90e-04 Cd=1.220043 Cl=0.384156
step=2100/30000 t=21.000 cfl=1.00 inner=125 res=1.975e-03 ratio=9.88e-04 Cd=1.451389 Cl=0.938194
step=2200/30000 t=22.000 cfl=1.00 inner=142 res=3.571e-03 ratio=9.88e-04 Cd=1.291273 Cl=-0.133931
step=2300/30000 t=23.000 cfl=1.00 inner=107 res=2.340e-03 ratio=1.00e-03 Cd=1.378290 Cl=-1.113878
step=2400/30000 t=24.000 cfl=1.00 inner=110 res=2.409e-03 ratio=9.84e-04 Cd=1.355574 Cl=-0.464271
step=2500/30000 t=25.000 cfl=1.00 inner=112 res=2.661e-03 ratio=9.93e-04 Cd=1.255076 Cl=0.883365
step=2600/30000 t=26.000 cfl=1.00 inner=118 res=5.165e-03 ratio=9.83e-04 Cd=1.459870 Cl=0.791000
step=2700/30000 t=27.000 cfl=1.00 inner=113 res=5.100e-03 ratio=9.82e-04 Cd=1.228135 Cl=-0.581620
step=2800/30000 t=28.000 cfl=1.00 inner=99 res=4.945e-03 ratio=9.89e-04 Cd=1.426662 Cl=-0.938410
step=2900/30000 t=29.000 cfl=1.00 inner=116 res=6.243e-03 ratio=9.81e-04 Cd=1.239639 Cl=0.220895
step=3000/30000 t=30.000 cfl=1.00 inner=102 res=3.929e-03 ratio=9.97e-04 Cd=1.414287 Cl=0.992687
step=3100/30000 t=31.000 cfl=1.00 inner=93 res=4.255e-03 ratio=9.85e-04 Cd=1.317860 Cl=0.123514
step=3200/30000 t=32.000 cfl=1.00 inner=103 res=6.220e-03 ratio=9.93e-04 Cd=1.357362 Cl=-1.083843
step=3300/30000 t=33.000 cfl=1.00 inner=104 res=4.753e-03 ratio=9.81e-04 Cd=1.407582 Cl=-0.616862
step=3400/30000 t=34.000 cfl=1.00 inner=100 res=4.544e-03 ratio=9.92e-04 Cd=1.278551 Cl=0.803507
step=3500/30000 t=35.000 cfl=1.00 inner=79 res=4.004e-03 ratio=9.93e-04 Cd=1.430795 Cl=0.799297
step=3600/30000 t=36.000 cfl=1.00 inner=118 res=5.000e-03 ratio=9.92e-04 Cd=1.318237 Cl=-0.536850
step=3700/30000 t=37.000 cfl=1.00 inner=109 res=5.897e-03 ratio=9.98e-04 Cd=1.458847 Cl=-1.175140
step=3800/30000 t=38.000 cfl=1.00 inner=105 res=3.532e-03 ratio=9.86e-04 Cd=1.261906 Cl=-0.085636
step=3900/30000 t=39.000 cfl=1.00 inner=95 res=3.873e-03 ratio=9.86e-04 Cd=1.386657 Cl=1.020921
step=4000/30000 t=40.000 cfl=1.00 inner=96 res=3.637e-03 ratio=9.84e-04 Cd=1.357677 Cl=0.391211
step=4100/30000 t=41.000 cfl=1.00 inner=116 res=4.398e-03 ratio=9.95e-04 Cd=1.351574 Cl=-0.962901
step=4200/30000 t=42.000 cfl=1.00 inner=81 res=3.599e-03 ratio=9.91e-04 Cd=1.431830 Cl=-0.853287
step=4300/30000 t=43.000 cfl=1.00 inner=109 res=5.531e-03 ratio=9.84e-04 Cd=1.290152 Cl=0.553074
step=4400/30000 t=44.000 cfl=1.00 inner=85 res=3.550e-03 ratio=9.96e-04 Cd=1.486107 Cl=1.053344
step=4500/30000 t=45.000 cfl=1.00 inner=85 res=4.104e-03 ratio=9.99e-04 Cd=1.311945 Cl=-0.215469
step=4600/30000 t=46.000 cfl=1.00 inner=89 res=4.335e-03 ratio=9.77e-04 Cd=1.472788 Cl=-1.233435
step=4700/30000 t=47.000 cfl=1.00 inner=112 res=5.264e-03 ratio=9.79e-04 Cd=1.306832 Cl=-0.450357
step=4800/30000 t=48.000 cfl=1.00 inner=98 res=3.460e-03 ratio=9.94e-04 Cd=1.308932 Cl=0.933620
step=4900/30000 t=49.000 cfl=1.00 inner=75 res=3.790e-03 ratio=9.90e-04 Cd=1.415398 Cl=0.672710
step=5000/30000 t=50.000 cfl=1.00 inner=111 res=4.064e-03 ratio=9.80e-04 Cd=1.306882 Cl=-0.711250
step=5100/30000 t=51.000 cfl=1.00 inner=113 res=7.438e-03 ratio=9.83e-04 Cd=1.462225 Cl=-1.091299
step=5200/30000 t=52.000 cfl=1.00 inner=107 res=6.177e-03 ratio=9.86e-04 Cd=1.262965 Cl=0.101745
step=5300/30000 t=53.000 cfl=1.00 inner=85 res=3.916e-03 ratio=9.86e-04 Cd=1.429995 Cl=1.101670
step=5400/30000 t=54.000 cfl=1.00 inner=87 res=3.592e-03 ratio=9.88e-04 Cd=1.322805 Cl=0.279657
step=5500/30000 t=55.000 cfl=1.00 inner=92 res=5.741e-03 ratio=9.88e-04 Cd=1.386337 Cl=-1.049344
step=5600/30000 t=56.000 cfl=1.00 inner=90 res=3.687e-03 ratio=9.88e-04 Cd=1.411135 Cl=-0.797508
step=5700/30000 t=57.000 cfl=1.00 inner=102 res=4.481e-03 ratio=9.97e-04 Cd=1.210507 Cl=0.594795
step=5800/30000 t=58.000 cfl=1.00 inner=97 res=4.414e-03 ratio=9.89e-04 Cd=1.445777 Cl=0.965312
step=5900/30000 t=59.000 cfl=1.00 inner=105 res=4.692e-03 ratio=9.76e-04 Cd=1.250406 Cl=-0.301637
step=6000/30000 t=60.000 cfl=1.00 inner=106 res=3.765e-03 ratio=9.92e-04 Cd=1.402120 Cl=-1.115781
step=6100/30000 t=61.000 cfl=1.00 inner=107 res=5.621e-03 ratio=9.93e-04 Cd=1.310100 Cl=-0.178379
step=6200/30000 t=62.000 cfl=1.00 inner=93 res=3.845e-03 ratio=9.78e-04 Cd=1.316177 Cl=1.060081
step=6300/30000 t=63.000 cfl=1.00 inner=107 res=3.553e-03 ratio=9.88e-04 Cd=1.400929 Cl=0.512173
step=6400/30000 t=64.000 cfl=1.00 inner=105 res=4.854e-03 ratio=9.78e-04 Cd=1.342564 Cl=-0.911064
step=6500/30000 t=65.000 cfl=1.00 inner=94 res=3.897e-03 ratio=9.80e-04 Cd=1.443408 Cl=-0.950114
step=6600/30000 t=66.000 cfl=1.00 inner=110 res=4.979e-03 ratio=9.81e-04 Cd=1.185734 Cl=0.377878
step=6700/30000 t=67.000 cfl=1.00 inner=95 res=3.463e-03 ratio=9.85e-04 Cd=1.432803 Cl=0.997643
step=6800/30000 t=68.000 cfl=1.00 inner=94 res=3.648e-03 ratio=9.89e-04 Cd=1.283459 Cl=-0.099437
step=6900/30000 t=69.000 cfl=1.00 inner=106 res=3.958e-03 ratio=9.94e-04 Cd=1.390193 Cl=-1.142754
step=7000/30000 t=70.000 cfl=1.00 inner=94 res=3.696e-03 ratio=9.99e-04 Cd=1.339950 Cl=-0.434589
step=7100/30000 t=71.000 cfl=1.00 inner=99 res=3.981e-03 ratio=9.95e-04 Cd=1.339165 Cl=0.906409
step=7200/30000 t=72.000 cfl=1.00 inner=80 res=3.504e-03 ratio=9.84e-04 Cd=1.402961 Cl=0.739934
step=7300/30000 t=73.000 cfl=1.00 inner=110 res=5.406e-03 ratio=9.87e-04 Cd=1.317086 Cl=-0.663381
step=7400/30000 t=74.000 cfl=1.00 inner=86 res=3.872e-03 ratio=9.85e-04 Cd=1.444978 Cl=-1.125265
step=7500/30000 t=75.000 cfl=1.00 inner=113 res=4.421e-03 ratio=1.00e-03 Cd=1.300743 Cl=0.117788
step=7600/30000 t=76.000 cfl=1.00 inner=104 res=3.967e-03 ratio=9.76e-04 Cd=1.456736 Cl=1.117652
step=7700/30000 t=77.000 cfl=1.00 inner=90 res=3.869e-03 ratio=9.97e-04 Cd=1.350692 Cl=0.259660
step=7800/30000 t=78.000 cfl=1.00 inner=92 res=4.104e-03 ratio=9.90e-04 Cd=1.454477 Cl=-1.078417
step=7900/30000 t=79.000 cfl=1.00 inner=113 res=8.809e-03 ratio=1.00e-03 Cd=1.424320 Cl=-0.798741
step=8000/30000 t=80.000 cfl=1.00 inner=102 res=4.409e-03 ratio=9.91e-04 Cd=1.237397 Cl=0.591961
step=8100/30000 t=81.000 cfl=1.00 inner=89 res=3.477e-03 ratio=9.98e-04 Cd=1.453840 Cl=0.924236
step=8200/30000 t=82.000 cfl=1.00 inner=89 res=3.698e-03 ratio=9.76e-04 Cd=1.292745 Cl=-0.272853
step=8300/30000 t=83.000 cfl=1.00 inner=96 res=3.476e-03 ratio=9.80e-04 Cd=1.415164 Cl=-1.139483
step=8400/30000 t=84.000 cfl=1.00 inner=98 res=3.892e-03 ratio=9.94e-04 Cd=1.296364 Cl=-0.326163
step=8500/30000 t=85.000 cfl=1.00 inner=100 res=3.611e-03 ratio=9.97e-04 Cd=1.289898 Cl=0.941328
step=8600/30000 t=86.000 cfl=1.00 inner=107 res=4.219e-03 ratio=9.73e-04 Cd=1.418306 Cl=0.522592
step=8700/30000 t=87.000 cfl=1.00 inner=105 res=4.975e-03 ratio=9.79e-04 Cd=1.330699 Cl=-0.873962
step=8800/30000 t=88.000 cfl=1.00 inner=112 res=5.061e-03 ratio=9.87e-04 Cd=1.438153 Cl=-0.988304
step=8900/30000 t=89.000 cfl=1.00 inner=100 res=4.070e-03 ratio=9.88e-04 Cd=1.267396 Cl=0.346998
step=9000/30000 t=90.000 cfl=1.00 inner=98 res=4.716e-03 ratio=9.77e-04 Cd=1.437399 Cl=1.089633
step=9100/30000 t=91.000 cfl=1.00 inner=106 res=4.917e-03 ratio=9.95e-04 Cd=1.257582 Cl=0.040351
step=9200/30000 t=92.000 cfl=1.00 inner=102 res=4.649e-03 ratio=9.90e-04 Cd=1.423507 Cl=-1.009993
step=9300/30000 t=93.000 cfl=1.00 inner=93 res=3.331e-03 ratio=9.71e-04 Cd=1.365810 Cl=-0.361629
step=9400/30000 t=94.000 cfl=1.00 inner=92 res=3.431e-03 ratio=9.99e-04 Cd=1.307900 Cl=0.991778
step=9500/30000 t=95.000 cfl=1.00 inner=96 res=3.925e-03 ratio=9.92e-04 Cd=1.429964 Cl=0.774099
step=9600/30000 t=96.000 cfl=1.00 inner=104 res=5.046e-03 ratio=9.85e-04 Cd=1.317452 Cl=-0.730722
step=9700/30000 t=97.000 cfl=1.00 inner=98 res=4.042e-03 ratio=9.92e-04 Cd=1.492821 Cl=-1.108077
step=9800/30000 t=98.000 cfl=1.00 inner=115 res=7.218e-03 ratio=9.73e-04 Cd=1.323468 Cl=0.191513
step=9900/30000 t=99.000 cfl=1.00 inner=103 res=3.641e-03 ratio=9.78e-04 Cd=1.456808 Cl=1.169034
step=10000/30000 t=100.000 cfl=1.00 inner=97 res=4.823e-03 ratio=9.77e-04 Cd=1.354261 Cl=0.225770
step=10100/30000 t=101.000 cfl=1.00 inner=108 res=3.733e-03 ratio=9.80e-04 Cd=1.383581 Cl=-1.135160
step=10200/30000 t=102.000 cfl=1.00 inner=108 res=4.668e-03 ratio=9.85e-04 Cd=1.345646 Cl=-0.605406
step=10300/30000 t=103.000 cfl=1.00 inner=108 res=6.007e-03 ratio=9.84e-04 Cd=1.285373 Cl=0.838885
step=10400/30000 t=104.000 cfl=1.00 inner=103 res=4.395e-03 ratio=9.92e-04 Cd=1.434614 Cl=0.779411
step=10500/30000 t=105.000 cfl=1.00 inner=108 res=6.645e-03 ratio=9.81e-04 Cd=1.313887 Cl=-0.625485
step=10600/30000 t=106.000 cfl=1.00 inner=111 res=4.451e-03 ratio=9.86e-04 Cd=1.544317 Cl=-1.117767
step=10700/30000 t=107.000 cfl=1.00 inner=96 res=3.750e-03 ratio=9.93e-04 Cd=1.255657 Cl=-0.005813
step=10800/30000 t=108.000 cfl=1.00 inner=95 res=3.803e-03 ratio=9.77e-04 Cd=1.415206 Cl=1.067894
step=10900/30000 t=109.000 cfl=1.00 inner=115 res=7.267e-03 ratio=9.88e-04 Cd=1.340514 Cl=0.367697
step=11000/30000 t=110.000 cfl=1.00 inner=103 res=4.164e-03 ratio=9.85e-04 Cd=1.297048 Cl=-0.877410
step=11100/30000 t=111.000 cfl=1.00 inner=99 res=4.591e-03 ratio=9.81e-04 Cd=1.379891 Cl=-0.811663
step=11200/30000 t=112.000 cfl=1.00 inner=87 res=3.668e-03 ratio=9.87e-04 Cd=1.177727 Cl=0.460332
step=11300/30000 t=113.000 cfl=1.00 inner=84 res=3.884e-03 ratio=9.81e-04 Cd=1.395952 Cl=0.926255
step=11400/30000 t=114.000 cfl=1.00 inner=100 res=4.326e-03 ratio=9.85e-04 Cd=1.251601 Cl=-0.135215
step=11500/30000 t=115.000 cfl=1.00 inner=91 res=4.498e-03 ratio=9.82e-04 Cd=1.370444 Cl=-1.043271
step=11600/30000 t=116.000 cfl=1.00 inner=105 res=4.571e-03 ratio=9.77e-04 Cd=1.346865 Cl=-0.242917
step=11700/30000 t=117.000 cfl=1.00 inner=100 res=3.526e-03 ratio=9.87e-04 Cd=1.333880 Cl=1.013686
step=11800/30000 t=118.000 cfl=1.00 inner=96 res=3.802e-03 ratio=9.86e-04 Cd=1.410562 Cl=0.533663
step=11900/30000 t=119.000 cfl=1.00 inner=96 res=3.814e-03 ratio=9.80e-04 Cd=1.346098 Cl=-0.903540
step=12000/30000 t=120.000 cfl=1.00 inner=96 res=3.487e-03 ratio=9.89e-04 Cd=1.454074 Cl=-0.967663
step=12100/30000 t=121.000 cfl=1.00 inner=118 res=5.623e-03 ratio=9.90e-04 Cd=1.289657 Cl=0.368635
step=12200/30000 t=122.000 cfl=1.00 inner=84 res=3.439e-03 ratio=1.00e-03 Cd=1.457821 Cl=1.054367
step=12300/30000 t=123.000 cfl=1.00 inner=118 res=8.327e-03 ratio=9.75e-04 Cd=1.279885 Cl=-0.069770
step=12400/30000 t=124.000 cfl=1.00 inner=105 res=3.909e-03 ratio=9.89e-04 Cd=1.434073 Cl=-1.038672
step=12500/30000 t=125.000 cfl=1.00 inner=102 res=4.512e-03 ratio=9.88e-04 Cd=1.287045 Cl=-0.285573
step=12600/30000 t=126.000 cfl=1.00 inner=110 res=4.084e-03 ratio=9.84e-04 Cd=1.298123 Cl=0.903781
step=12700/30000 t=127.000 cfl=1.00 inner=104 res=3.757e-03 ratio=9.77e-04 Cd=1.394178 Cl=0.627681
step=12800/30000 t=128.000 cfl=1.00 inner=100 res=3.976e-03 ratio=9.82e-04 Cd=1.294245 Cl=-0.697994
step=12900/30000 t=129.000 cfl=1.00 inner=90 res=4.798e-03 ratio=9.95e-04 Cd=1.451034 Cl=-1.056435
step=13000/30000 t=130.000 cfl=1.00 inner=120 res=6.342e-03 ratio=9.86e-04 Cd=1.279003 Cl=0.191488
step=13100/30000 t=131.000 cfl=1.00 inner=80 res=3.415e-03 ratio=9.83e-04 Cd=1.420554 Cl=1.042888
step=13200/30000 t=132.000 cfl=1.00 inner=101 res=3.850e-03 ratio=1.00e-03 Cd=1.310617 Cl=0.073989
step=13300/30000 t=133.000 cfl=1.00 inner=105 res=4.166e-03 ratio=9.84e-04 Cd=1.402923 Cl=-1.125888
step=13400/30000 t=134.000 cfl=1.00 inner=108 res=4.998e-03 ratio=9.83e-04 Cd=1.362063 Cl=-0.670936
step=13500/30000 t=135.000 cfl=1.00 inner=105 res=4.739e-03 ratio=9.84e-04 Cd=1.251373 Cl=0.709663
step=13600/30000 t=136.000 cfl=1.00 inner=66 res=2.949e-03 ratio=9.93e-04 Cd=1.403637 Cl=0.820245
step=13700/30000 t=137.000 cfl=1.00 inner=103 res=3.989e-03 ratio=9.96e-04 Cd=1.253930 Cl=-0.478866
step=13800/30000 t=138.000 cfl=1.00 inner=98 res=4.289e-03 ratio=9.84e-04 Cd=1.446503 Cl=-1.107381
step=13900/30000 t=139.000 cfl=1.00 inner=112 res=5.459e-03 ratio=9.98e-04 Cd=1.254465 Cl=-0.074299
step=14000/30000 t=140.000 cfl=1.00 inner=105 res=3.781e-03 ratio=9.71e-04 Cd=1.407406 Cl=1.079002
step=14100/30000 t=141.000 cfl=1.00 inner=115 res=5.278e-03 ratio=9.81e-04 Cd=1.340258 Cl=0.420110
step=14200/30000 t=142.000 cfl=1.00 inner=104 res=3.629e-03 ratio=9.73e-04 Cd=1.313251 Cl=-0.885401
step=14300/30000 t=143.000 cfl=1.00 inner=101 res=4.236e-03 ratio=9.84e-04 Cd=1.358949 Cl=-0.700683
step=14400/30000 t=144.000 cfl=1.00 inner=103 res=3.710e-03 ratio=9.77e-04 Cd=1.214784 Cl=0.572884
step=14500/30000 t=145.000 cfl=1.00 inner=109 res=3.849e-03 ratio=9.84e-04 Cd=1.401426 Cl=0.936928
step=14600/30000 t=146.000 cfl=1.00 inner=102 res=5.239e-03 ratio=9.88e-04 Cd=1.287624 Cl=-0.211575
step=14700/30000 t=147.000 cfl=1.00 inner=94 res=3.153e-03 ratio=9.80e-04 Cd=1.409983 Cl=-1.168204
step=14800/30000 t=148.000 cfl=1.00 inner=121 res=5.454e-03 ratio=9.76e-04 Cd=1.317041 Cl=-0.334468
step=14900/30000 t=149.000 cfl=1.00 inner=106 res=4.548e-03 ratio=9.83e-04 Cd=1.328273 Cl=0.922102
step=15000/30000 t=150.000 cfl=1.00 inner=101 res=4.247e-03 ratio=9.90e-04 Cd=1.382608 Cl=0.536952
step=15100/30000 t=151.000 cfl=1.00 inner=107 res=5.290e-03 ratio=9.94e-04 Cd=1.306707 Cl=-0.771648
step=15200/30000 t=152.000 cfl=1.00 inner=95 res=4.408e-03 ratio=9.81e-04 Cd=1.414415 Cl=-0.932956
step=15300/30000 t=153.000 cfl=1.00 inner=103 res=4.144e-03 ratio=9.81e-04 Cd=1.235744 Cl=0.320045
step=15400/30000 t=154.000 cfl=1.00 inner=103 res=3.937e-03 ratio=9.96e-04 Cd=1.484351 Cl=1.032010
step=15500/30000 t=155.000 cfl=1.00 inner=98 res=4.918e-03 ratio=9.73e-04 Cd=1.325692 Cl=0.017002
step=15600/30000 t=156.000 cfl=1.00 inner=85 res=3.502e-03 ratio=9.83e-04 Cd=1.394076 Cl=-1.121403
step=15700/30000 t=157.000 cfl=1.00 inner=71 res=3.021e-03 ratio=9.85e-04 Cd=1.354372 Cl=-0.466529
step=15800/30000 t=158.000 cfl=1.00 inner=103 res=4.805e-03 ratio=9.93e-04 Cd=1.374563 Cl=0.931583
step=15900/30000 t=159.000 cfl=1.00 inner=89 res=3.624e-03 ratio=9.83e-04 Cd=1.449607 Cl=0.862495
step=16000/30000 t=160.000 cfl=1.00 inner=113 res=6.716e-03 ratio=9.76e-04 Cd=1.289663 Cl=-0.578734
step=16100/30000 t=161.000 cfl=1.00 inner=95 res=4.578e-03 ratio=9.88e-04 Cd=1.480825 Cl=-1.142798
step=16200/30000 t=162.000 cfl=1.00 inner=104 res=4.292e-03 ratio=9.79e-04 Cd=1.229859 Cl=0.044137
step=16300/30000 t=163.000 cfl=1.00 inner=83 res=3.878e-03 ratio=9.87e-04 Cd=1.425395 Cl=1.033953
step=16400/30000 t=164.000 cfl=1.00 inner=92 res=3.835e-03 ratio=9.89e-04 Cd=1.332784 Cl=0.279420
step=16500/30000 t=165.000 cfl=1.00 inner=106 res=3.302e-03 ratio=9.80e-04 Cd=1.345032 Cl=-1.003717
step=16600/30000 t=166.000 cfl=1.00 inner=107 res=4.433e-03 ratio=9.82e-04 Cd=1.390120 Cl=-0.752209
step=16700/30000 t=167.000 cfl=1.00 inner=105 res=4.016e-03 ratio=9.78e-04 Cd=1.276647 Cl=0.672348
step=16800/30000 t=168.000 cfl=1.00 inner=106 res=4.246e-03 ratio=9.72e-04 Cd=1.467557 Cl=1.005859
step=16900/30000 t=169.000 cfl=1.00 inner=107 res=4.990e-03 ratio=9.89e-04 Cd=1.308422 Cl=-0.320823
step=17000/30000 t=170.000 cfl=1.00 inner=83 res=4.074e-03 ratio=9.81e-04 Cd=1.440973 Cl=-1.186543
step=17100/30000 t=171.000 cfl=1.00 inner=103 res=5.009e-03 ratio=9.93e-04 Cd=1.322200 Cl=-0.210081
step=17200/30000 t=172.000 cfl=1.00 inner=104 res=3.598e-03 ratio=9.71e-04 Cd=1.393900 Cl=0.973238
step=17300/30000 t=173.000 cfl=1.00 inner=103 res=4.010e-03 ratio=9.95e-04 Cd=1.384547 Cl=0.504439
step=17400/30000 t=174.000 cfl=1.00 inner=99 res=3.798e-03 ratio=9.81e-04 Cd=1.311704 Cl=-0.857316
step=17500/30000 t=175.000 cfl=1.00 inner=85 res=4.503e-03 ratio=9.81e-04 Cd=1.427271 Cl=-0.938851
step=17600/30000 t=176.000 cfl=1.00 inner=100 res=5.840e-03 ratio=9.97e-04 Cd=1.180829 Cl=0.351236
step=17700/30000 t=177.000 cfl=1.00 inner=96 res=4.575e-03 ratio=9.83e-04 Cd=1.402648 Cl=0.949686
step=17800/30000 t=178.000 cfl=1.00 inner=109 res=5.694e-03 ratio=9.82e-04 Cd=1.284217 Cl=-0.119198
step=17900/30000 t=179.000 cfl=1.00 inner=102 res=3.446e-03 ratio=9.73e-04 Cd=1.371780 Cl=-1.121553
step=18000/30000 t=180.000 cfl=1.00 inner=94 res=3.676e-03 ratio=9.99e-04 Cd=1.316720 Cl=-0.355753
step=18100/30000 t=181.000 cfl=1.00 inner=111 res=4.895e-03 ratio=9.79e-04 Cd=1.402761 Cl=0.947690
step=18200/30000 t=182.000 cfl=1.00 inner=110 res=5.401e-03 ratio=9.75e-04 Cd=1.409153 Cl=0.658882
step=18300/30000 t=183.000 cfl=1.00 inner=112 res=5.454e-03 ratio=9.85e-04 Cd=1.256660 Cl=-0.656823
step=18400/30000 t=184.000 cfl=1.00 inner=77 res=3.584e-03 ratio=9.96e-04 Cd=1.394305 Cl=-0.874068
step=18500/30000 t=185.000 cfl=1.00 inner=100 res=3.934e-03 ratio=1.00e-03 Cd=1.191006 Cl=0.311100
step=18600/30000 t=186.000 cfl=1.00 inner=84 res=3.253e-03 ratio=9.76e-04 Cd=1.377941 Cl=0.967776
step=18700/30000 t=187.000 cfl=1.00 inner=113 res=4.125e-03 ratio=9.80e-04 Cd=1.315147 Cl=0.054836
step=18800/30000 t=188.000 cfl=1.00 inner=97 res=3.723e-03 ratio=9.97e-04 Cd=1.354660 Cl=-1.026505
step=18900/30000 t=189.000 cfl=1.00 inner=109 res=5.256e-03 ratio=9.75e-04 Cd=1.377696 Cl=-0.411642
step=19000/30000 t=190.000 cfl=1.00 inner=87 res=3.166e-03 ratio=9.85e-04 Cd=1.317646 Cl=0.872979
step=19100/30000 t=191.000 cfl=1.00 inner=92 res=4.402e-03 ratio=9.79e-04 Cd=1.393024 Cl=0.699976
step=19200/30000 t=192.000 cfl=1.00 inner=109 res=4.809e-03 ratio=9.87e-04 Cd=1.263331 Cl=-0.659198
step=19300/30000 t=193.000 cfl=1.00 inner=98 res=3.859e-03 ratio=9.97e-04 Cd=1.442521 Cl=-1.037889
step=19400/30000 t=194.000 cfl=1.00 inner=99 res=5.119e-03 ratio=9.79e-04 Cd=1.345585 Cl=0.244927
step=19500/30000 t=195.000 cfl=1.00 inner=96 res=4.177e-03 ratio=9.99e-04 Cd=1.466563 Cl=1.151628
step=19600/30000 t=196.000 cfl=1.00 inner=108 res=4.931e-03 ratio=9.87e-04 Cd=1.335277 Cl=0.156713
step=19700/30000 t=197.000 cfl=1.00 inner=105 res=3.720e-03 ratio=9.87e-04 Cd=1.400890 Cl=-1.033017
step=19800/30000 t=198.000 cfl=1.00 inner=100 res=3.767e-03 ratio=9.89e-04 Cd=1.321277 Cl=-0.458629
step=19900/30000 t=199.000 cfl=1.00 inner=98 res=4.080e-03 ratio=9.99e-04 Cd=1.306498 Cl=0.855457
step=20000/30000 t=200.000 cfl=1.00 inner=92 res=3.579e-03 ratio=9.90e-04 Cd=1.427335 Cl=0.853289
step=20100/30000 t=201.000 cfl=1.00 inner=99 res=4.090e-03 ratio=9.89e-04 Cd=1.292695 Cl=-0.551503
step=20200/30000 t=202.000 cfl=1.00 inner=109 res=4.795e-03 ratio=9.79e-04 Cd=1.457686 Cl=-1.082354
step=20300/30000 t=203.000 cfl=1.00 inner=109 res=3.980e-03 ratio=9.71e-04 Cd=1.259567 Cl=0.080789
step=20400/30000 t=204.000 cfl=1.00 inner=90 res=3.280e-03 ratio=9.86e-04 Cd=1.416608 Cl=1.041464
step=20500/30000 t=205.000 cfl=1.00 inner=103 res=3.999e-03 ratio=9.92e-04 Cd=1.340099 Cl=0.308619
step=20600/30000 t=206.000 cfl=1.00 inner=92 res=3.965e-03 ratio=9.97e-04 Cd=1.342384 Cl=-1.004609
step=20700/30000 t=207.000 cfl=1.00 inner=91 res=4.509e-03 ratio=9.94e-04 Cd=1.438377 Cl=-0.769685
step=20800/30000 t=208.000 cfl=1.00 inner=102 res=4.043e-03 ratio=9.94e-04 Cd=1.259594 Cl=0.613309
step=20900/30000 t=209.000 cfl=1.00 inner=100 res=5.624e-03 ratio=9.98e-04 Cd=1.483385 Cl=0.958435
step=21000/30000 t=210.000 cfl=1.00 inner=90 res=3.392e-03 ratio=9.91e-04 Cd=1.297729 Cl=-0.309674
step=21100/30000 t=211.000 cfl=1.00 inner=68 res=2.972e-03 ratio=9.93e-04 Cd=1.425565 Cl=-1.179893
step=21200/30000 t=212.000 cfl=1.00 inner=118 res=6.475e-03 ratio=9.74e-04 Cd=1.347760 Cl=-0.296861
step=21300/30000 t=213.000 cfl=1.00 inner=113 res=5.092e-03 ratio=9.90e-04 Cd=1.341574 Cl=1.027944
step=21400/30000 t=214.000 cfl=1.00 inner=108 res=4.591e-03 ratio=9.74e-04 Cd=1.422099 Cl=0.580271
step=21500/30000 t=215.000 cfl=1.00 inner=95 res=3.840e-03 ratio=9.86e-04 Cd=1.343730 Cl=-0.942022
step=21600/30000 t=216.000 cfl=1.00 inner=103 res=4.154e-03 ratio=9.82e-04 Cd=1.435134 Cl=-0.975643
step=21700/30000 t=217.000 cfl=1.00 inner=106 res=3.883e-03 ratio=9.95e-04 Cd=1.237903 Cl=0.404191
step=21800/30000 t=218.000 cfl=1.00 inner=81 res=3.237e-03 ratio=9.96e-04 Cd=1.445777 Cl=1.026865
step=21900/30000 t=219.000 cfl=1.00 inner=85 res=3.255e-03 ratio=9.98e-04 Cd=1.317665 Cl=-0.098601
step=22000/30000 t=220.000 cfl=1.00 inner=99 res=3.892e-03 ratio=9.75e-04 Cd=1.431829 Cl=-1.214581
step=22100/30000 t=221.000 cfl=1.00 inner=100 res=3.902e-03 ratio=9.97e-04 Cd=1.358736 Cl=-0.480801
step=22200/30000 t=222.000 cfl=1.00 inner=100 res=4.465e-03 ratio=9.76e-04 Cd=1.306621 Cl=0.892403
step=22300/30000 t=223.000 cfl=1.00 inner=111 res=4.409e-03 ratio=9.92e-04 Cd=1.413693 Cl=0.700244
step=22400/30000 t=224.000 cfl=1.00 inner=94 res=3.655e-03 ratio=9.84e-04 Cd=1.202143 Cl=-0.620392
step=22500/30000 t=225.000 cfl=1.00 inner=94 res=4.448e-03 ratio=9.95e-04 Cd=1.386861 Cl=-0.895166
step=22600/30000 t=226.000 cfl=1.00 inner=112 res=5.074e-03 ratio=9.96e-04 Cd=1.218329 Cl=0.241853
step=22700/30000 t=227.000 cfl=1.00 inner=88 res=4.129e-03 ratio=9.85e-04 Cd=1.362940 Cl=1.048540
step=22800/30000 t=228.000 cfl=1.00 inner=79 res=3.796e-03 ratio=9.96e-04 Cd=1.317780 Cl=0.186612
step=22900/30000 t=229.000 cfl=1.00 inner=96 res=3.907e-03 ratio=9.74e-04 Cd=1.342572 Cl=-1.064163
step=23000/30000 t=230.000 cfl=1.00 inner=109 res=4.083e-03 ratio=9.84e-04 Cd=1.370201 Cl=-0.501881
step=23100/30000 t=231.000 cfl=1.00 inner=111 res=4.653e-03 ratio=9.75e-04 Cd=1.341332 Cl=0.833493
step=23200/30000 t=232.000 cfl=1.00 inner=116 res=4.480e-03 ratio=9.95e-04 Cd=1.457743 Cl=0.700965
step=23300/30000 t=233.000 cfl=1.00 inner=108 res=4.377e-03 ratio=9.85e-04 Cd=1.318635 Cl=-0.617922
step=23400/30000 t=234.000 cfl=1.00 inner=86 res=3.796e-03 ratio=9.78e-04 Cd=1.454511 Cl=-1.096119
step=23500/30000 t=235.000 cfl=1.00 inner=114 res=7.006e-03 ratio=9.98e-04 Cd=1.351768 Cl=0.063219
step=23600/30000 t=236.000 cfl=1.00 inner=100 res=3.783e-03 ratio=9.98e-04 Cd=1.438614 Cl=1.164259
step=23700/30000 t=237.000 cfl=1.00 inner=115 res=7.043e-03 ratio=9.91e-04 Cd=1.344935 Cl=0.294385
step=23800/30000 t=238.000 cfl=1.00 inner=114 res=4.552e-03 ratio=9.85e-04 Cd=1.399167 Cl=-0.978342
step=23900/30000 t=239.000 cfl=1.00 inner=104 res=4.042e-03 ratio=9.99e-04 Cd=1.379658 Cl=-0.656259
step=24000/30000 t=240.000 cfl=1.00 inner=96 res=3.792e-03 ratio=9.99e-04 Cd=1.233361 Cl=0.645793
step=24100/30000 t=241.000 cfl=1.00 inner=81 res=3.574e-03 ratio=9.97e-04 Cd=1.391341 Cl=0.901777
step=24200/30000 t=242.000 cfl=1.00 inner=107 res=4.055e-03 ratio=9.83e-04 Cd=1.260725 Cl=-0.311544
step=24300/30000 t=243.000 cfl=1.00 inner=91 res=3.875e-03 ratio=9.93e-04 Cd=1.391672 Cl=-1.084213
step=24400/30000 t=244.000 cfl=1.00 inner=98 res=3.441e-03 ratio=9.89e-04 Cd=1.283924 Cl=-0.086810
step=24500/30000 t=245.000 cfl=1.00 inner=113 res=3.479e-03 ratio=9.92e-04 Cd=1.414409 Cl=1.010962
step=24600/30000 t=246.000 cfl=1.00 inner=99 res=3.209e-03 ratio=9.92e-04 Cd=1.350374 Cl=0.456001
step=24700/30000 t=247.000 cfl=1.00 inner=105 res=4.236e-03 ratio=9.83e-04 Cd=1.333567 Cl=-0.888205
step=24800/30000 t=248.000 cfl=1.00 inner=106 res=5.509e-03 ratio=9.79e-04 Cd=1.426133 Cl=-0.889063
step=24900/30000 t=249.000 cfl=1.00 inner=98 res=4.521e-03 ratio=9.75e-04 Cd=1.223145 Cl=0.495042
step=25000/30000 t=250.000 cfl=1.00 inner=101 res=4.294e-03 ratio=9.88e-04 Cd=1.457334 Cl=0.975030
step=25100/30000 t=251.000 cfl=1.00 inner=110 res=5.327e-03 ratio=9.78e-04 Cd=1.335705 Cl=-0.166419
step=25200/30000 t=252.000 cfl=1.00 inner=93 res=3.364e-03 ratio=9.81e-04 Cd=1.393161 Cl=-1.158416
step=25300/30000 t=253.000 cfl=1.00 inner=102 res=3.719e-03 ratio=9.84e-04 Cd=1.325074 Cl=-0.375893
step=25400/30000 t=254.000 cfl=1.00 inner=102 res=3.999e-03 ratio=9.73e-04 Cd=1.358000 Cl=0.941174
step=25500/30000 t=255.000 cfl=1.00 inner=107 res=4.904e-03 ratio=9.72e-04 Cd=1.434395 Cl=0.699686
step=25600/30000 t=256.000 cfl=1.00 inner=102 res=4.439e-03 ratio=9.78e-04 Cd=1.244161 Cl=-0.608071
step=25700/30000 t=257.000 cfl=1.00 inner=110 res=4.094e-03 ratio=9.96e-04 Cd=1.439092 Cl=-0.916290
step=25800/30000 t=258.000 cfl=1.00 inner=102 res=4.410e-03 ratio=9.73e-04 Cd=1.228438 Cl=0.219897
step=25900/30000 t=259.000 cfl=1.00 inner=88 res=3.718e-03 ratio=9.68e-04 Cd=1.411149 Cl=1.039011
step=26000/30000 t=260.000 cfl=1.00 inner=84 res=3.713e-03 ratio=9.93e-04 Cd=1.316060 Cl=0.179749
step=26100/30000 t=261.000 cfl=1.00 inner=96 res=3.964e-03 ratio=9.76e-04 Cd=1.344350 Cl=-1.053806
step=26200/30000 t=262.000 cfl=1.00 inner=105 res=4.184e-03 ratio=9.84e-04 Cd=1.424327 Cl=-0.624930
step=26300/30000 t=263.000 cfl=1.00 inner=111 res=4.822e-03 ratio=9.99e-04 Cd=1.307279 Cl=0.852627
step=26400/30000 t=264.000 cfl=1.00 inner=112 res=5.874e-03 ratio=9.87e-04 Cd=1.491055 Cl=0.851909
step=26500/30000 t=265.000 cfl=1.00 inner=120 res=4.532e-03 ratio=9.97e-04 Cd=1.274612 Cl=-0.479587
step=26600/30000 t=266.000 cfl=1.00 inner=97 res=3.799e-03 ratio=9.79e-04 Cd=1.418205 Cl=-0.944127
step=26700/30000 t=267.000 cfl=1.00 inner=108 res=4.155e-03 ratio=9.94e-04 Cd=1.189546 Cl=0.158184
step=26800/30000 t=268.000 cfl=1.00 inner=82 res=3.631e-03 ratio=9.87e-04 Cd=1.366220 Cl=1.049320
step=26900/30000 t=269.000 cfl=1.00 inner=91 res=3.479e-03 ratio=9.94e-04 Cd=1.320989 Cl=0.248862
step=27000/30000 t=270.000 cfl=1.00 inner=97 res=4.484e-03 ratio=9.83e-04 Cd=1.337074 Cl=-1.040678
step=27100/30000 t=271.000 cfl=1.00 inner=100 res=3.583e-03 ratio=9.97e-04 Cd=1.403332 Cl=-0.685358
step=27200/30000 t=272.000 cfl=1.00 inner=107 res=4.113e-03 ratio=9.76e-04 Cd=1.353450 Cl=0.823282
step=27300/30000 t=273.000 cfl=1.00 inner=99 res=4.858e-03 ratio=9.83e-04 Cd=1.472897 Cl=0.943674
step=27400/30000 t=274.000 cfl=1.00 inner=111 res=4.998e-03 ratio=9.95e-04 Cd=1.350723 Cl=-0.506492
step=27500/30000 t=275.000 cfl=1.00 inner=107 res=4.575e-03 ratio=9.77e-04 Cd=1.524778 Cl=-1.238827
step=27600/30000 t=276.000 cfl=1.00 inner=113 res=7.983e-03 ratio=9.95e-04 Cd=1.283719 Cl=-0.162197
step=27700/30000 t=277.000 cfl=1.00 inner=98 res=3.706e-03 ratio=9.77e-04 Cd=1.370528 Cl=0.994296
step=27800/30000 t=278.000 cfl=1.00 inner=88 res=3.605e-03 ratio=9.90e-04 Cd=1.369821 Cl=0.359875
step=27900/30000 t=279.000 cfl=1.00 inner=94 res=3.581e-03 ratio=9.86e-04 Cd=1.354263 Cl=-0.991558
step=28000/30000 t=280.000 cfl=1.00 inner=97 res=3.226e-03 ratio=9.98e-04 Cd=1.440517 Cl=-0.861617
step=28100/30000 t=281.000 cfl=1.00 inner=92 res=4.431e-03 ratio=9.99e-04 Cd=1.314546 Cl=0.589383
step=28200/30000 t=282.000 cfl=1.00 inner=89 res=3.207e-03 ratio=1.00e-03 Cd=1.516598 Cl=1.067767
step=28300/30000 t=283.000 cfl=1.00 inner=93 res=4.222e-03 ratio=9.90e-04 Cd=1.251487 Cl=-0.173178
step=28400/30000 t=284.000 cfl=1.00 inner=83 res=3.632e-03 ratio=9.78e-04 Cd=1.426148 Cl=-1.049506
step=28500/30000 t=285.000 cfl=1.00 inner=103 res=5.295e-03 ratio=9.85e-04 Cd=1.256051 Cl=-0.158340
step=28600/30000 t=286.000 cfl=1.00 inner=91 res=4.036e-03 ratio=9.84e-04 Cd=1.314374 Cl=0.976813
step=28700/30000 t=287.000 cfl=1.00 inner=78 res=3.638e-03 ratio=9.91e-04 Cd=1.375138 Cl=0.529618
step=28800/30000 t=288.000 cfl=1.00 inner=78 res=3.070e-03 ratio=9.96e-04 Cd=1.281848 Cl=-0.814456
step=28900/30000 t=289.000 cfl=1.00 inner=96 res=3.829e-03 ratio=9.97e-04 Cd=1.453364 Cl=-0.928692
step=29000/30000 t=290.000 cfl=1.00 inner=98 res=3.500e-03 ratio=9.98e-04 Cd=1.210825 Cl=0.394009
step=29100/30000 t=291.000 cfl=1.00 inner=92 res=3.314e-03 ratio=9.82e-04 Cd=1.436592 Cl=0.936568
step=29200/30000 t=292.000 cfl=1.00 inner=79 res=3.681e-03 ratio=9.88e-04 Cd=1.285527 Cl=-0.176486
step=29300/30000 t=293.000 cfl=1.00 inner=85 res=3.617e-03 ratio=9.76e-04 Cd=1.385440 Cl=-1.168165
step=29400/30000 t=294.000 cfl=1.00 inner=99 res=4.394e-03 ratio=9.81e-04 Cd=1.356585 Cl=-0.413759
step=29500/30000 t=295.000 cfl=1.00 inner=93 res=4.781e-03 ratio=9.84e-04 Cd=1.341980 Cl=0.968545
step=29600/30000 t=296.000 cfl=1.00 inner=91 res=4.314e-03 ratio=9.93e-04 Cd=1.429434 Cl=0.743824
step=29700/30000 t=297.000 cfl=1.00 inner=99 res=3.985e-03 ratio=9.94e-04 Cd=1.305382 Cl=-0.657019
step=29800/30000 t=298.000 cfl=1.00 inner=99 res=3.726e-03 ratio=9.78e-04 Cd=1.466311 Cl=-1.063070
step=29900/30000 t=299.000 cfl=1.00 inner=109 res=3.958e-03 ratio=9.85e-04 Cd=1.235445 Cl=0.143366
step=30000/30000 t=300.000 cfl=1.00 inner=87 res=3.133e-03 ratio=9.86e-04 Cd=1.426917 Cl=1.028900
status=statistically_periodic wall_time=12972.8s final_step=30000
