=== cylinder_m010_laminar_re20  (results/cylinder_m010_laminar_re20)
  wrote cylinder_m010_laminar_re20_residuals.png
  wrote cylinder_m010_laminar_re20_forces.png
  body geometry: cylinder
  wrote cylinder_m010_laminar_re20_cp.png
  wrote cylinder_m010_laminar_re20_cf.png
  mesh: 9995 points, 10185 cells
  wrote cylinder_m010_laminar_re20_mach.png
  wrote cylinder_m010_laminar_re20_mach_farfield.png
  wrote cylinder_m010_laminar_re20_pressure.png
  wrote cylinder_m010_laminar_re20_velocity.png
  wrote cylinder_m010_laminar_re20_vorticity.png
=== cylinder_m010_laminar_re200  (results/cylinder_m010_laminar_re200)
  wrote cylinder_m010_laminar_re200_residuals.png
  wrote cylinder_m010_laminar_re200_forces.png
  body geometry: cylinder
  wrote cylinder_m010_laminar_re200_cp.png
  wrote cylinder_m010_laminar_re200_cf.png
  mesh: 9995 points, 10185 cells
  wrote cylinder_m010_laminar_re200_mach.png
  wrote cylinder_m010_laminar_re200_mach_farfield.png
  wrote cylinder_m010_laminar_re200_pressure.png
  wrote cylinder_m010_laminar_re200_velocity.png
  wrote cylinder_m010_laminar_re200_vorticity.png
  running transient shedding analysis
transient analysis: cylinder_m010_laminar_re200
  source                   : results/cylinder_m010_laminar_re200/forces.csv
  samples                  : 12001 in window of 30001 total
  analysis window          : t = [180.0100, 300.0000]  (last 40% of the record)
  steps in window          : 18001 to 30000
  sample interval dt       : 0.01
  mean cd                  : 1.246541
  mean cl                  : 2.447357e-03
  cl amplitude (half p-p)  : 0.530368
  cl amplitude (rms)       : 0.374542
  cd amplitude (half p-p)  : 0.023134
  shedding frequency f     : 0.183025  (period 5.4637)
  zero-crossing cross-check: 0.182931
  frequency resolution     : 0.00833264
  cycles in window         : 21.96
  Strouhal St = f D / U    : 0.183025   (D = 1, U = 1)
  transient json: report/cylinder_m010_laminar_re200_transient.json
=== naca0012_m015_inviscid  (results/naca0012_m015_inviscid)
  wrote naca0012_m015_inviscid_residuals.png
  wrote naca0012_m015_inviscid_forces.png
  body geometry: airfoil
  wrote naca0012_m015_inviscid_cp.png
  skipped cf figure (inviscid case, or cf identically zero)
  mesh: 15682 points, 20816 cells
  wrote naca0012_m015_inviscid_mach.png
  wrote naca0012_m015_inviscid_mach_farfield.png
  wrote naca0012_m015_inviscid_pressure.png
  wrote naca0012_m015_inviscid_velocity.png
  wrote naca0012_m015_inviscid_vorticity.png
=== naca0012_m015_laminar_re5000  (results/naca0012_m015_laminar_re5000)
  wrote naca0012_m015_laminar_re5000_residuals.png
  wrote naca0012_m015_laminar_re5000_forces.png
  body geometry: airfoil
  wrote naca0012_m015_laminar_re5000_cp.png
  wrote naca0012_m015_laminar_re5000_cf.png
  mesh: 15682 points, 20816 cells
  wrote naca0012_m015_laminar_re5000_mach.png
  wrote naca0012_m015_laminar_re5000_mach_farfield.png
  wrote naca0012_m015_laminar_re5000_pressure.png
  wrote naca0012_m015_laminar_re5000_velocity.png
  wrote naca0012_m015_laminar_re5000_vorticity.png
=== naca0012_m080_inviscid  (results/naca0012_m080_inviscid)
  wrote naca0012_m080_inviscid_residuals.png
  wrote naca0012_m080_inviscid_forces.png
  body geometry: airfoil
  wrote naca0012_m080_inviscid_cp.png
  skipped cf figure (inviscid case, or cf identically zero)
  mesh: 15682 points, 20816 cells
  wrote naca0012_m080_inviscid_mach.png
  wrote naca0012_m080_inviscid_mach_farfield.png
  wrote naca0012_m080_inviscid_pressure.png
  wrote naca0012_m080_inviscid_velocity.png
  wrote naca0012_m080_inviscid_vorticity.png
=== naca0012_m080_laminar_re5000  (results/naca0012_m080_laminar_re5000)
  wrote naca0012_m080_laminar_re5000_residuals.png
  wrote naca0012_m080_laminar_re5000_forces.png
  body geometry: airfoil
  wrote naca0012_m080_laminar_re5000_cp.png
  wrote naca0012_m080_laminar_re5000_cf.png
  mesh: 15682 points, 20816 cells
  wrote naca0012_m080_laminar_re5000_mach.png
  wrote naca0012_m080_laminar_re5000_mach_farfield.png
  wrote naca0012_m080_laminar_re5000_pressure.png
  wrote naca0012_m080_laminar_re5000_velocity.png
  wrote naca0012_m080_laminar_re5000_vorticity.png
=== naca0012_m200_inviscid  (results/naca0012_m200_inviscid)
  wrote naca0012_m200_inviscid_residuals.png
  wrote naca0012_m200_inviscid_forces.png
  body geometry: airfoil
  wrote naca0012_m200_inviscid_cp.png
  skipped cf figure (inviscid case, or cf identically zero)
  mesh: 15682 points, 20816 cells
  wrote naca0012_m200_inviscid_mach.png
  wrote naca0012_m200_inviscid_mach_farfield.png
  wrote naca0012_m200_inviscid_pressure.png
  wrote naca0012_m200_inviscid_velocity.png
  wrote naca0012_m200_inviscid_vorticity.png
=== naca0012_m200_laminar_re5000  (results/naca0012_m200_laminar_re5000)
  wrote naca0012_m200_laminar_re5000_residuals.png
  wrote naca0012_m200_laminar_re5000_forces.png
  body geometry: airfoil
  wrote naca0012_m200_laminar_re5000_cp.png
  wrote naca0012_m200_laminar_re5000_cf.png
  mesh: 15682 points, 20816 cells
  wrote naca0012_m200_laminar_re5000_mach.png
  wrote naca0012_m200_laminar_re5000_mach_farfield.png
  wrote naca0012_m200_laminar_re5000_pressure.png
  wrote naca0012_m200_laminar_re5000_velocity.png
  wrote naca0012_m200_laminar_re5000_vorticity.png
=== cylinder_m010_laminar_re20  (results/scaling/cylinder_m010_laminar_re20_np1)
  wrote cylinder_m010_laminar_re20_residuals.png
  wrote cylinder_m010_laminar_re20_forces.png
  body geometry: cylinder
  wrote cylinder_m010_laminar_re20_cp.png
  wrote cylinder_m010_laminar_re20_cf.png
  mesh: 9995 points, 10185 cells
  wrote cylinder_m010_laminar_re20_mach.png
  wrote cylinder_m010_laminar_re20_mach_farfield.png
  wrote cylinder_m010_laminar_re20_pressure.png
  wrote cylinder_m010_laminar_re20_velocity.png
  wrote cylinder_m010_laminar_re20_vorticity.png
=== cylinder_m010_laminar_re20  (results/scaling/cylinder_m010_laminar_re20_np2)
  wrote cylinder_m010_laminar_re20_residuals.png
  wrote cylinder_m010_laminar_re20_forces.png
  body geometry: cylinder
  wrote cylinder_m010_laminar_re20_cp.png
  wrote cylinder_m010_laminar_re20_cf.png
  mesh: 9995 points, 10185 cells
  wrote cylinder_m010_laminar_re20_mach.png
  wrote cylinder_m010_laminar_re20_mach_farfield.png
  wrote cylinder_m010_laminar_re20_pressure.png
  wrote cylinder_m010_laminar_re20_velocity.png
  wrote cylinder_m010_laminar_re20_vorticity.png
=== cylinder_m010_laminar_re20  (results/scaling/cylinder_m010_laminar_re20_np4)
  wrote cylinder_m010_laminar_re20_residuals.png
  wrote cylinder_m010_laminar_re20_forces.png
  body geometry: cylinder
  wrote cylinder_m010_laminar_re20_cp.png
  wrote cylinder_m010_laminar_re20_cf.png
  mesh: 9995 points, 10185 cells
  wrote cylinder_m010_laminar_re20_mach.png
  wrote cylinder_m010_laminar_re20_mach_farfield.png
  wrote cylinder_m010_laminar_re20_pressure.png
  wrote cylinder_m010_laminar_re20_velocity.png
  wrote cylinder_m010_laminar_re20_vorticity.png
=== cylinder_m010_laminar_re20  (results/scaling/cylinder_m010_laminar_re20_np8)
  wrote cylinder_m010_laminar_re20_residuals.png
  wrote cylinder_m010_laminar_re20_forces.png
  body geometry: cylinder
  wrote cylinder_m010_laminar_re20_cp.png
  wrote cylinder_m010_laminar_re20_cf.png
  mesh: 9995 points, 10185 cells
  wrote cylinder_m010_laminar_re20_mach.png
  wrote cylinder_m010_laminar_re20_mach_farfield.png
  wrote cylinder_m010_laminar_re20_pressure.png
  wrote cylinder_m010_laminar_re20_velocity.png
  wrote cylinder_m010_laminar_re20_vorticity.png
=== naca0012_m015_laminar_re5000  (results/scaling/naca0012_m015_laminar_re5000_np1)
  wrote naca0012_m015_laminar_re5000_residuals.png
  wrote naca0012_m015_laminar_re5000_forces.png
  body geometry: airfoil
  wrote naca0012_m015_laminar_re5000_cp.png
  wrote naca0012_m015_laminar_re5000_cf.png
  mesh: 15682 points, 20816 cells
  wrote naca0012_m015_laminar_re5000_mach.png
  wrote naca0012_m015_laminar_re5000_mach_farfield.png
  wrote naca0012_m015_laminar_re5000_pressure.png
  wrote naca0012_m015_laminar_re5000_velocity.png
  wrote naca0012_m015_laminar_re5000_vorticity.png
=== naca0012_m015_laminar_re5000  (results/scaling/naca0012_m015_laminar_re5000_np2)
  wrote naca0012_m015_laminar_re5000_residuals.png
  wrote naca0012_m015_laminar_re5000_forces.png
  body geometry: airfoil
  wrote naca0012_m015_laminar_re5000_cp.png
  wrote naca0012_m015_laminar_re5000_cf.png
  mesh: 15682 points, 20816 cells
  wrote naca0012_m015_laminar_re5000_mach.png
  wrote naca0012_m015_laminar_re5000_mach_farfield.png
  wrote naca0012_m015_laminar_re5000_pressure.png
  wrote naca0012_m015_laminar_re5000_velocity.png
  wrote naca0012_m015_laminar_re5000_vorticity.png
=== naca0012_m015_laminar_re5000  (results/scaling/naca0012_m015_laminar_re5000_np4)
  wrote naca0012_m015_laminar_re5000_residuals.png
  wrote naca0012_m015_laminar_re5000_forces.png
  body geometry: airfoil
  wrote naca0012_m015_laminar_re5000_cp.png
  wrote naca0012_m015_laminar_re5000_cf.png
  mesh: 15682 points, 20816 cells
  wrote naca0012_m015_laminar_re5000_mach.png
  wrote naca0012_m015_laminar_re5000_mach_farfield.png
  wrote naca0012_m015_laminar_re5000_pressure.png
  wrote naca0012_m015_laminar_re5000_velocity.png
  wrote naca0012_m015_laminar_re5000_vorticity.png
=== naca0012_m015_laminar_re5000  (results/scaling/naca0012_m015_laminar_re5000_np8)
  wrote naca0012_m015_laminar_re5000_residuals.png
  wrote naca0012_m015_laminar_re5000_forces.png
  body geometry: airfoil
  wrote naca0012_m015_laminar_re5000_cp.png
  wrote naca0012_m015_laminar_re5000_cf.png
  mesh: 15682 points, 20816 cells
  wrote naca0012_m015_laminar_re5000_mach.png
  wrote naca0012_m015_laminar_re5000_mach_farfield.png
  wrote naca0012_m015_laminar_re5000_pressure.png
  wrote naca0012_m015_laminar_re5000_velocity.png
  wrote naca0012_m015_laminar_re5000_vorticity.png
manifest written: report/figure_manifest.csv (142 rows)
done: 16 case(s), 142 manifest rows
