== np=1 ==
[cns2d] partitioner: metis_kway_single_part, global edge cut 0
[cns2d][warn] mesh verification: uniform-flow residual on interior-only cells is 2.123e-11 (expected < 1e-12); the interior scheme does not preserve a uniform state exactly
[cns2d] mesh verification: face-closure error 1.020e-16, volume-closure error 4.757e-13, total area 123606.0129 (boundary integral 123606.0129, mismatch 1.413e-15), linear-gradient error 3.137e-13, conservation defect 2.096e-02, uniform-flow residual 2.123e-11 on 9945 interior-only cells -- CHECK
[cns2d] final state: residual 9.661898e-01, C_D = -10.594160 (pressure -10.594160 + viscous 0.000000), C_L = -0.013946, C_mz = 0.000000
== np=2 ==
[cns2d] partitioner: metis_kway, global edge cut 97
[cns2d][warn] mesh verification: uniform-flow residual on interior-only cells is 2.123e-11 (expected < 1e-12); the interior scheme does not preserve a uniform state exactly
[cns2d] mesh verification: face-closure error 1.020e-16, volume-closure error 4.757e-13, total area 123606.0129 (boundary integral 123606.0129, mismatch 9.418e-16), linear-gradient error 3.137e-13, conservation defect 2.096e-02, uniform-flow residual 2.123e-11 on 9945 interior-only cells -- CHECK
[cns2d] final state: residual 9.661928e-01, C_D = -10.594160 (pressure -10.594160 + viscous 0.000000), C_L = -0.013946, C_mz = 0.000000
== np=4 ==
[cns2d] partitioner: metis_kway, global edge cut 282
[cns2d][warn] mesh verification: uniform-flow residual on interior-only cells is 2.123e-11 (expected < 1e-12); the interior scheme does not preserve a uniform state exactly
[cns2d] mesh verification: face-closure error 1.020e-16, volume-closure error 4.757e-13, total area 123606.0129 (boundary integral 123606.0129, mismatch 2.355e-16), linear-gradient error 3.137e-13, conservation defect 2.096e-02, uniform-flow residual 2.123e-11 on 9945 interior-only cells -- CHECK
[cns2d] final state: residual 9.662089e-01, C_D = -10.594103 (pressure -10.594103 + viscous 0.000000), C_L = -0.013963, C_mz = 0.000000
== np=8 ==
[cns2d] partitioner: metis_kway, global edge cut 471
[cns2d][warn] mesh verification: uniform-flow residual on interior-only cells is 2.123e-11 (expected < 1e-12); the interior scheme does not preserve a uniform state exactly
[cns2d] mesh verification: face-closure error 1.020e-16, volume-closure error 4.757e-13, total area 123606.0129 (boundary integral 123606.0129, mismatch 2.355e-16), linear-gradient error 3.137e-13, conservation defect 2.096e-02, uniform-flow residual 2.123e-11 on 9945 interior-only cells -- CHECK
[cns2d] final state: residual 9.662196e-01, C_D = -10.593591 (pressure -10.593591 + viscous 0.000000), C_L = -0.014087, C_mz = 0.000000
