Authorization required, but no authorization protocol specified

Authorization required, but no authorization protocol specified

Authorization required, but no authorization protocol specified

Authorization required, but no authorization protocol specified

[cns2d] cns2d 1.0.0 (git 26ef1cb80b86)
[cns2d] command: ./build/cns2d solve --case ../cfd_solver_agentic_benchmark/inputs/cases/naca0012_m015_inviscid.json --output scratch/o_acc --max-steps 4000 --log-every 400
[cns2d] case: naca0012_m015_inviscid -- NACA0012, AoA 0 deg, Mach 0.15, inviscid
[cns2d] case file: /workspace/cfd_solver_agentic_benchmark/inputs/cases/naca0012_m015_inviscid.json
[cns2d] mesh file: /workspace/cfd_solver_agentic_benchmark/inputs/meshes/NACA0012_H2.cgns
[cns2d] MPI ranks: 1
[cns2d] boundary family 'bc-2' -> farfield
[cns2d] boundary family 'bc-4' -> slip_wall
[cns2d] CGNS mesh '/workspace/cfd_solver_agentic_benchmark/inputs/meshes/NACA0012_H2.cgns': base 'Base' (cell dim 2, phys dim 3), 1 zone(s)
  zone 'dom-1': 15682 nodes, 20816 cells
    section 'TriElements': TRI_3 x 10752 (elements 1..10752)
    section 'QuadElements': QUAD_4 x 10064 (elements 10753..20816)
    section 'bc-2': BAR_2 x 80 (elements 20817..20896)
    section 'bc-4': BAR_2 x 404 (elements 20897..21300)
    BC 'bc-2' family 'bc-2' location 'EdgeCenter' pset 'PointRange' range 20817..20896
    BC 'bc-4' family 'bc-4' location 'EdgeCenter' pset 'PointRange' range 20897..21300
[cns2d] global mesh: 15682 nodes (0 zone-interface node pairs fused, max merge distance 0), 20816 cells (10752 tri, 10064 quad), 36498 faces (36014 interior, 484 boundary)
  boundary families: 'bc-2' (80 faces) 'bc-4' (404 faces)
[cns2d] partitioning: metis_kway_single_part into 1 part(s), edge cut 0
[cns2d] physics: inviscid (viscosity and heat conduction identically zero)
[cns2d] rank 0/1: 20816 owned cells, 0 ghost cells, 36498 faces, 484 boundary faces, 0 neighbour rank(s)
[cns2d] partitioner: metis_kway_single_part, global edge cut 0
[cns2d] numerics: roe inviscid flux (harten_hyman_entropy_fix), piecewise-linear least-squares reconstruction, venkatakrishnan limiter, lu_sgs_simplified_jacobian, viscous terms disabled
[cns2d] initial state set to freestream: rho=1 u=1 v=0 p=31.746 (M=0.15)
[cns2d][warn] mesh verification: uniform-flow residual on interior-only cells is 5.145e-09 (expected < 1e-12); the interior scheme does not preserve a uniform state exactly
[cns2d] mesh verification: face-closure error 1.025e-16, volume-closure error 1.090e-10, total area 20085.4463 (boundary integral 20085.4463, mismatch 1.051e-14), linear-gradient error 1.428e-10, conservation defect 3.921e-03, uniform-flow residual 5.145e-09 on 19848 interior-only cells -- CHECK
[cns2d] initial state set to freestream: rho=1 u=1 v=0 p=31.746 (M=0.15)
[cns2d] steady run: max_steps=4000, target=4.00 orders, CFL 1 -> 100 over 2000 steps, inner iterations 3..50 (target ratio 1.00e-02)
  step       1  res  9.05057e+01  (- 0.00 orders)  cfl    1.000  inner    3 (ratio 1.93e-05)  cd    0.000000  cl    0.000000  rej 0
           dominant residual: var rhoE at (1.6636e-05, -0.00054964), cell volume 5.500e-09, boundary bc-4
  step     400  res  4.30063e+00  (- 1.32 orders)  cfl    2.506  inner    3 (ratio 7.71e-04)  cd    0.217073  cl   -0.017416  rej 0
           dominant residual: var rhoE at (0.11991, -0.04986), cell volume 3.189e-08, boundary bc-4
  step     800  res  3.03184e+00  (- 1.47 orders)  cfl    6.295  inner    3 (ratio 3.57e-03)  cd    0.147516  cl    0.009794  rej 0
           dominant residual: var rhoE at (0.91051, 0.013162), cell volume 2.493e-08, boundary bc-4
  step    1200  res  1.07642e+00  (- 1.92 orders)  cfl   15.812  inner    5 (ratio 7.01e-03)  cd    0.130523  cl   -0.017017  rej 2
           dominant residual: var rhoE at (0.362, 0.059206), cell volume 6.609e-08, boundary bc-4
  step    1600  res  4.49866e-02  (- 3.30 orders)  cfl   39.719  inner    9 (ratio 9.76e-03)  cd    0.002079  cl   -0.000439  rej 4
           dominant residual: var rhoE at (0.10285, 0.047297), cell volume 2.812e-08, boundary bc-4
[cns2d] residual reduced by 4.13 orders (target 4.00) after 1629 pseudo-time steps
[cns2d] final state: residual 8.462420e-03, C_D = 0.000058 (pressure 0.000058 + viscous 0.000000), C_L = -0.000006, C_mz = 0.000013
[cns2d] run finished: status 'converged', 1629 steps, t = 0, 4.03 residual orders, 92.1 s wall time
[cns2d] notes: residual reduced by 4.13 orders (target 4.00) after 1629 pseudo-time steps
