fv2d: case cylinder_m010_laminar_re20 | ranks 2 | cells global 10185 (owned 5135 ghost 100) | flux rusanov | laminar
[steady] step 1 cfl 1.01 res_l2 2.680086e+03 (drop 0.24 orders) linf 6.796e+04 inner 3
[steady] switching to 2nd-order at step 300
[steady] step 500 cfl 5.83 res_l2 4.423319e+01 (drop 2.02 orders) linf 1.327e+03 inner 3
[steady] step 1000 cfl 10.7 res_l2 7.715539e+01 (drop 1.78 orders) linf 1.910e+03 inner 3
[steady] step 1500 cfl 15.5 res_l2 5.394854e+01 (drop 1.93 orders) linf 1.298e+03 inner 3
[steady] step 2000 cfl 20.3 res_l2 3.492364e+01 (drop 2.12 orders) linf 1.070e+03 inner 3
[steady] step 2500 cfl 25.2 res_l2 7.659492e+00 (drop 2.78 orders) linf 1.692e+02 inner 3
[steady] step 3000 cfl 30 res_l2 1.757427e+01 (drop 2.42 orders) linf 4.937e+02 inner 3
[steady] step 3500 cfl 30 res_l2 4.400534e+00 (drop 3.02 orders) linf 9.824e+01 inner 3
[steady] step 4000 cfl 30 res_l2 7.650443e+00 (drop 2.78 orders) linf 2.295e+02 inner 3
[steady] step 4500 cfl 30 res_l2 2.984229e+00 (drop 3.19 orders) linf 6.655e+01 inner 3
[steady] step 5000 cfl 30 res_l2 3.266202e+00 (drop 3.15 orders) linf 1.030e+02 inner 3
[steady] step 5500 cfl 30 res_l2 1.867094e+00 (drop 3.39 orders) linf 4.007e+01 inner 3
[steady] step 6000 cfl 30 res_l2 1.334005e+00 (drop 3.54 orders) linf 4.451e+01 inner 3
[steady] step 6500 cfl 30 res_l2 1.076515e+00 (drop 3.63 orders) linf 2.410e+01 inner 3
[steady] step 7000 cfl 30 res_l2 5.107628e-01 (drop 3.96 orders) linf 1.818e+01 inner 3
[steady] step 7500 cfl 30 res_l2 5.857094e-01 (drop 3.90 orders) linf 1.408e+01 inner 3
[steady] step 8000 cfl 30 res_l2 1.807460e-01 (drop 4.41 orders) linf 7.028e+00 inner 3
[steady] step 8500 cfl 30 res_l2 3.031635e-01 (drop 4.18 orders) linf 7.765e+00 inner 3
[steady] step 9000 cfl 30 res_l2 6.464159e-02 (drop 4.85 orders) linf 2.329e+00 inner 3
