 Runtime parameters:
   Objective type: METIS_OBJTYPE_CUT
   Coarsening type: METIS_CTYPE_SHEM
   Initial partitioning type: METIS_IPTYPE_METISRB
   Refinement type: METIS_RTYPE_GREEDY
   Perform a 2-hop matching: No
   Number of balancing constraints: 1
   Number of refinement iterations: 10
   Random number seed: 1
   Number of partitions: 8
   Number of cuts: 1
   User-supplied ufactor: 30
   Minimize connectivity: Yes
   Create contigous partitions: Yes
   Target partition weights: 
        0=[1.25e-01]   1=[1.25e-01]   2=[1.25e-01]   3=[1.25e-01]   4=[1.25e-01]
        5=[1.25e-01]   6=[1.25e-01]   7=[1.25e-01]
   Allowed maximum load imbalance: 1.030 


 gk_mcore statistics
           coresize:       163516         nmops:         2048  cmop:      0
        num_callocs:           39   num_hallocs:            0
       size_callocs:       299000  size_hallocs:            0
        cur_callocs:            0   cur_hallocs:            0
        max_callocs:        98480   max_hallocs:            0
 nbrpool statistics
        nbrpoolsize:            0   nbrpoolcpos:            0
    nbrpoolreallocs:            0


 gk_mcore statistics
           coresize:       163516         nmops:         2048  cmop:      0
        num_callocs:          128   num_hallocs:            3
       size_callocs:       593728  size_hallocs:       122232
        cur_callocs:            0   cur_hallocs:            0
        max_callocs:       163104   max_hallocs:       122232
 nbrpool statistics
        nbrpoolsize:         8572   nbrpoolcpos:         8551
    nbrpoolreallocs:            3

case=cylinder_m010_laminar_re20 mode=laminar mesh_cells=10185 ranks=8
initial residual L2 = 5.809798e-01
step=1/1500 t=0.000 cfl=1.03 inner=80 res=1.808e-01 ratio=2.95e-01 Cd=49.392289 Cl=0.004693
step=100/1500 t=0.000 cfl=4.30 inner=80 res=3.563e-02 ratio=3.98e-01 Cd=0.791532 Cl=0.044433
step=200/1500 t=0.000 cfl=7.60 inner=80 res=3.254e-02 ratio=6.14e-02 Cd=2.034200 Cl=-0.004054
step=300/1500 t=0.000 cfl=10.90 inner=80 res=3.145e-02 ratio=4.26e-02 Cd=2.051424 Cl=0.007831
step=400/1500 t=0.000 cfl=14.20 inner=80 res=3.327e-02 ratio=4.37e-02 Cd=1.913720 Cl=0.031489
step=500/1500 t=0.000 cfl=17.50 inner=80 res=3.029e-02 ratio=4.89e-02 Cd=1.985003 Cl=0.030406
step=600/1500 t=0.000 cfl=20.80 inner=80 res=1.515e-07 ratio=1.01e+00 Cd=1.846027 Cl=0.008087
step=700/1500 t=0.000 cfl=24.10 inner=80 res=9.301e-09 ratio=9.66e-01 Cd=1.846019 Cl=0.008087
step=800/1500 t=0.000 cfl=27.40 inner=80 res=2.763e-10 ratio=9.66e-01 Cd=1.846019 Cl=0.008087
step=900/1500 t=0.000 cfl=30.70 inner=80 res=7.992e-12 ratio=9.28e-01 Cd=1.846019 Cl=0.008087
step=1000/1500 t=0.000 cfl=34.00 inner=80 res=1.979e-12 ratio=1.06e+00 Cd=1.846019 Cl=0.008087
status=converged wall_time=501.2s final_step=1000
