Thu Aug 27 13:31:54 UTC 2026: cylinder_m010_laminar_re20 completed
Thu Aug 27 13:31:54 UTC 2026: Running gen_figures.py and gen_report.py...
/workspace/solver/report/gen_figures.py:169: UserWarning: Data has no positive values, and therefore cannot be log-scaled.
  fig.savefig(out_path, dpi=120, bbox_inches='tight')

Processing naca0012_m015_inviscid...
  Written: /workspace/solver/report/figures/naca0012_m015_inviscid_mach.png
  Written: /workspace/solver/report/figures/naca0012_m015_inviscid_pressure.png
  Written: /workspace/solver/report/figures/naca0012_m015_inviscid_residuals.png

Processing naca0012_m080_inviscid...
  Written: /workspace/solver/report/figures/naca0012_m080_inviscid_mach.png
  Written: /workspace/solver/report/figures/naca0012_m080_inviscid_pressure.png
  Written: /workspace/solver/report/figures/naca0012_m080_inviscid_residuals.png

Processing naca0012_m200_inviscid...
  Written: /workspace/solver/report/figures/naca0012_m200_inviscid_mach.png
  Written: /workspace/solver/report/figures/naca0012_m200_inviscid_pressure.png
  Written: /workspace/solver/report/figures/naca0012_m200_inviscid_residuals.png

Processing naca0012_m015_laminar_re5000...
  Written: /workspace/solver/report/figures/naca0012_m015_laminar_re5000_mach.png
  Written: /workspace/solver/report/figures/naca0012_m015_laminar_re5000_pressure.png
  Written: /workspace/solver/report/figures/naca0012_m015_laminar_re5000_residuals.png
Skipping naca0012_m080_laminar_re5000 - no field_final.pvtu
Skipping naca0012_m200_laminar_re5000 - no field_final.pvtu
Skipping cylinder_m010_laminar_re200 - no field_final.pvtu

Processing cylinder_m010_laminar_re20...
  Written: /workspace/solver/report/figures/cylinder_m010_laminar_re20_mach.png
  Written: /workspace/solver/report/figures/cylinder_m010_laminar_re20_pressure.png
  Written: /workspace/solver/report/figures/cylinder_m010_laminar_re20_residuals.png

Done: 15 figure entries written.
Generating report artifacts...
Written: /workspace/solver/report/run_manifest.csv
Written: /workspace/solver/report/sanity_checks.json
Done.
CSV updated with 15 entries
Thu Aug 27 13:34:08 UTC 2026: cylinder_m010_laminar_re20 completed
Thu Aug 27 13:34:08 UTC 2026: Running gen_figures.py and gen_report.py...
/workspace/solver/report/gen_figures.py:169: UserWarning: Data has no positive values, and therefore cannot be log-scaled.
  fig.savefig(out_path, dpi=120, bbox_inches='tight')
/workspace/solver/report/gen_figures.py:169: UserWarning: Data has no positive values, and therefore cannot be log-scaled.
  fig.savefig(out_path, dpi=120, bbox_inches='tight')

Processing naca0012_m015_inviscid...
  Written: /workspace/solver/report/figures/naca0012_m015_inviscid_mach.png
  Written: /workspace/solver/report/figures/naca0012_m015_inviscid_pressure.png
  Written: /workspace/solver/report/figures/naca0012_m015_inviscid_residuals.png

Processing naca0012_m080_inviscid...
  Written: /workspace/solver/report/figures/naca0012_m080_inviscid_mach.png
  Written: /workspace/solver/report/figures/naca0012_m080_inviscid_pressure.png
  Written: /workspace/solver/report/figures/naca0012_m080_inviscid_residuals.png

Processing naca0012_m200_inviscid...
  Written: /workspace/solver/report/figures/naca0012_m200_inviscid_mach.png
  Written: /workspace/solver/report/figures/naca0012_m200_inviscid_pressure.png
  Written: /workspace/solver/report/figures/naca0012_m200_inviscid_residuals.png

Processing naca0012_m015_laminar_re5000...
  Written: /workspace/solver/report/figures/naca0012_m015_laminar_re5000_mach.png
  Written: /workspace/solver/report/figures/naca0012_m015_laminar_re5000_pressure.png
  Written: /workspace/solver/report/figures/naca0012_m015_laminar_re5000_residuals.png
Skipping naca0012_m080_laminar_re5000 - no field_final.pvtu
Skipping naca0012_m200_laminar_re5000 - no field_final.pvtu

Processing cylinder_m010_laminar_re200...
  Written: /workspace/solver/report/figures/cylinder_m010_laminar_re200_mach.png
  Written: /workspace/solver/report/figures/cylinder_m010_laminar_re200_pressure.png
  Written: /workspace/solver/report/figures/cylinder_m010_laminar_re200_residuals.png
  Written: /workspace/solver/report/figures/cylinder_m010_laminar_re200_vorticity.png
  Written: /workspace/solver/report/figures/cylinder_m010_laminar_re200_forces.png

Processing cylinder_m010_laminar_re20...
  Written: /workspace/solver/report/figures/cylinder_m010_laminar_re20_mach.png
  Written: /workspace/solver/report/figures/cylinder_m010_laminar_re20_pressure.png
  Written: /workspace/solver/report/figures/cylinder_m010_laminar_re20_residuals.png

Done: 20 figure entries written.
Generating report artifacts...
Written: /workspace/solver/report/run_manifest.csv
Written: /workspace/solver/report/sanity_checks.json
Done.
CSV updated with 20 entries
Thu Aug 27 13:36:17 UTC 2026: cylinder_m010_laminar_re20 completed
Thu Aug 27 13:36:17 UTC 2026: Running gen_figures.py and gen_report.py...
/workspace/solver/report/gen_figures.py:169: UserWarning: Data has no positive values, and therefore cannot be log-scaled.
  fig.savefig(out_path, dpi=120, bbox_inches='tight')
/workspace/solver/report/gen_figures.py:169: UserWarning: Data has no positive values, and therefore cannot be log-scaled.
  fig.savefig(out_path, dpi=120, bbox_inches='tight')

Processing naca0012_m015_inviscid...
  Written: /workspace/solver/report/figures/naca0012_m015_inviscid_mach.png
  Written: /workspace/solver/report/figures/naca0012_m015_inviscid_pressure.png
  Written: /workspace/solver/report/figures/naca0012_m015_inviscid_residuals.png

Processing naca0012_m080_inviscid...
  Written: /workspace/solver/report/figures/naca0012_m080_inviscid_mach.png
  Written: /workspace/solver/report/figures/naca0012_m080_inviscid_pressure.png
  Written: /workspace/solver/report/figures/naca0012_m080_inviscid_residuals.png

Processing naca0012_m200_inviscid...
  Written: /workspace/solver/report/figures/naca0012_m200_inviscid_mach.png
  Written: /workspace/solver/report/figures/naca0012_m200_inviscid_pressure.png
  Written: /workspace/solver/report/figures/naca0012_m200_inviscid_residuals.png

Processing naca0012_m015_laminar_re5000...
  Written: /workspace/solver/report/figures/naca0012_m015_laminar_re5000_mach.png
  Written: /workspace/solver/report/figures/naca0012_m015_laminar_re5000_pressure.png
  Written: /workspace/solver/report/figures/naca0012_m015_laminar_re5000_residuals.png
Skipping naca0012_m080_laminar_re5000 - no field_final.pvtu
Skipping naca0012_m200_laminar_re5000 - no field_final.pvtu

Processing cylinder_m010_laminar_re200...
  Written: /workspace/solver/report/figures/cylinder_m010_laminar_re200_mach.png
  Written: /workspace/solver/report/figures/cylinder_m010_laminar_re200_pressure.png
  Written: /workspace/solver/report/figures/cylinder_m010_laminar_re200_residuals.png
  Written: /workspace/solver/report/figures/cylinder_m010_laminar_re200_vorticity.png
  Written: /workspace/solver/report/figures/cylinder_m010_laminar_re200_forces.png

Processing cylinder_m010_laminar_re20...
  Written: /workspace/solver/report/figures/cylinder_m010_laminar_re20_mach.png
  Written: /workspace/solver/report/figures/cylinder_m010_laminar_re20_pressure.png
  Written: /workspace/solver/report/figures/cylinder_m010_laminar_re20_residuals.png

Done: 20 figure entries written.
Generating report artifacts...
Written: /workspace/solver/report/run_manifest.csv
Written: /workspace/solver/report/sanity_checks.json
Done.
CSV updated with 20 entries
Thu Aug 27 13:38:27 UTC 2026: cylinder_m010_laminar_re20 completed
Thu Aug 27 13:38:27 UTC 2026: Running gen_figures.py and gen_report.py...
/workspace/solver/report/gen_figures.py:169: UserWarning: Data has no positive values, and therefore cannot be log-scaled.
  fig.savefig(out_path, dpi=120, bbox_inches='tight')
/workspace/solver/report/gen_figures.py:169: UserWarning: Data has no positive values, and therefore cannot be log-scaled.
  fig.savefig(out_path, dpi=120, bbox_inches='tight')

Processing naca0012_m015_inviscid...
  Written: /workspace/solver/report/figures/naca0012_m015_inviscid_mach.png
  Written: /workspace/solver/report/figures/naca0012_m015_inviscid_pressure.png
  Written: /workspace/solver/report/figures/naca0012_m015_inviscid_residuals.png

Processing naca0012_m080_inviscid...
  Written: /workspace/solver/report/figures/naca0012_m080_inviscid_mach.png
  Written: /workspace/solver/report/figures/naca0012_m080_inviscid_pressure.png
  Written: /workspace/solver/report/figures/naca0012_m080_inviscid_residuals.png

Processing naca0012_m200_inviscid...
  Written: /workspace/solver/report/figures/naca0012_m200_inviscid_mach.png
  Written: /workspace/solver/report/figures/naca0012_m200_inviscid_pressure.png
  Written: /workspace/solver/report/figures/naca0012_m200_inviscid_residuals.png

Processing naca0012_m015_laminar_re5000...
  Written: /workspace/solver/report/figures/naca0012_m015_laminar_re5000_mach.png
  Written: /workspace/solver/report/figures/naca0012_m015_laminar_re5000_pressure.png
  Written: /workspace/solver/report/figures/naca0012_m015_laminar_re5000_residuals.png
Skipping naca0012_m080_laminar_re5000 - no field_final.pvtu
Skipping naca0012_m200_laminar_re5000 - no field_final.pvtu

Processing cylinder_m010_laminar_re200...
  Written: /workspace/solver/report/figures/cylinder_m010_laminar_re200_mach.png
  Written: /workspace/solver/report/figures/cylinder_m010_laminar_re200_pressure.png
  Written: /workspace/solver/report/figures/cylinder_m010_laminar_re200_residuals.png
  Written: /workspace/solver/report/figures/cylinder_m010_laminar_re200_vorticity.png
  Written: /workspace/solver/report/figures/cylinder_m010_laminar_re200_forces.png

Processing cylinder_m010_laminar_re20...
  Written: /workspace/solver/report/figures/cylinder_m010_laminar_re20_mach.png
  Written: /workspace/solver/report/figures/cylinder_m010_laminar_re20_pressure.png
  Written: /workspace/solver/report/figures/cylinder_m010_laminar_re20_residuals.png

Done: 20 figure entries written.
Generating report artifacts...
Written: /workspace/solver/report/run_manifest.csv
Written: /workspace/solver/report/sanity_checks.json
Done.
CSV updated with 20 entries
Thu Aug 27 13:40:36 UTC 2026: cylinder_m010_laminar_re20 completed
Thu Aug 27 13:40:36 UTC 2026: Running gen_figures.py and gen_report.py...
/workspace/solver/report/gen_figures.py:169: UserWarning: Data has no positive values, and therefore cannot be log-scaled.
  fig.savefig(out_path, dpi=120, bbox_inches='tight')
/workspace/solver/report/gen_figures.py:169: UserWarning: Data has no positive values, and therefore cannot be log-scaled.
  fig.savefig(out_path, dpi=120, bbox_inches='tight')

Processing naca0012_m015_inviscid...
  Written: /workspace/solver/report/figures/naca0012_m015_inviscid_mach.png
  Written: /workspace/solver/report/figures/naca0012_m015_inviscid_pressure.png
  Written: /workspace/solver/report/figures/naca0012_m015_inviscid_residuals.png

Processing naca0012_m080_inviscid...
  Written: /workspace/solver/report/figures/naca0012_m080_inviscid_mach.png
  Written: /workspace/solver/report/figures/naca0012_m080_inviscid_pressure.png
  Written: /workspace/solver/report/figures/naca0012_m080_inviscid_residuals.png

Processing naca0012_m200_inviscid...
  Written: /workspace/solver/report/figures/naca0012_m200_inviscid_mach.png
  Written: /workspace/solver/report/figures/naca0012_m200_inviscid_pressure.png
  Written: /workspace/solver/report/figures/naca0012_m200_inviscid_residuals.png

Processing naca0012_m015_laminar_re5000...
  Written: /workspace/solver/report/figures/naca0012_m015_laminar_re5000_mach.png
  Written: /workspace/solver/report/figures/naca0012_m015_laminar_re5000_pressure.png
  Written: /workspace/solver/report/figures/naca0012_m015_laminar_re5000_residuals.png
Skipping naca0012_m080_laminar_re5000 - no field_final.pvtu
Skipping naca0012_m200_laminar_re5000 - no field_final.pvtu

Processing cylinder_m010_laminar_re200...
  Written: /workspace/solver/report/figures/cylinder_m010_laminar_re200_mach.png
  Written: /workspace/solver/report/figures/cylinder_m010_laminar_re200_pressure.png
  Written: /workspace/solver/report/figures/cylinder_m010_laminar_re200_residuals.png
  Written: /workspace/solver/report/figures/cylinder_m010_laminar_re200_vorticity.png
  Written: /workspace/solver/report/figures/cylinder_m010_laminar_re200_forces.png

Processing cylinder_m010_laminar_re20...
  Written: /workspace/solver/report/figures/cylinder_m010_laminar_re20_mach.png
  Written: /workspace/solver/report/figures/cylinder_m010_laminar_re20_pressure.png
  Written: /workspace/solver/report/figures/cylinder_m010_laminar_re20_residuals.png

Done: 20 figure entries written.
Generating report artifacts...
Written: /workspace/solver/report/run_manifest.csv
Written: /workspace/solver/report/sanity_checks.json
Done.
CSV updated with 20 entries
Thu Aug 27 13:42:46 UTC 2026: cylinder_m010_laminar_re200 completed
Thu Aug 27 13:42:46 UTC 2026: cylinder_m010_laminar_re20 completed
Thu Aug 27 13:42:46 UTC 2026: Running gen_figures.py and gen_report.py...
/workspace/solver/report/gen_figures.py:169: UserWarning: Data has no positive values, and therefore cannot be log-scaled.
  fig.savefig(out_path, dpi=120, bbox_inches='tight')
/workspace/solver/report/gen_figures.py:169: UserWarning: Data has no positive values, and therefore cannot be log-scaled.
  fig.savefig(out_path, dpi=120, bbox_inches='tight')

Processing naca0012_m015_inviscid...
  Written: /workspace/solver/report/figures/naca0012_m015_inviscid_mach.png
  Written: /workspace/solver/report/figures/naca0012_m015_inviscid_pressure.png
  Written: /workspace/solver/report/figures/naca0012_m015_inviscid_residuals.png

Processing naca0012_m080_inviscid...
  Written: /workspace/solver/report/figures/naca0012_m080_inviscid_mach.png
  Written: /workspace/solver/report/figures/naca0012_m080_inviscid_pressure.png
  Written: /workspace/solver/report/figures/naca0012_m080_inviscid_residuals.png

Processing naca0012_m200_inviscid...
  Written: /workspace/solver/report/figures/naca0012_m200_inviscid_mach.png
  Written: /workspace/solver/report/figures/naca0012_m200_inviscid_pressure.png
  Written: /workspace/solver/report/figures/naca0012_m200_inviscid_residuals.png

Processing naca0012_m015_laminar_re5000...
  Written: /workspace/solver/report/figures/naca0012_m015_laminar_re5000_mach.png
  Written: /workspace/solver/report/figures/naca0012_m015_laminar_re5000_pressure.png
  Written: /workspace/solver/report/figures/naca0012_m015_laminar_re5000_residuals.png
Skipping naca0012_m080_laminar_re5000 - no field_final.pvtu
Skipping naca0012_m200_laminar_re5000 - no field_final.pvtu

Processing cylinder_m010_laminar_re200...
  Written: /workspace/solver/report/figures/cylinder_m010_laminar_re200_mach.png
  Written: /workspace/solver/report/figures/cylinder_m010_laminar_re200_pressure.png
  Written: /workspace/solver/report/figures/cylinder_m010_laminar_re200_residuals.png
  Written: /workspace/solver/report/figures/cylinder_m010_laminar_re200_vorticity.png
  Written: /workspace/solver/report/figures/cylinder_m010_laminar_re200_forces.png

Processing cylinder_m010_laminar_re20...
  Written: /workspace/solver/report/figures/cylinder_m010_laminar_re20_mach.png
  Written: /workspace/solver/report/figures/cylinder_m010_laminar_re20_pressure.png
  Written: /workspace/solver/report/figures/cylinder_m010_laminar_re20_residuals.png

Done: 20 figure entries written.
Generating report artifacts...
Written: /workspace/solver/report/run_manifest.csv
Written: /workspace/solver/report/sanity_checks.json
Done.
CSV updated with 20 entries
Thu Aug 27 13:44:55 UTC 2026: cylinder_m010_laminar_re200 completed
Thu Aug 27 13:44:55 UTC 2026: cylinder_m010_laminar_re20 completed
Thu Aug 27 13:44:55 UTC 2026: Running gen_figures.py and gen_report.py...
/workspace/solver/report/gen_figures.py:169: UserWarning: Data has no positive values, and therefore cannot be log-scaled.
  fig.savefig(out_path, dpi=120, bbox_inches='tight')
/workspace/solver/report/gen_figures.py:169: UserWarning: Data has no positive values, and therefore cannot be log-scaled.
  fig.savefig(out_path, dpi=120, bbox_inches='tight')

Processing naca0012_m015_inviscid...
  Written: /workspace/solver/report/figures/naca0012_m015_inviscid_mach.png
  Written: /workspace/solver/report/figures/naca0012_m015_inviscid_pressure.png
  Written: /workspace/solver/report/figures/naca0012_m015_inviscid_residuals.png

Processing naca0012_m080_inviscid...
  Written: /workspace/solver/report/figures/naca0012_m080_inviscid_mach.png
  Written: /workspace/solver/report/figures/naca0012_m080_inviscid_pressure.png
  Written: /workspace/solver/report/figures/naca0012_m080_inviscid_residuals.png

Processing naca0012_m200_inviscid...
  Written: /workspace/solver/report/figures/naca0012_m200_inviscid_mach.png
  Written: /workspace/solver/report/figures/naca0012_m200_inviscid_pressure.png
  Written: /workspace/solver/report/figures/naca0012_m200_inviscid_residuals.png

Processing naca0012_m015_laminar_re5000...
  Written: /workspace/solver/report/figures/naca0012_m015_laminar_re5000_mach.png
  Written: /workspace/solver/report/figures/naca0012_m015_laminar_re5000_pressure.png
  Written: /workspace/solver/report/figures/naca0012_m015_laminar_re5000_residuals.png
Skipping naca0012_m080_laminar_re5000 - no field_final.pvtu
Skipping naca0012_m200_laminar_re5000 - no field_final.pvtu

Processing cylinder_m010_laminar_re200...
  Written: /workspace/solver/report/figures/cylinder_m010_laminar_re200_mach.png
  Written: /workspace/solver/report/figures/cylinder_m010_laminar_re200_pressure.png
  Written: /workspace/solver/report/figures/cylinder_m010_laminar_re200_residuals.png
  Written: /workspace/solver/report/figures/cylinder_m010_laminar_re200_vorticity.png
  Written: /workspace/solver/report/figures/cylinder_m010_laminar_re200_forces.png

Processing cylinder_m010_laminar_re20...
  Written: /workspace/solver/report/figures/cylinder_m010_laminar_re20_mach.png
  Written: /workspace/solver/report/figures/cylinder_m010_laminar_re20_pressure.png
  Written: /workspace/solver/report/figures/cylinder_m010_laminar_re20_residuals.png

Done: 20 figure entries written.
Generating report artifacts...
Written: /workspace/solver/report/run_manifest.csv
Written: /workspace/solver/report/sanity_checks.json
Done.
CSV updated with 20 entries
Thu Aug 27 13:47:05 UTC 2026: cylinder_m010_laminar_re200 completed
Thu Aug 27 13:47:05 UTC 2026: cylinder_m010_laminar_re20 completed
Thu Aug 27 13:47:05 UTC 2026: Running gen_figures.py and gen_report.py...
/workspace/solver/report/gen_figures.py:169: UserWarning: Data has no positive values, and therefore cannot be log-scaled.
  fig.savefig(out_path, dpi=120, bbox_inches='tight')
/workspace/solver/report/gen_figures.py:169: UserWarning: Data has no positive values, and therefore cannot be log-scaled.
  fig.savefig(out_path, dpi=120, bbox_inches='tight')

Processing naca0012_m015_inviscid...
  Written: /workspace/solver/report/figures/naca0012_m015_inviscid_mach.png
  Written: /workspace/solver/report/figures/naca0012_m015_inviscid_pressure.png
  Written: /workspace/solver/report/figures/naca0012_m015_inviscid_residuals.png

Processing naca0012_m080_inviscid...
  Written: /workspace/solver/report/figures/naca0012_m080_inviscid_mach.png
  Written: /workspace/solver/report/figures/naca0012_m080_inviscid_pressure.png
  Written: /workspace/solver/report/figures/naca0012_m080_inviscid_residuals.png

Processing naca0012_m200_inviscid...
  Written: /workspace/solver/report/figures/naca0012_m200_inviscid_mach.png
  Written: /workspace/solver/report/figures/naca0012_m200_inviscid_pressure.png
  Written: /workspace/solver/report/figures/naca0012_m200_inviscid_residuals.png

Processing naca0012_m015_laminar_re5000...
  Written: /workspace/solver/report/figures/naca0012_m015_laminar_re5000_mach.png
  Written: /workspace/solver/report/figures/naca0012_m015_laminar_re5000_pressure.png
  Written: /workspace/solver/report/figures/naca0012_m015_laminar_re5000_residuals.png
Skipping naca0012_m080_laminar_re5000 - no field_final.pvtu
Skipping naca0012_m200_laminar_re5000 - no field_final.pvtu

Processing cylinder_m010_laminar_re200...
  Written: /workspace/solver/report/figures/cylinder_m010_laminar_re200_mach.png
  Written: /workspace/solver/report/figures/cylinder_m010_laminar_re200_pressure.png
  Written: /workspace/solver/report/figures/cylinder_m010_laminar_re200_residuals.png
  Written: /workspace/solver/report/figures/cylinder_m010_laminar_re200_vorticity.png
  Written: /workspace/solver/report/figures/cylinder_m010_laminar_re200_forces.png

Processing cylinder_m010_laminar_re20...
  Written: /workspace/solver/report/figures/cylinder_m010_laminar_re20_mach.png
  Written: /workspace/solver/report/figures/cylinder_m010_laminar_re20_pressure.png
  Written: /workspace/solver/report/figures/cylinder_m010_laminar_re20_residuals.png

Done: 20 figure entries written.
Generating report artifacts...
Written: /workspace/solver/report/run_manifest.csv
Written: /workspace/solver/report/sanity_checks.json
Done.
CSV updated with 20 entries
Thu Aug 27 13:49:15 UTC 2026: cylinder_m010_laminar_re200 completed
Thu Aug 27 13:49:15 UTC 2026: cylinder_m010_laminar_re20 completed
Thu Aug 27 13:49:15 UTC 2026: Running gen_figures.py and gen_report.py...
/workspace/solver/report/gen_figures.py:169: UserWarning: Data has no positive values, and therefore cannot be log-scaled.
  fig.savefig(out_path, dpi=120, bbox_inches='tight')
/workspace/solver/report/gen_figures.py:169: UserWarning: Data has no positive values, and therefore cannot be log-scaled.
  fig.savefig(out_path, dpi=120, bbox_inches='tight')

Processing naca0012_m015_inviscid...
  Written: /workspace/solver/report/figures/naca0012_m015_inviscid_mach.png
  Written: /workspace/solver/report/figures/naca0012_m015_inviscid_pressure.png
  Written: /workspace/solver/report/figures/naca0012_m015_inviscid_residuals.png

Processing naca0012_m080_inviscid...
  Written: /workspace/solver/report/figures/naca0012_m080_inviscid_mach.png
  Written: /workspace/solver/report/figures/naca0012_m080_inviscid_pressure.png
  Written: /workspace/solver/report/figures/naca0012_m080_inviscid_residuals.png

Processing naca0012_m200_inviscid...
  Written: /workspace/solver/report/figures/naca0012_m200_inviscid_mach.png
  Written: /workspace/solver/report/figures/naca0012_m200_inviscid_pressure.png
  Written: /workspace/solver/report/figures/naca0012_m200_inviscid_residuals.png

Processing naca0012_m015_laminar_re5000...
  Written: /workspace/solver/report/figures/naca0012_m015_laminar_re5000_mach.png
  Written: /workspace/solver/report/figures/naca0012_m015_laminar_re5000_pressure.png
  Written: /workspace/solver/report/figures/naca0012_m015_laminar_re5000_residuals.png
Skipping naca0012_m080_laminar_re5000 - no field_final.pvtu
Skipping naca0012_m200_laminar_re5000 - no field_final.pvtu

Processing cylinder_m010_laminar_re200...
  Written: /workspace/solver/report/figures/cylinder_m010_laminar_re200_mach.png
  Written: /workspace/solver/report/figures/cylinder_m010_laminar_re200_pressure.png
  Written: /workspace/solver/report/figures/cylinder_m010_laminar_re200_residuals.png
  Written: /workspace/solver/report/figures/cylinder_m010_laminar_re200_vorticity.png
  Written: /workspace/solver/report/figures/cylinder_m010_laminar_re200_forces.png

Processing cylinder_m010_laminar_re20...
  Written: /workspace/solver/report/figures/cylinder_m010_laminar_re20_mach.png
  Written: /workspace/solver/report/figures/cylinder_m010_laminar_re20_pressure.png
  Written: /workspace/solver/report/figures/cylinder_m010_laminar_re20_residuals.png

Done: 20 figure entries written.
Generating report artifacts...
Written: /workspace/solver/report/run_manifest.csv
Written: /workspace/solver/report/sanity_checks.json
Done.
CSV updated with 20 entries
Thu Aug 27 13:51:25 UTC 2026: cylinder_m010_laminar_re200 completed
Thu Aug 27 13:51:25 UTC 2026: cylinder_m010_laminar_re20 completed
Thu Aug 27 13:51:25 UTC 2026: Running gen_figures.py and gen_report.py...
/workspace/solver/report/gen_figures.py:169: UserWarning: Data has no positive values, and therefore cannot be log-scaled.
  fig.savefig(out_path, dpi=120, bbox_inches='tight')
/workspace/solver/report/gen_figures.py:169: UserWarning: Data has no positive values, and therefore cannot be log-scaled.
  fig.savefig(out_path, dpi=120, bbox_inches='tight')

Processing naca0012_m015_inviscid...
  Written: /workspace/solver/report/figures/naca0012_m015_inviscid_mach.png
  Written: /workspace/solver/report/figures/naca0012_m015_inviscid_pressure.png
  Written: /workspace/solver/report/figures/naca0012_m015_inviscid_residuals.png

Processing naca0012_m080_inviscid...
  Written: /workspace/solver/report/figures/naca0012_m080_inviscid_mach.png
  Written: /workspace/solver/report/figures/naca0012_m080_inviscid_pressure.png
  Written: /workspace/solver/report/figures/naca0012_m080_inviscid_residuals.png

Processing naca0012_m200_inviscid...
  Written: /workspace/solver/report/figures/naca0012_m200_inviscid_mach.png
  Written: /workspace/solver/report/figures/naca0012_m200_inviscid_pressure.png
  Written: /workspace/solver/report/figures/naca0012_m200_inviscid_residuals.png

Processing naca0012_m015_laminar_re5000...
  Written: /workspace/solver/report/figures/naca0012_m015_laminar_re5000_mach.png
  Written: /workspace/solver/report/figures/naca0012_m015_laminar_re5000_pressure.png
  Written: /workspace/solver/report/figures/naca0012_m015_laminar_re5000_residuals.png
Skipping naca0012_m080_laminar_re5000 - no field_final.pvtu
Skipping naca0012_m200_laminar_re5000 - no field_final.pvtu

Processing cylinder_m010_laminar_re200...
  Written: /workspace/solver/report/figures/cylinder_m010_laminar_re200_mach.png
  Written: /workspace/solver/report/figures/cylinder_m010_laminar_re200_pressure.png
  Written: /workspace/solver/report/figures/cylinder_m010_laminar_re200_residuals.png
  Written: /workspace/solver/report/figures/cylinder_m010_laminar_re200_vorticity.png
  Written: /workspace/solver/report/figures/cylinder_m010_laminar_re200_forces.png

Processing cylinder_m010_laminar_re20...
  Written: /workspace/solver/report/figures/cylinder_m010_laminar_re20_mach.png
  Written: /workspace/solver/report/figures/cylinder_m010_laminar_re20_pressure.png
  Written: /workspace/solver/report/figures/cylinder_m010_laminar_re20_residuals.png

Done: 20 figure entries written.
Generating report artifacts...
Written: /workspace/solver/report/run_manifest.csv
Written: /workspace/solver/report/sanity_checks.json
Done.
CSV updated with 20 entries
Thu Aug 27 13:53:34 UTC 2026: cylinder_m010_laminar_re200 completed
Thu Aug 27 13:53:34 UTC 2026: cylinder_m010_laminar_re20 completed
Thu Aug 27 13:53:34 UTC 2026: Running gen_figures.py and gen_report.py...
/workspace/solver/report/gen_figures.py:169: UserWarning: Data has no positive values, and therefore cannot be log-scaled.
  fig.savefig(out_path, dpi=120, bbox_inches='tight')
/workspace/solver/report/gen_figures.py:169: UserWarning: Data has no positive values, and therefore cannot be log-scaled.
  fig.savefig(out_path, dpi=120, bbox_inches='tight')

Processing naca0012_m015_inviscid...
  Written: /workspace/solver/report/figures/naca0012_m015_inviscid_mach.png
  Written: /workspace/solver/report/figures/naca0012_m015_inviscid_pressure.png
  Written: /workspace/solver/report/figures/naca0012_m015_inviscid_residuals.png

Processing naca0012_m080_inviscid...
  Written: /workspace/solver/report/figures/naca0012_m080_inviscid_mach.png
  Written: /workspace/solver/report/figures/naca0012_m080_inviscid_pressure.png
  Written: /workspace/solver/report/figures/naca0012_m080_inviscid_residuals.png

Processing naca0012_m200_inviscid...
  Written: /workspace/solver/report/figures/naca0012_m200_inviscid_mach.png
  Written: /workspace/solver/report/figures/naca0012_m200_inviscid_pressure.png
  Written: /workspace/solver/report/figures/naca0012_m200_inviscid_residuals.png

Processing naca0012_m015_laminar_re5000...
  Written: /workspace/solver/report/figures/naca0012_m015_laminar_re5000_mach.png
  Written: /workspace/solver/report/figures/naca0012_m015_laminar_re5000_pressure.png
  Written: /workspace/solver/report/figures/naca0012_m015_laminar_re5000_residuals.png
Skipping naca0012_m080_laminar_re5000 - no field_final.pvtu
Skipping naca0012_m200_laminar_re5000 - no field_final.pvtu

Processing cylinder_m010_laminar_re200...
  Written: /workspace/solver/report/figures/cylinder_m010_laminar_re200_mach.png
  Written: /workspace/solver/report/figures/cylinder_m010_laminar_re200_pressure.png
  Written: /workspace/solver/report/figures/cylinder_m010_laminar_re200_residuals.png
  Written: /workspace/solver/report/figures/cylinder_m010_laminar_re200_vorticity.png
  Written: /workspace/solver/report/figures/cylinder_m010_laminar_re200_forces.png

Processing cylinder_m010_laminar_re20...
  Written: /workspace/solver/report/figures/cylinder_m010_laminar_re20_mach.png
  Written: /workspace/solver/report/figures/cylinder_m010_laminar_re20_pressure.png
  Written: /workspace/solver/report/figures/cylinder_m010_laminar_re20_residuals.png

Done: 20 figure entries written.
Generating report artifacts...
Written: /workspace/solver/report/run_manifest.csv
Written: /workspace/solver/report/sanity_checks.json
Done.
CSV updated with 20 entries
Thu Aug 27 13:55:44 UTC 2026: cylinder_m010_laminar_re200 completed
Thu Aug 27 13:55:44 UTC 2026: cylinder_m010_laminar_re20 completed
Thu Aug 27 13:55:44 UTC 2026: Running gen_figures.py and gen_report.py...
/workspace/solver/report/gen_figures.py:169: UserWarning: Data has no positive values, and therefore cannot be log-scaled.
  fig.savefig(out_path, dpi=120, bbox_inches='tight')
/workspace/solver/report/gen_figures.py:169: UserWarning: Data has no positive values, and therefore cannot be log-scaled.
  fig.savefig(out_path, dpi=120, bbox_inches='tight')

Processing naca0012_m015_inviscid...
  Written: /workspace/solver/report/figures/naca0012_m015_inviscid_mach.png
  Written: /workspace/solver/report/figures/naca0012_m015_inviscid_pressure.png
  Written: /workspace/solver/report/figures/naca0012_m015_inviscid_residuals.png

Processing naca0012_m080_inviscid...
  Written: /workspace/solver/report/figures/naca0012_m080_inviscid_mach.png
  Written: /workspace/solver/report/figures/naca0012_m080_inviscid_pressure.png
  Written: /workspace/solver/report/figures/naca0012_m080_inviscid_residuals.png

Processing naca0012_m200_inviscid...
  Written: /workspace/solver/report/figures/naca0012_m200_inviscid_mach.png
  Written: /workspace/solver/report/figures/naca0012_m200_inviscid_pressure.png
  Written: /workspace/solver/report/figures/naca0012_m200_inviscid_residuals.png

Processing naca0012_m015_laminar_re5000...
  Written: /workspace/solver/report/figures/naca0012_m015_laminar_re5000_mach.png
  Written: /workspace/solver/report/figures/naca0012_m015_laminar_re5000_pressure.png
  Written: /workspace/solver/report/figures/naca0012_m015_laminar_re5000_residuals.png
Skipping naca0012_m080_laminar_re5000 - no field_final.pvtu
Skipping naca0012_m200_laminar_re5000 - no field_final.pvtu

Processing cylinder_m010_laminar_re200...
  Written: /workspace/solver/report/figures/cylinder_m010_laminar_re200_mach.png
  Written: /workspace/solver/report/figures/cylinder_m010_laminar_re200_pressure.png
  Written: /workspace/solver/report/figures/cylinder_m010_laminar_re200_residuals.png
  Written: /workspace/solver/report/figures/cylinder_m010_laminar_re200_vorticity.png
  Written: /workspace/solver/report/figures/cylinder_m010_laminar_re200_forces.png

Processing cylinder_m010_laminar_re20...
  Written: /workspace/solver/report/figures/cylinder_m010_laminar_re20_mach.png
  Written: /workspace/solver/report/figures/cylinder_m010_laminar_re20_pressure.png
  Written: /workspace/solver/report/figures/cylinder_m010_laminar_re20_residuals.png

Done: 20 figure entries written.
Generating report artifacts...
Written: /workspace/solver/report/run_manifest.csv
Written: /workspace/solver/report/sanity_checks.json
Done.
CSV updated with 20 entries
Thu Aug 27 13:57:53 UTC 2026: cylinder_m010_laminar_re200 completed
Thu Aug 27 13:57:53 UTC 2026: cylinder_m010_laminar_re20 completed
Thu Aug 27 13:57:53 UTC 2026: Running gen_figures.py and gen_report.py...
/workspace/solver/report/gen_figures.py:169: UserWarning: Data has no positive values, and therefore cannot be log-scaled.
  fig.savefig(out_path, dpi=120, bbox_inches='tight')
/workspace/solver/report/gen_figures.py:169: UserWarning: Data has no positive values, and therefore cannot be log-scaled.
  fig.savefig(out_path, dpi=120, bbox_inches='tight')

Processing naca0012_m015_inviscid...
  Written: /workspace/solver/report/figures/naca0012_m015_inviscid_mach.png
  Written: /workspace/solver/report/figures/naca0012_m015_inviscid_pressure.png
  Written: /workspace/solver/report/figures/naca0012_m015_inviscid_residuals.png

Processing naca0012_m080_inviscid...
  Written: /workspace/solver/report/figures/naca0012_m080_inviscid_mach.png
  Written: /workspace/solver/report/figures/naca0012_m080_inviscid_pressure.png
  Written: /workspace/solver/report/figures/naca0012_m080_inviscid_residuals.png

Processing naca0012_m200_inviscid...
  Written: /workspace/solver/report/figures/naca0012_m200_inviscid_mach.png
  Written: /workspace/solver/report/figures/naca0012_m200_inviscid_pressure.png
  Written: /workspace/solver/report/figures/naca0012_m200_inviscid_residuals.png

Processing naca0012_m015_laminar_re5000...
  Written: /workspace/solver/report/figures/naca0012_m015_laminar_re5000_mach.png
  Written: /workspace/solver/report/figures/naca0012_m015_laminar_re5000_pressure.png
  Written: /workspace/solver/report/figures/naca0012_m015_laminar_re5000_residuals.png
Skipping naca0012_m080_laminar_re5000 - no field_final.pvtu
Skipping naca0012_m200_laminar_re5000 - no field_final.pvtu

Processing cylinder_m010_laminar_re200...
  Written: /workspace/solver/report/figures/cylinder_m010_laminar_re200_mach.png
  Written: /workspace/solver/report/figures/cylinder_m010_laminar_re200_pressure.png
  Written: /workspace/solver/report/figures/cylinder_m010_laminar_re200_residuals.png
  Written: /workspace/solver/report/figures/cylinder_m010_laminar_re200_vorticity.png
  Written: /workspace/solver/report/figures/cylinder_m010_laminar_re200_forces.png

Processing cylinder_m010_laminar_re20...
  Written: /workspace/solver/report/figures/cylinder_m010_laminar_re20_mach.png
  Written: /workspace/solver/report/figures/cylinder_m010_laminar_re20_pressure.png
  Written: /workspace/solver/report/figures/cylinder_m010_laminar_re20_residuals.png

Done: 20 figure entries written.
Generating report artifacts...
Written: /workspace/solver/report/run_manifest.csv
Written: /workspace/solver/report/sanity_checks.json
Done.
CSV updated with 20 entries
Thu Aug 27 14:00:02 UTC 2026: cylinder_m010_laminar_re200 completed
Thu Aug 27 14:00:02 UTC 2026: cylinder_m010_laminar_re20 completed
Thu Aug 27 14:00:02 UTC 2026: Running gen_figures.py and gen_report.py...
/workspace/solver/report/gen_figures.py:169: UserWarning: Data has no positive values, and therefore cannot be log-scaled.
  fig.savefig(out_path, dpi=120, bbox_inches='tight')
/workspace/solver/report/gen_figures.py:169: UserWarning: Data has no positive values, and therefore cannot be log-scaled.
  fig.savefig(out_path, dpi=120, bbox_inches='tight')

Processing naca0012_m015_inviscid...
  Written: /workspace/solver/report/figures/naca0012_m015_inviscid_mach.png
  Written: /workspace/solver/report/figures/naca0012_m015_inviscid_pressure.png
  Written: /workspace/solver/report/figures/naca0012_m015_inviscid_residuals.png

Processing naca0012_m080_inviscid...
  Written: /workspace/solver/report/figures/naca0012_m080_inviscid_mach.png
  Written: /workspace/solver/report/figures/naca0012_m080_inviscid_pressure.png
  Written: /workspace/solver/report/figures/naca0012_m080_inviscid_residuals.png

Processing naca0012_m200_inviscid...
  Written: /workspace/solver/report/figures/naca0012_m200_inviscid_mach.png
  Written: /workspace/solver/report/figures/naca0012_m200_inviscid_pressure.png
  Written: /workspace/solver/report/figures/naca0012_m200_inviscid_residuals.png

Processing naca0012_m015_laminar_re5000...
  Written: /workspace/solver/report/figures/naca0012_m015_laminar_re5000_mach.png
  Written: /workspace/solver/report/figures/naca0012_m015_laminar_re5000_pressure.png
  Written: /workspace/solver/report/figures/naca0012_m015_laminar_re5000_residuals.png
Skipping naca0012_m080_laminar_re5000 - no field_final.pvtu
Skipping naca0012_m200_laminar_re5000 - no field_final.pvtu

Processing cylinder_m010_laminar_re200...
  Written: /workspace/solver/report/figures/cylinder_m010_laminar_re200_mach.png
  Written: /workspace/solver/report/figures/cylinder_m010_laminar_re200_pressure.png
  Written: /workspace/solver/report/figures/cylinder_m010_laminar_re200_residuals.png
  Written: /workspace/solver/report/figures/cylinder_m010_laminar_re200_vorticity.png
  Written: /workspace/solver/report/figures/cylinder_m010_laminar_re200_forces.png

Processing cylinder_m010_laminar_re20...
  Written: /workspace/solver/report/figures/cylinder_m010_laminar_re20_mach.png
  Written: /workspace/solver/report/figures/cylinder_m010_laminar_re20_pressure.png
  Written: /workspace/solver/report/figures/cylinder_m010_laminar_re20_residuals.png

Done: 20 figure entries written.
Generating report artifacts...
Written: /workspace/solver/report/run_manifest.csv
Written: /workspace/solver/report/sanity_checks.json
Done.
CSV updated with 20 entries
Thu Aug 27 14:02:12 UTC 2026: naca0012_m200_laminar_re5000 completed
Thu Aug 27 14:02:12 UTC 2026: cylinder_m010_laminar_re200 completed
Thu Aug 27 14:02:12 UTC 2026: cylinder_m010_laminar_re20 completed
Thu Aug 27 14:02:12 UTC 2026: Running gen_figures.py and gen_report.py...
/workspace/solver/report/gen_figures.py:169: UserWarning: Data has no positive values, and therefore cannot be log-scaled.
  fig.savefig(out_path, dpi=120, bbox_inches='tight')
/workspace/solver/report/gen_figures.py:169: UserWarning: Data has no positive values, and therefore cannot be log-scaled.
  fig.savefig(out_path, dpi=120, bbox_inches='tight')

Processing naca0012_m015_inviscid...
  Written: /workspace/solver/report/figures/naca0012_m015_inviscid_mach.png
  Written: /workspace/solver/report/figures/naca0012_m015_inviscid_pressure.png
  Written: /workspace/solver/report/figures/naca0012_m015_inviscid_residuals.png

Processing naca0012_m080_inviscid...
  Written: /workspace/solver/report/figures/naca0012_m080_inviscid_mach.png
  Written: /workspace/solver/report/figures/naca0012_m080_inviscid_pressure.png
  Written: /workspace/solver/report/figures/naca0012_m080_inviscid_residuals.png

Processing naca0012_m200_inviscid...
  Written: /workspace/solver/report/figures/naca0012_m200_inviscid_mach.png
  Written: /workspace/solver/report/figures/naca0012_m200_inviscid_pressure.png
  Written: /workspace/solver/report/figures/naca0012_m200_inviscid_residuals.png

Processing naca0012_m015_laminar_re5000...
  Written: /workspace/solver/report/figures/naca0012_m015_laminar_re5000_mach.png
  Written: /workspace/solver/report/figures/naca0012_m015_laminar_re5000_pressure.png
  Written: /workspace/solver/report/figures/naca0012_m015_laminar_re5000_residuals.png
Skipping naca0012_m080_laminar_re5000 - no field_final.pvtu
Skipping naca0012_m200_laminar_re5000 - no field_final.pvtu

Processing cylinder_m010_laminar_re200...
  Written: /workspace/solver/report/figures/cylinder_m010_laminar_re200_mach.png
  Written: /workspace/solver/report/figures/cylinder_m010_laminar_re200_pressure.png
  Written: /workspace/solver/report/figures/cylinder_m010_laminar_re200_residuals.png
  Written: /workspace/solver/report/figures/cylinder_m010_laminar_re200_vorticity.png
  Written: /workspace/solver/report/figures/cylinder_m010_laminar_re200_forces.png

Processing cylinder_m010_laminar_re20...
  Written: /workspace/solver/report/figures/cylinder_m010_laminar_re20_mach.png
  Written: /workspace/solver/report/figures/cylinder_m010_laminar_re20_pressure.png
  Written: /workspace/solver/report/figures/cylinder_m010_laminar_re20_residuals.png

Done: 20 figure entries written.
Generating report artifacts...
Written: /workspace/solver/report/run_manifest.csv
Written: /workspace/solver/report/sanity_checks.json
Done.
CSV updated with 20 entries
Thu Aug 27 14:04:21 UTC 2026: naca0012_m200_laminar_re5000 completed
Thu Aug 27 14:04:21 UTC 2026: cylinder_m010_laminar_re200 completed
Thu Aug 27 14:04:21 UTC 2026: cylinder_m010_laminar_re20 completed
Thu Aug 27 14:04:21 UTC 2026: Running gen_figures.py and gen_report.py...
/workspace/solver/report/gen_figures.py:169: UserWarning: Data has no positive values, and therefore cannot be log-scaled.
  fig.savefig(out_path, dpi=120, bbox_inches='tight')
/workspace/solver/report/gen_figures.py:169: UserWarning: Data has no positive values, and therefore cannot be log-scaled.
  fig.savefig(out_path, dpi=120, bbox_inches='tight')

Processing naca0012_m015_inviscid...
  Written: /workspace/solver/report/figures/naca0012_m015_inviscid_mach.png
  Written: /workspace/solver/report/figures/naca0012_m015_inviscid_pressure.png
  Written: /workspace/solver/report/figures/naca0012_m015_inviscid_residuals.png

Processing naca0012_m080_inviscid...
  Written: /workspace/solver/report/figures/naca0012_m080_inviscid_mach.png
  Written: /workspace/solver/report/figures/naca0012_m080_inviscid_pressure.png
  Written: /workspace/solver/report/figures/naca0012_m080_inviscid_residuals.png

Processing naca0012_m200_inviscid...
  Written: /workspace/solver/report/figures/naca0012_m200_inviscid_mach.png
  Written: /workspace/solver/report/figures/naca0012_m200_inviscid_pressure.png
  Written: /workspace/solver/report/figures/naca0012_m200_inviscid_residuals.png

Processing naca0012_m015_laminar_re5000...
  Written: /workspace/solver/report/figures/naca0012_m015_laminar_re5000_mach.png
  Written: /workspace/solver/report/figures/naca0012_m015_laminar_re5000_pressure.png
  Written: /workspace/solver/report/figures/naca0012_m015_laminar_re5000_residuals.png
Skipping naca0012_m080_laminar_re5000 - no field_final.pvtu

Processing naca0012_m200_laminar_re5000...
  Written: /workspace/solver/report/figures/naca0012_m200_laminar_re5000_mach.png
  Written: /workspace/solver/report/figures/naca0012_m200_laminar_re5000_pressure.png
  Written: /workspace/solver/report/figures/naca0012_m200_laminar_re5000_residuals.png

Processing cylinder_m010_laminar_re200...
  Written: /workspace/solver/report/figures/cylinder_m010_laminar_re200_mach.png
  Written: /workspace/solver/report/figures/cylinder_m010_laminar_re200_pressure.png
  Written: /workspace/solver/report/figures/cylinder_m010_laminar_re200_residuals.png
  Written: /workspace/solver/report/figures/cylinder_m010_laminar_re200_vorticity.png
  Written: /workspace/solver/report/figures/cylinder_m010_laminar_re200_forces.png

Processing cylinder_m010_laminar_re20...
  Written: /workspace/solver/report/figures/cylinder_m010_laminar_re20_mach.png
  Written: /workspace/solver/report/figures/cylinder_m010_laminar_re20_pressure.png
  Written: /workspace/solver/report/figures/cylinder_m010_laminar_re20_residuals.png

Done: 23 figure entries written.
Generating report artifacts...
Written: /workspace/solver/report/run_manifest.csv
Written: /workspace/solver/report/sanity_checks.json
Done.
CSV updated with 23 entries
Thu Aug 27 14:06:32 UTC 2026: naca0012_m200_laminar_re5000 completed
Thu Aug 27 14:06:32 UTC 2026: cylinder_m010_laminar_re200 completed
Thu Aug 27 14:06:32 UTC 2026: cylinder_m010_laminar_re20 completed
Thu Aug 27 14:06:32 UTC 2026: Running gen_figures.py and gen_report.py...
/workspace/solver/report/gen_figures.py:169: UserWarning: Data has no positive values, and therefore cannot be log-scaled.
  fig.savefig(out_path, dpi=120, bbox_inches='tight')
/workspace/solver/report/gen_figures.py:169: UserWarning: Data has no positive values, and therefore cannot be log-scaled.
  fig.savefig(out_path, dpi=120, bbox_inches='tight')

Processing naca0012_m015_inviscid...
  Written: /workspace/solver/report/figures/naca0012_m015_inviscid_mach.png
  Written: /workspace/solver/report/figures/naca0012_m015_inviscid_pressure.png
  Written: /workspace/solver/report/figures/naca0012_m015_inviscid_residuals.png

Processing naca0012_m080_inviscid...
  Written: /workspace/solver/report/figures/naca0012_m080_inviscid_mach.png
  Written: /workspace/solver/report/figures/naca0012_m080_inviscid_pressure.png
  Written: /workspace/solver/report/figures/naca0012_m080_inviscid_residuals.png

Processing naca0012_m200_inviscid...
  Written: /workspace/solver/report/figures/naca0012_m200_inviscid_mach.png
  Written: /workspace/solver/report/figures/naca0012_m200_inviscid_pressure.png
  Written: /workspace/solver/report/figures/naca0012_m200_inviscid_residuals.png

Processing naca0012_m015_laminar_re5000...
  Written: /workspace/solver/report/figures/naca0012_m015_laminar_re5000_mach.png
  Written: /workspace/solver/report/figures/naca0012_m015_laminar_re5000_pressure.png
  Written: /workspace/solver/report/figures/naca0012_m015_laminar_re5000_residuals.png
Skipping naca0012_m080_laminar_re5000 - no field_final.pvtu

Processing naca0012_m200_laminar_re5000...
  Written: /workspace/solver/report/figures/naca0012_m200_laminar_re5000_mach.png
  Written: /workspace/solver/report/figures/naca0012_m200_laminar_re5000_pressure.png
  Written: /workspace/solver/report/figures/naca0012_m200_laminar_re5000_residuals.png

Processing cylinder_m010_laminar_re200...
  Written: /workspace/solver/report/figures/cylinder_m010_laminar_re200_mach.png
  Written: /workspace/solver/report/figures/cylinder_m010_laminar_re200_pressure.png
  Written: /workspace/solver/report/figures/cylinder_m010_laminar_re200_residuals.png
  Written: /workspace/solver/report/figures/cylinder_m010_laminar_re200_vorticity.png
  Written: /workspace/solver/report/figures/cylinder_m010_laminar_re200_forces.png

Processing cylinder_m010_laminar_re20...
  Written: /workspace/solver/report/figures/cylinder_m010_laminar_re20_mach.png
  Written: /workspace/solver/report/figures/cylinder_m010_laminar_re20_pressure.png
  Written: /workspace/solver/report/figures/cylinder_m010_laminar_re20_residuals.png

Done: 23 figure entries written.
Generating report artifacts...
Written: /workspace/solver/report/run_manifest.csv
Written: /workspace/solver/report/sanity_checks.json
Done.
CSV updated with 23 entries
Thu Aug 27 14:08:43 UTC 2026: naca0012_m080_laminar_re5000 completed
Thu Aug 27 14:08:43 UTC 2026: naca0012_m200_laminar_re5000 completed
Thu Aug 27 14:08:43 UTC 2026: cylinder_m010_laminar_re200 completed
Thu Aug 27 14:08:43 UTC 2026: cylinder_m010_laminar_re20 completed
Thu Aug 27 14:08:43 UTC 2026: Running gen_figures.py and gen_report.py...
