This is pdfTeX, Version 3.141592653-2.6-1.40.25 (TeX Live 2023/Debian) (preloaded format=pdflatex 2026.8.25)  27 AUG 2026 14:31
entering extended mode
 restricted \write18 enabled.
 %&-line parsing enabled.
**report.tex
(./report.tex
LaTeX2e <2023-11-01> patch level 1
L3 programming layer <2024-01-22>
(/usr/share/texlive/texmf-dist/tex/latex/base/article.cls
Document Class: article 2023/05/17 v1.4n Standard LaTeX document class
(/usr/share/texlive/texmf-dist/tex/latex/base/size11.clo
File: size11.clo 2023/05/17 v1.4n Standard LaTeX file (size option)
)
\c@part=\count187
\c@section=\count188
\c@subsection=\count189
\c@subsubsection=\count190
\c@paragraph=\count191
\c@subparagraph=\count192
\c@figure=\count193
\c@table=\count194
\abovecaptionskip=\skip48
\belowcaptionskip=\skip49
\bibindent=\dimen140
)
(/usr/share/texlive/texmf-dist/tex/latex/geometry/geometry.sty
Package: geometry 2020/01/02 v5.9 Page Geometry

(/usr/share/texlive/texmf-dist/tex/latex/graphics/keyval.sty
Package: keyval 2022/05/29 v1.15 key=value parser (DPC)
\KV@toks@=\toks17
)
(/usr/share/texlive/texmf-dist/tex/generic/iftex/ifvtex.sty
Package: ifvtex 2019/10/25 v1.7 ifvtex legacy package. Use iftex instead.

(/usr/share/texlive/texmf-dist/tex/generic/iftex/iftex.sty
Package: iftex 2022/02/03 v1.0f TeX engine tests
))
\Gm@cnth=\count195
\Gm@cntv=\count196
\c@Gm@tempcnt=\count197
\Gm@bindingoffset=\dimen141
\Gm@wd@mp=\dimen142
\Gm@odd@mp=\dimen143
\Gm@even@mp=\dimen144
\Gm@layoutwidth=\dimen145
\Gm@layoutheight=\dimen146
\Gm@layouthoffset=\dimen147
\Gm@layoutvoffset=\dimen148
\Gm@dimlist=\toks18
)
(/usr/share/texlive/texmf-dist/tex/latex/amsmath/amsmath.sty
Package: amsmath 2023/05/13 v2.17o AMS math features
\@mathmargin=\skip50

For additional information on amsmath, use the `?' option.
(/usr/share/texlive/texmf-dist/tex/latex/amsmath/amstext.sty
Package: amstext 2021/08/26 v2.01 AMS text

(/usr/share/texlive/texmf-dist/tex/latex/amsmath/amsgen.sty
File: amsgen.sty 1999/11/30 v2.0 generic functions
\@emptytoks=\toks19
\ex@=\dimen149
))
(/usr/share/texlive/texmf-dist/tex/latex/amsmath/amsbsy.sty
Package: amsbsy 1999/11/29 v1.2d Bold Symbols
\pmbraise@=\dimen150
)
(/usr/share/texlive/texmf-dist/tex/latex/amsmath/amsopn.sty
Package: amsopn 2022/04/08 v2.04 operator names
)
\inf@bad=\count198
LaTeX Info: Redefining \frac on input line 234.
\uproot@=\count199
\leftroot@=\count266
LaTeX Info: Redefining \overline on input line 399.
LaTeX Info: Redefining \colon on input line 410.
\classnum@=\count267
\DOTSCASE@=\count268
LaTeX Info: Redefining \ldots on input line 496.
LaTeX Info: Redefining \dots on input line 499.
LaTeX Info: Redefining \cdots on input line 620.
\Mathstrutbox@=\box51
\strutbox@=\box52
LaTeX Info: Redefining \big on input line 722.
LaTeX Info: Redefining \Big on input line 723.
LaTeX Info: Redefining \bigg on input line 724.
LaTeX Info: Redefining \Bigg on input line 725.
\big@size=\dimen151
LaTeX Font Info:    Redeclaring font encoding OML on input line 743.
LaTeX Font Info:    Redeclaring font encoding OMS on input line 744.
\macc@depth=\count269
LaTeX Info: Redefining \bmod on input line 905.
LaTeX Info: Redefining \pmod on input line 910.
LaTeX Info: Redefining \smash on input line 940.
LaTeX Info: Redefining \relbar on input line 970.
LaTeX Info: Redefining \Relbar on input line 971.
\c@MaxMatrixCols=\count270
\dotsspace@=\muskip16
\c@parentequation=\count271
\dspbrk@lvl=\count272
\tag@help=\toks20
\row@=\count273
\column@=\count274
\maxfields@=\count275
\andhelp@=\toks21
\eqnshift@=\dimen152
\alignsep@=\dimen153
\tagshift@=\dimen154
\tagwidth@=\dimen155
\totwidth@=\dimen156
\lineht@=\dimen157
\@envbody=\toks22
\multlinegap=\skip51
\multlinetaggap=\skip52
\mathdisplay@stack=\toks23
LaTeX Info: Redefining \[ on input line 2953.
LaTeX Info: Redefining \] on input line 2954.
)
(/usr/share/texlive/texmf-dist/tex/latex/amsfonts/amssymb.sty
Package: amssymb 2013/01/14 v3.01 AMS font symbols

(/usr/share/texlive/texmf-dist/tex/latex/amsfonts/amsfonts.sty
Package: amsfonts 2013/01/14 v3.01 Basic AMSFonts support
\symAMSa=\mathgroup4
\symAMSb=\mathgroup5
LaTeX Font Info:    Redeclaring math symbol \hbar on input line 98.
LaTeX Font Info:    Overwriting math alphabet `\mathfrak' in version `bold'
(Font)                  U/euf/m/n --> U/euf/b/n on input line 106.
))
(/usr/share/texlive/texmf-dist/tex/latex/graphics/graphicx.sty
Package: graphicx 2021/09/16 v1.2d Enhanced LaTeX Graphics (DPC,SPQR)

(/usr/share/texlive/texmf-dist/tex/latex/graphics/graphics.sty
Package: graphics 2022/03/10 v1.4e Standard LaTeX Graphics (DPC,SPQR)

(/usr/share/texlive/texmf-dist/tex/latex/graphics/trig.sty
Package: trig 2021/08/11 v1.11 sin cos tan (DPC)
)
(/usr/share/texlive/texmf-dist/tex/latex/graphics-cfg/graphics.cfg
File: graphics.cfg 2016/06/04 v1.11 sample graphics configuration
)
Package graphics Info: Driver file: pdftex.def on input line 107.

(/usr/share/texlive/texmf-dist/tex/latex/graphics-def/pdftex.def
File: pdftex.def 2022/09/22 v1.2b Graphics/color driver for pdftex
))
\Gin@req@height=\dimen158
\Gin@req@width=\dimen159
)
(/usr/share/texlive/texmf-dist/tex/latex/booktabs/booktabs.sty
Package: booktabs 2020/01/12 v1.61803398 Publication quality tables
\heavyrulewidth=\dimen160
\lightrulewidth=\dimen161
\cmidrulewidth=\dimen162
\belowrulesep=\dimen163
\belowbottomsep=\dimen164
\aboverulesep=\dimen165
\abovetopsep=\dimen166
\cmidrulesep=\dimen167
\cmidrulekern=\dimen168
\defaultaddspace=\dimen169
\@cmidla=\count276
\@cmidlb=\count277
\@aboverulesep=\dimen170
\@belowrulesep=\dimen171
\@thisruleclass=\count278
\@lastruleclass=\count279
\@thisrulewidth=\dimen172
)
(/usr/share/texlive/texmf-dist/tex/latex/siunitx/siunitx.sty
Package: siunitx 2024-01-25 v3.3.10 A comprehensive (SI) units package
\l__siunitx_number_uncert_offset_int=\count280
\l__siunitx_number_exponent_fixed_int=\count281
\l__siunitx_number_min_decimal_int=\count282
\l__siunitx_number_min_integer_int=\count283
\l__siunitx_number_round_precision_int=\count284
\l__siunitx_number_lower_threshold_int=\count285
\l__siunitx_number_upper_threshold_int=\count286
\l__siunitx_number_group_first_int=\count287
\l__siunitx_number_group_size_int=\count288
\l__siunitx_number_group_minimum_int=\count289
\l__siunitx_angle_tmp_dim=\dimen173
\l__siunitx_angle_marker_box=\box53
\l__siunitx_angle_unit_box=\box54
\l__siunitx_compound_count_int=\count290

(/usr/share/texlive/texmf-dist/tex/latex/translations/translations.sty
Package: translations 2022/02/05 v1.12 internationalization of LaTeX2e packages
 (CN)

(/usr/share/texlive/texmf-dist/tex/latex/etoolbox/etoolbox.sty
Package: etoolbox 2020/10/05 v2.5k e-TeX tools for LaTeX (JAW)
\etb@tempcnta=\count291
)
(/usr/share/texlive/texmf-dist/tex/generic/pdftexcmds/pdftexcmds.sty
Package: pdftexcmds 2020-06-27 v0.33 Utility functions of pdfTeX for LuaTeX (HO
)

(/usr/share/texlive/texmf-dist/tex/generic/infwarerr/infwarerr.sty
Package: infwarerr 2019/12/03 v1.5 Providing info/warning/error messages (HO)
)
(/usr/share/texlive/texmf-dist/tex/generic/ltxcmds/ltxcmds.sty
Package: ltxcmds 2023-12-04 v1.26 LaTeX kernel commands for general use (HO)
)
Package pdftexcmds Info: \pdf@primitive is available.
Package pdftexcmds Info: \pdf@ifprimitive is available.
Package pdftexcmds Info: \pdfdraftmode found.
))
\l__siunitx_table_tmp_box=\box55
\l__siunitx_table_tmp_dim=\dimen174
\l__siunitx_table_column_width_dim=\dimen175
\l__siunitx_table_integer_box=\box56
\l__siunitx_table_decimal_box=\box57
\l__siunitx_table_uncert_box=\box58
\l__siunitx_table_before_box=\box59
\l__siunitx_table_after_box=\box60
\l__siunitx_table_before_dim=\dimen176
\l__siunitx_table_carry_dim=\dimen177
\l__siunitx_unit_tmp_int=\count292
\l__siunitx_unit_position_int=\count293
\l__siunitx_unit_total_int=\count294

(/usr/share/texlive/texmf-dist/tex/latex/tools/array.sty
Package: array 2023/10/16 v2.5g Tabular extension package (FMi)
\col@sep=\dimen178
\ar@mcellbox=\box61
\extrarowheight=\dimen179
\NC@list=\toks24
\extratabsurround=\skip53
\backup@length=\skip54
\ar@cellbox=\box62
))
(/usr/share/texlive/texmf-dist/tex/latex/caption/subcaption.sty
Package: subcaption 2023/07/28 v1.6b Sub-captions (AR)

(/usr/share/texlive/texmf-dist/tex/latex/caption/caption.sty
Package: caption 2023/08/05 v3.6o Customizing captions (AR)

(/usr/share/texlive/texmf-dist/tex/latex/caption/caption3.sty
Package: caption3 2023/07/31 v2.4d caption3 kernel (AR)
\caption@tempdima=\dimen180
\captionmargin=\dimen181
\caption@leftmargin=\dimen182
\caption@rightmargin=\dimen183
\caption@width=\dimen184
\caption@indent=\dimen185
\caption@parindent=\dimen186
\caption@hangindent=\dimen187
Package caption Info: Standard document class detected.
)
\c@caption@flags=\count295
\c@continuedfloat=\count296
)
Package caption Info: New subtype `subfigure' on input line 238.
\c@subfigure=\count297
Package caption Info: New subtype `subtable' on input line 238.
\c@subtable=\count298
)
(/usr/share/texlive/texmf-dist/tex/latex/hyperref/hyperref.sty
Package: hyperref 2024-01-20 v7.01h Hypertext links for LaTeX

(/usr/share/texlive/texmf-dist/tex/latex/kvsetkeys/kvsetkeys.sty
Package: kvsetkeys 2022-10-05 v1.19 Key value parser (HO)
)
(/usr/share/texlive/texmf-dist/tex/generic/kvdefinekeys/kvdefinekeys.sty
Package: kvdefinekeys 2019-12-19 v1.6 Define keys (HO)
)
(/usr/share/texlive/texmf-dist/tex/generic/pdfescape/pdfescape.sty
Package: pdfescape 2019/12/09 v1.15 Implements pdfTeX's escape features (HO)
)
(/usr/share/texlive/texmf-dist/tex/latex/hycolor/hycolor.sty
Package: hycolor 2020-01-27 v1.10 Color options for hyperref/bookmark (HO)
)
(/usr/share/texlive/texmf-dist/tex/latex/auxhook/auxhook.sty
Package: auxhook 2019-12-17 v1.6 Hooks for auxiliary files (HO)
)
(/usr/share/texlive/texmf-dist/tex/latex/hyperref/nameref.sty
Package: nameref 2023-11-26 v2.56 Cross-referencing by name of section

(/usr/share/texlive/texmf-dist/tex/latex/refcount/refcount.sty
Package: refcount 2019/12/15 v3.6 Data extraction from label references (HO)
)
(/usr/share/texlive/texmf-dist/tex/generic/gettitlestring/gettitlestring.sty
Package: gettitlestring 2019/12/15 v1.6 Cleanup title references (HO)

(/usr/share/texlive/texmf-dist/tex/latex/kvoptions/kvoptions.sty
Package: kvoptions 2022-06-15 v3.15 Key value format for package options (HO)
))
\c@section@level=\count299
)
\@linkdim=\dimen188
\Hy@linkcounter=\count300
\Hy@pagecounter=\count301

(/usr/share/texlive/texmf-dist/tex/latex/hyperref/pd1enc.def
File: pd1enc.def 2024-01-20 v7.01h Hyperref: PDFDocEncoding definition (HO)
Now handling font encoding PD1 ...
... no UTF-8 mapping file for font encoding PD1
)
(/usr/share/texlive/texmf-dist/tex/generic/intcalc/intcalc.sty
Package: intcalc 2019/12/15 v1.3 Expandable calculations with integers (HO)
)
\Hy@SavedSpaceFactor=\count302

(/usr/share/texlive/texmf-dist/tex/latex/hyperref/puenc.def
File: puenc.def 2024-01-20 v7.01h Hyperref: PDF Unicode definition (HO)
Now handling font encoding PU ...
... no UTF-8 mapping file for font encoding PU
)
Package hyperref Info: Hyper figures OFF on input line 4179.
Package hyperref Info: Link nesting OFF on input line 4184.
Package hyperref Info: Hyper index ON on input line 4187.
Package hyperref Info: Plain pages OFF on input line 4194.
Package hyperref Info: Backreferencing OFF on input line 4199.
Package hyperref Info: Implicit mode ON; LaTeX internals redefined.
Package hyperref Info: Bookmarks ON on input line 4446.
\c@Hy@tempcnt=\count303

(/usr/share/texlive/texmf-dist/tex/latex/url/url.sty
\Urlmuskip=\muskip17
Package: url 2013/09/16  ver 3.4  Verb mode for urls, etc.
)
LaTeX Info: Redefining \url on input line 4784.
\XeTeXLinkMargin=\dimen189

(/usr/share/texlive/texmf-dist/tex/generic/bitset/bitset.sty
Package: bitset 2019/12/09 v1.3 Handle bit-vector datatype (HO)

(/usr/share/texlive/texmf-dist/tex/generic/bigintcalc/bigintcalc.sty
Package: bigintcalc 2019/12/15 v1.5 Expandable calculations on big integers (HO
)
))
\Fld@menulength=\count304
\Field@Width=\dimen190
\Fld@charsize=\dimen191
Package hyperref Info: Hyper figures OFF on input line 6063.
Package hyperref Info: Link nesting OFF on input line 6068.
Package hyperref Info: Hyper index ON on input line 6071.
Package hyperref Info: backreferencing OFF on input line 6078.
Package hyperref Info: Link coloring OFF on input line 6083.
Package hyperref Info: Link coloring with OCG OFF on input line 6088.
Package hyperref Info: PDF/A mode OFF on input line 6093.

(/usr/share/texlive/texmf-dist/tex/latex/base/atbegshi-ltx.sty
Package: atbegshi-ltx 2021/01/10 v1.0c Emulation of the original atbegshi
package with kernel methods
)
\Hy@abspage=\count305
\c@Item=\count306
\c@Hfootnote=\count307
)
Package hyperref Info: Driver (autodetected): hpdftex.

(/usr/share/texlive/texmf-dist/tex/latex/hyperref/hpdftex.def
File: hpdftex.def 2024-01-20 v7.01h Hyperref driver for pdfTeX

(/usr/share/texlive/texmf-dist/tex/latex/base/atveryend-ltx.sty
Package: atveryend-ltx 2020/08/19 v1.0a Emulation of the original atveryend pac
kage
with kernel methods
)
\Fld@listcount=\count308
\c@bookmark@seq@number=\count309

(/usr/share/texlive/texmf-dist/tex/latex/rerunfilecheck/rerunfilecheck.sty
Package: rerunfilecheck 2022-07-10 v1.10 Rerun checks for auxiliary files (HO)

(/usr/share/texlive/texmf-dist/tex/generic/uniquecounter/uniquecounter.sty
Package: uniquecounter 2019/12/15 v1.4 Provide unlimited unique counter (HO)
)
Package uniquecounter Info: New unique counter `rerunfilecheck' on input line 2
85.
)
\Hy@SectionHShift=\skip55
)
(/usr/share/texlive/texmf-dist/tex/latex/cleveref/cleveref.sty
Package: cleveref 2018/03/27 v0.21.4 Intelligent cross-referencing
Package cleveref Info: `hyperref' support loaded on input line 2370.
LaTeX Info: Redefining \cref on input line 2370.
LaTeX Info: Redefining \Cref on input line 2370.
LaTeX Info: Redefining \crefrange on input line 2370.
LaTeX Info: Redefining \Crefrange on input line 2370.
LaTeX Info: Redefining \cpageref on input line 2370.
LaTeX Info: Redefining \Cpageref on input line 2370.
LaTeX Info: Redefining \cpagerefrange on input line 2370.
LaTeX Info: Redefining \Cpagerefrange on input line 2370.
LaTeX Info: Redefining \labelcref on input line 2370.
LaTeX Info: Redefining \labelcpageref on input line 2370.
)
(/usr/share/texlive/texmf-dist/tex/latex/base/fontenc.sty
Package: fontenc 2021/04/29 v2.0v Standard LaTeX package
)
(/usr/share/texlive/texmf-dist/tex/latex/microtype/microtype.sty
Package: microtype 2023/03/13 v3.1a Micro-typographical refinements (RS)
\MT@toks=\toks25
\MT@tempbox=\box63
\MT@count=\count310
LaTeX Info: Redefining \noprotrusionifhmode on input line 1059.
LaTeX Info: Redefining \leftprotrusion on input line 1060.
\MT@prot@toks=\toks26
LaTeX Info: Redefining \rightprotrusion on input line 1078.
LaTeX Info: Redefining \textls on input line 1368.
\MT@outer@kern=\dimen192
LaTeX Info: Redefining \textmicrotypecontext on input line 1988.
\MT@listname@count=\count311

(/usr/share/texlive/texmf-dist/tex/latex/microtype/microtype-pdftex.def
File: microtype-pdftex.def 2023/03/13 v3.1a Definitions specific to pdftex (RS)

LaTeX Info: Redefining \lsstyle on input line 902.
LaTeX Info: Redefining \lslig on input line 902.
\MT@outer@space=\skip56
)
Package microtype Info: Loading configuration file microtype.cfg.

(/usr/share/texlive/texmf-dist/tex/latex/microtype/microtype.cfg
File: microtype.cfg 2023/03/13 v3.1a microtype main configuration file (RS)
))
(/usr/share/texlive/texmf-dist/tex/latex/float/float.sty
Package: float 2001/11/08 v1.3d Float enhancements (AL)
\c@float@type=\count312
\float@exts=\toks27
\float@box=\box64
\@float@everytoks=\toks28
\@floatcapt=\box65
)
Package translations Info: No language package found. I am going to use `englis
h' as default language. on input line 16.

(/usr/share/texlive/texmf-dist/tex/latex/graphics/color.sty
Package: color 2022/01/06 v1.3d Standard LaTeX Color (DPC)

(/usr/share/texlive/texmf-dist/tex/latex/graphics-cfg/color.cfg
File: color.cfg 2016/01/02 v1.6 sample color configuration
)
Package color Info: Driver file: pdftex.def on input line 149.

(/usr/share/texlive/texmf-dist/tex/latex/graphics/mathcolor.ltx))
(/usr/share/texlive/texmf-dist/tex/latex/l3backend/l3backend-pdftex.def
File: l3backend-pdftex.def 2024-01-04 L3 backend support: PDF output (pdfTeX)
\l__color_backend_stack_int=\count313
\l__pdf_internal_box=\box66
)
(./report.aux)
\openout1 = `report.aux'.

LaTeX Font Info:    Checking defaults for OML/cmm/m/it on input line 16.
LaTeX Font Info:    ... okay on input line 16.
LaTeX Font Info:    Checking defaults for OMS/cmsy/m/n on input line 16.
LaTeX Font Info:    ... okay on input line 16.
LaTeX Font Info:    Checking defaults for OT1/cmr/m/n on input line 16.
LaTeX Font Info:    ... okay on input line 16.
LaTeX Font Info:    Checking defaults for T1/cmr/m/n on input line 16.
LaTeX Font Info:    ... okay on input line 16.
LaTeX Font Info:    Checking defaults for TS1/cmr/m/n on input line 16.
LaTeX Font Info:    ... okay on input line 16.
LaTeX Font Info:    Checking defaults for OMX/cmex/m/n on input line 16.
LaTeX Font Info:    ... okay on input line 16.
LaTeX Font Info:    Checking defaults for U/cmr/m/n on input line 16.
LaTeX Font Info:    ... okay on input line 16.
LaTeX Font Info:    Checking defaults for PD1/pdf/m/n on input line 16.
LaTeX Font Info:    ... okay on input line 16.
LaTeX Font Info:    Checking defaults for PU/pdf/m/n on input line 16.
LaTeX Font Info:    ... okay on input line 16.

*geometry* driver: auto-detecting
*geometry* detected driver: pdftex
*geometry* verbose mode - [ preamble ] result:
* driver: pdftex
* paper: a4paper
* layout: <same size as paper>
* layoutoffset:(h,v)=(0.0pt,0.0pt)
* modes: 
* h-part:(L,W,R)=(72.26999pt, 452.9679pt, 72.26999pt)
* v-part:(T,H,B)=(72.26999pt, 700.50687pt, 72.26999pt)
* \paperwidth=597.50787pt
* \paperheight=845.04684pt
* \textwidth=452.9679pt
* \textheight=700.50687pt
* \oddsidemargin=0.0pt
* \evensidemargin=0.0pt
* \topmargin=-37.0pt
* \headheight=12.0pt
* \headsep=25.0pt
* \topskip=11.0pt
* \footskip=30.0pt
* \marginparwidth=50.0pt
* \marginparsep=10.0pt
* \columnsep=10.0pt
* \skip\footins=10.0pt plus 4.0pt minus 2.0pt
* \hoffset=0.0pt
* \voffset=0.0pt
* \mag=1000
* \@twocolumnfalse
* \@twosidefalse
* \@mparswitchfalse
* \@reversemarginfalse
* (1in=72.27pt=25.4mm, 1cm=28.453pt)

(/usr/share/texlive/texmf-dist/tex/context/base/mkii/supp-pdf.mkii
[Loading MPS to PDF converter (version 2006.09.02).]
\scratchcounter=\count314
\scratchdimen=\dimen193
\scratchbox=\box67
\nofMPsegments=\count315
\nofMParguments=\count316
\everyMPshowfont=\toks29
\MPscratchCnt=\count317
\MPscratchDim=\dimen194
\MPnumerator=\count318
\makeMPintoPDFobject=\count319
\everyMPtoPDFconversion=\toks30
) (/usr/share/texlive/texmf-dist/tex/latex/epstopdf-pkg/epstopdf-base.sty
Package: epstopdf-base 2020-01-24 v2.11 Base part for package epstopdf
Package epstopdf-base Info: Redefining graphics rule for `.eps' on input line 4
85.

(/usr/share/texlive/texmf-dist/tex/latex/latexconfig/epstopdf-sys.cfg
File: epstopdf-sys.cfg 2010/07/13 v1.3 Configuration of (r)epstopdf for TeX Liv
e
))
(/usr/share/texlive/texmf-dist/tex/latex/translations/translations-basic-dictio
nary-english.trsl
File: translations-basic-dictionary-english.trsl (english translation file `tra
nslations-basic-dictionary')
)
Package translations Info: loading dictionary `translations-basic-dictionary' f
or `english'. on input line 16.
Package caption Info: Begin \AtBeginDocument code.
Package caption Info: float package is loaded.
Package caption Info: hyperref package is loaded.
Package caption Info: End \AtBeginDocument code.
Package hyperref Info: Link coloring OFF on input line 16.
 (./report.out) (./report.out)
\@outlinefile=\write3
\openout3 = `report.out'.

LaTeX Info: Redefining \microtypecontext on input line 16.
Package microtype Info: Applying patch `item' on input line 16.
Package microtype Info: Applying patch `toc' on input line 16.
Package microtype Info: Applying patch `eqnum' on input line 16.
Package microtype Info: Applying patch `footnote' on input line 16.
Package microtype Info: Applying patch `verbatim' on input line 16.
Package microtype Info: Generating PDF output.
Package microtype Info: Character protrusion enabled (level 2).
Package microtype Info: Using default protrusion set `alltext'.
Package microtype Info: Automatic font expansion enabled (level 2),
(microtype)             stretch: 20, shrink: 20, step: 1, non-selected.
Package microtype Info: Using default expansion set `alltext-nott'.
LaTeX Info: Redefining \showhyphens on input line 16.
Package microtype Info: No adjustment of tracking.
Package microtype Info: No adjustment of interword spacing.
Package microtype Info: No adjustment of character kerning.

(/usr/share/texlive/texmf-dist/tex/latex/microtype/mt-cmr.cfg
File: mt-cmr.cfg 2013/05/19 v2.2 microtype config. file: Computer Modern Roman 
(RS)
)
LaTeX Font Info:    Trying to load font information for U+msa on input line 18.


(/usr/share/texlive/texmf-dist/tex/latex/amsfonts/umsa.fd
File: umsa.fd 2013/01/14 v3.01 AMS symbols A
)
(/usr/share/texlive/texmf-dist/tex/latex/microtype/mt-msa.cfg
File: mt-msa.cfg 2006/02/04 v1.1 microtype config. file: AMS symbols (a) (RS)
)
LaTeX Font Info:    Trying to load font information for U+msb on input line 18.


(/usr/share/texlive/texmf-dist/tex/latex/amsfonts/umsb.fd
File: umsb.fd 2013/01/14 v3.01 AMS symbols B
)
(/usr/share/texlive/texmf-dist/tex/latex/microtype/mt-msb.cfg
File: mt-msb.cfg 2005/06/01 v1.0 microtype config. file: AMS symbols (b) (RS)
) (./report.toc)
\tf@toc=\write4
\openout4 = `report.toc'.


[1

{/var/lib/texmf/fonts/map/pdftex/updmap/pdftex.map}{/usr/share/texmf/fonts/enc/
dvips/cm-super/cm-super-t1.enc}]
LaTeX Font Info:    Trying to load font information for T1+cmtt on input line 5
2.

(/usr/share/texlive/texmf-dist/tex/latex/base/t1cmtt.fd
File: t1cmtt.fd 2023/04/13 v2.5m Standard LaTeX font definitions
)
Package microtype Info: Loading generic protrusion settings for font family
(microtype)             `cmtt' (encoding: T1).
(microtype)             For optimal results, create family-specific settings.
(microtype)             See the microtype manual for details.
 [2] [3]

Package hyperref Warning: Token not allowed in a PDF string (Unicode):
(hyperref)                removing `\leavevmode@ifvmode' on input line 228.


Package hyperref Warning: Token not allowed in a PDF string (Unicode):
(hyperref)                \kern 1.81503pt
(hyperref)                removed on input line 228.

[4{/usr/share/texmf/fonts/enc/dvips/cm-super/cm-super-ts1.enc}]
Overfull \hbox (1.52222pt too wide) in paragraph at lines 253--263
 [][] 
 []


Overfull \hbox (8.15196pt too wide) in paragraph at lines 299--313
 [][] 
 []


Package hyperref Warning: Token not allowed in a PDF string (Unicode):
(hyperref)                removing `\leavevmode@ifvmode' on input line 337.


Package hyperref Warning: Token not allowed in a PDF string (Unicode):
(hyperref)                \kern 1.81503pt
(hyperref)                removed on input line 337.

<figures/naca0012_m015_inviscid_mach.png, id=215, 522.56769pt x 394.70538pt>
File: figures/naca0012_m015_inviscid_mach.png Graphic file (type png)
<use figures/naca0012_m015_inviscid_mach.png>
Package pdftex.def Info: figures/naca0012_m015_inviscid_mach.png  used on input
 line 350.
(pdftex.def)             Requested size: 140.41893pt x 106.05994pt.
<figures/naca0012_m080_inviscid_mach.png, id=217, 516.45255pt x 394.70538pt>
File: figures/naca0012_m080_inviscid_mach.png Graphic file (type png)
<use figures/naca0012_m080_inviscid_mach.png>
Package pdftex.def Info: figures/naca0012_m080_inviscid_mach.png  used on input
 line 354.
(pdftex.def)             Requested size: 140.41893pt x 107.3187pt.
<figures/naca0012_m200_inviscid_mach.png, id=218, 522.56769pt x 394.70538pt>
File: figures/naca0012_m200_inviscid_mach.png Graphic file (type png)
<use figures/naca0012_m200_inviscid_mach.png>
Package pdftex.def Info: figures/naca0012_m200_inviscid_mach.png  used on input
 line 358.
(pdftex.def)             Requested size: 140.41893pt x 106.05994pt.
[5]
<figures/naca0012_m015_inviscid_pressure.png, id=227, 522.01176pt x 394.70538pt
>
File: figures/naca0012_m015_inviscid_pressure.png Graphic file (type png)
<use figures/naca0012_m015_inviscid_pressure.png>
Package pdftex.def Info: figures/naca0012_m015_inviscid_pressure.png  used on i
nput line 368.
(pdftex.def)             Requested size: 140.41893pt x 106.17438pt.
<figures/naca0012_m080_inviscid_pressure.png, id=228, 515.89662pt x 394.70538pt
>
File: figures/naca0012_m080_inviscid_pressure.png Graphic file (type png)
<use figures/naca0012_m080_inviscid_pressure.png>
Package pdftex.def Info: figures/naca0012_m080_inviscid_pressure.png  used on i
nput line 372.
(pdftex.def)             Requested size: 140.41893pt x 107.43312pt.
<figures/naca0012_m200_inviscid_pressure.png, id=229, 515.89662pt x 394.70538pt
>
File: figures/naca0012_m200_inviscid_pressure.png Graphic file (type png)
<use figures/naca0012_m200_inviscid_pressure.png>
Package pdftex.def Info: figures/naca0012_m200_inviscid_pressure.png  used on i
nput line 376.
(pdftex.def)             Requested size: 140.41893pt x 107.43312pt.
<figures/naca0012_m015_inviscid_residuals.png, id=230, 507.69675pt x 338.4645pt
>
File: figures/naca0012_m015_inviscid_residuals.png Graphic file (type png)
<use figures/naca0012_m015_inviscid_residuals.png>
Package pdftex.def Info: figures/naca0012_m015_inviscid_residuals.png  used on 
input line 386.
(pdftex.def)             Requested size: 140.41893pt x 93.61255pt.
<figures/naca0012_m080_inviscid_residuals.png, id=231, 511.31026pt x 338.4645pt
>
File: figures/naca0012_m080_inviscid_residuals.png Graphic file (type png)
<use figures/naca0012_m080_inviscid_residuals.png>
Package pdftex.def Info: figures/naca0012_m080_inviscid_residuals.png  used on 
input line 390.
(pdftex.def)             Requested size: 140.41893pt x 92.95149pt.
<figures/naca0012_m200_inviscid_residuals.png, id=232, 507.69675pt x 338.4645pt
>
File: figures/naca0012_m200_inviscid_residuals.png Graphic file (type png)
<use figures/naca0012_m200_inviscid_residuals.png>
Package pdftex.def Info: figures/naca0012_m200_inviscid_residuals.png  used on 
input line 394.
(pdftex.def)             Requested size: 140.41893pt x 93.61255pt.


Package hyperref Warning: Token not allowed in a PDF string (Unicode):
(hyperref)                removing `\leavevmode@ifvmode' on input line 401.


Package hyperref Warning: Token not allowed in a PDF string (Unicode):
(hyperref)                \kern 1.81503pt
(hyperref)                removed on input line 401.


Package hyperref Warning: Token not allowed in a PDF string (Unicode):
(hyperref)                removing `\leavevmode@ifvmode' on input line 401.


Package hyperref Warning: Token not allowed in a PDF string (Unicode):
(hyperref)                \kern 1.81503pt
(hyperref)                removed on input line 401.

<figures/naca0012_m015_laminar_re5000_mach.png, id=235, 522.56769pt x 394.70538
pt>
File: figures/naca0012_m015_laminar_re5000_mach.png Graphic file (type png)
<use figures/naca0012_m015_laminar_re5000_mach.png>
Package pdftex.def Info: figures/naca0012_m015_laminar_re5000_mach.png  used on
 input line 413.
(pdftex.def)             Requested size: 140.41893pt x 106.05994pt.
<figures/naca0012_m080_laminar_re5000_mach.png, id=236, 543.13684pt x 394.70538
pt>
File: figures/naca0012_m080_laminar_re5000_mach.png Graphic file (type png)
<use figures/naca0012_m080_laminar_re5000_mach.png>
Package pdftex.def Info: figures/naca0012_m080_laminar_re5000_mach.png  used on
 input line 417.
(pdftex.def)             Requested size: 140.41893pt x 102.0428pt.
<figures/naca0012_m200_laminar_re5000_mach.png, id=237, 543.13684pt x 394.70538
pt>
File: figures/naca0012_m200_laminar_re5000_mach.png Graphic file (type png)
<use figures/naca0012_m200_laminar_re5000_mach.png>
Package pdftex.def Info: figures/naca0012_m200_laminar_re5000_mach.png  used on
 input line 421.
(pdftex.def)             Requested size: 140.41893pt x 102.0428pt.
<figures/naca0012_m015_laminar_re5000_pressure.png, id=238, 528.12692pt x 394.7
0538pt>
File: figures/naca0012_m015_laminar_re5000_pressure.png Graphic file (type png)

<use figures/naca0012_m015_laminar_re5000_pressure.png>
Package pdftex.def Info: figures/naca0012_m015_laminar_re5000_pressure.png  use
d on input line 431.
(pdftex.def)             Requested size: 140.41893pt x 104.93971pt.
<figures/naca0012_m080_laminar_re5000_pressure.png, id=239, 534.24208pt x 394.7
0538pt>
File: figures/naca0012_m080_laminar_re5000_pressure.png Graphic file (type png)

<use figures/naca0012_m080_laminar_re5000_pressure.png>
Package pdftex.def Info: figures/naca0012_m080_laminar_re5000_pressure.png  use
d on input line 435.
(pdftex.def)             Requested size: 140.41893pt x 103.7412pt.
<figures/naca0012_m200_laminar_re5000_pressure.png, id=240, 540.35722pt x 394.7
0538pt>
File: figures/naca0012_m200_laminar_re5000_pressure.png Graphic file (type png)

<use figures/naca0012_m200_laminar_re5000_pressure.png>
Package pdftex.def Info: figures/naca0012_m200_laminar_re5000_pressure.png  use
d on input line 439.
(pdftex.def)             Requested size: 140.41893pt x 102.56677pt.
<figures/naca0012_m015_laminar_re5000_residuals.png, id=241, 507.69675pt x 338.
4645pt>
File: figures/naca0012_m015_laminar_re5000_residuals.png Graphic file (type png
)
<use figures/naca0012_m015_laminar_re5000_residuals.png>
Package pdftex.def Info: figures/naca0012_m015_laminar_re5000_residuals.png  us
ed on input line 449.
(pdftex.def)             Requested size: 140.41893pt x 93.61255pt.
<figures/naca0012_m080_laminar_re5000_residuals.png, id=242, 507.69675pt x 338.
4645pt>
File: figures/naca0012_m080_laminar_re5000_residuals.png Graphic file (type png
)
<use figures/naca0012_m080_laminar_re5000_residuals.png>
Package pdftex.def Info: figures/naca0012_m080_laminar_re5000_residuals.png  us
ed on input line 453.
(pdftex.def)             Requested size: 140.41893pt x 93.61255pt.
<figures/naca0012_m200_laminar_re5000_residuals.png, id=243, 507.69675pt x 338.
4645pt>
File: figures/naca0012_m200_laminar_re5000_residuals.png Graphic file (type png
)
<use figures/naca0012_m200_laminar_re5000_residuals.png>
Package pdftex.def Info: figures/naca0012_m200_laminar_re5000_residuals.png  us
ed on input line 457.
(pdftex.def)             Requested size: 140.41893pt x 93.61255pt.
<figures/naca0012_m015_laminar_re5000_cp.png, id=244, 497.4585pt x 281.853pt>
File: figures/naca0012_m015_laminar_re5000_cp.png Graphic file (type png)
<use figures/naca0012_m015_laminar_re5000_cp.png>
Package pdftex.def Info: figures/naca0012_m015_laminar_re5000_cp.png  used on i
nput line 468.
(pdftex.def)             Requested size: 140.41893pt x 79.5591pt.
<figures/naca0012_m080_laminar_re5000_cp.png, id=245, 498.06075pt x 281.853pt>
File: figures/naca0012_m080_laminar_re5000_cp.png Graphic file (type png)
<use figures/naca0012_m080_laminar_re5000_cp.png>
Package pdftex.def Info: figures/naca0012_m080_laminar_re5000_cp.png  used on i
nput line 472.
(pdftex.def)             Requested size: 140.41893pt x 79.4645pt.
<figures/naca0012_m200_laminar_re5000_cp.png, id=246, 498.06075pt x 281.853pt>
File: figures/naca0012_m200_laminar_re5000_cp.png Graphic file (type png)
<use figures/naca0012_m200_laminar_re5000_cp.png>
Package pdftex.def Info: figures/naca0012_m200_laminar_re5000_cp.png  used on i
nput line 476.
(pdftex.def)             Requested size: 140.41893pt x 79.4645pt.

Package hyperref Warning: Token not allowed in a PDF string (Unicode):
(hyperref)                removing `\leavevmode@ifvmode' on input line 484.


Package hyperref Warning: Token not allowed in a PDF string (Unicode):
(hyperref)                \kern 1.81503pt
(hyperref)                removed on input line 484.

[6 <./figures/naca0012_m015_inviscid_mach.png> <./figures/naca0012_m080_invisci
d_mach.png> <./figures/naca0012_m200_inviscid_mach.png>] [7 <./figures/naca0012
_m015_inviscid_pressure.png> <./figures/naca0012_m080_inviscid_pressure.png> <.
/figures/naca0012_m200_inviscid_pressure.png> <./figures/naca0012_m015_inviscid
_residuals.png> <./figures/naca0012_m080_inviscid_residuals.png> <./figures/nac
a0012_m200_inviscid_residuals.png> <./figures/naca0012_m015_laminar_re5000_mach
.png> <./figures/naca0012_m080_laminar_re5000_mach.png> <./figures/naca0012_m20
0_laminar_re5000_mach.png> <./figures/naca0012_m015_laminar_re5000_pressure.png
> <./figures/naca0012_m080_laminar_re5000_pressure.png> <./figures/naca0012_m20
0_laminar_re5000_pressure.png>]
<figures/cylinder_m010_laminar_re20_mach.png, id=280, 565.37376pt x 394.70538pt
>
File: figures/cylinder_m010_laminar_re20_mach.png Graphic file (type png)
<use figures/cylinder_m010_laminar_re20_mach.png>
Package pdftex.def Info: figures/cylinder_m010_laminar_re20_mach.png  used on i
nput line 495.
(pdftex.def)             Requested size: 203.83417pt x 142.30463pt.
<figures/cylinder_m010_laminar_re20_pressure.png, id=281, 580.3837pt x 394.7053
8pt>
File: figures/cylinder_m010_laminar_re20_pressure.png Graphic file (type png)
<use figures/cylinder_m010_laminar_re20_pressure.png>
Package pdftex.def Info: figures/cylinder_m010_laminar_re20_pressure.png  used 
on input line 499.
(pdftex.def)             Requested size: 203.83417pt x 138.61871pt.


Package hyperref Warning: Token not allowed in a PDF string (Unicode):
(hyperref)                removing `\leavevmode@ifvmode' on input line 506.


Package hyperref Warning: Token not allowed in a PDF string (Unicode):
(hyperref)                \kern 1.81503pt
(hyperref)                removed on input line 506.

<figures/cylinder_m010_laminar_re200_mach.png, id=285, 580.3837pt x 394.70538pt
>
File: figures/cylinder_m010_laminar_re200_mach.png Graphic file (type png)
<use figures/cylinder_m010_laminar_re200_mach.png>
Package pdftex.def Info: figures/cylinder_m010_laminar_re200_mach.png  used on 
input line 519.
(pdftex.def)             Requested size: 203.83417pt x 138.61871pt.
<figures/cylinder_m010_laminar_re200_pressure.png, id=286, 580.3837pt x 394.705
38pt>
File: figures/cylinder_m010_laminar_re200_pressure.png Graphic file (type png)
<use figures/cylinder_m010_laminar_re200_pressure.png>
Package pdftex.def Info: figures/cylinder_m010_laminar_re200_pressure.png  used
 on input line 523.
(pdftex.def)             Requested size: 203.83417pt x 138.61871pt.
<figures/cylinder_m010_laminar_re200_vorticity.png, id=287, 522.56769pt x 339.1
1308pt>
File: figures/cylinder_m010_laminar_re200_vorticity.png Graphic file (type png)

<use figures/cylinder_m010_laminar_re200_vorticity.png>
Package pdftex.def Info: figures/cylinder_m010_laminar_re200_vorticity.png  use
d on input line 532.
(pdftex.def)             Requested size: 339.72592pt x 220.4571pt.
<figures/cylinder_m010_laminar_re200_forces.png, id=288, 628.749pt x 548.64975p
t>
File: figures/cylinder_m010_laminar_re200_forces.png Graphic file (type png)
<use figures/cylinder_m010_laminar_re200_forces.png>
Package pdftex.def Info: figures/cylinder_m010_laminar_re200_forces.png  used o
n input line 540.
(pdftex.def)             Requested size: 362.37569pt x 316.22461pt.
[8 <./figures/naca0012_m015_laminar_re5000_residuals.png> <./figures/naca0012_m
080_laminar_re5000_residuals.png> <./figures/naca0012_m200_laminar_re5000_resid
uals.png> <./figures/naca0012_m015_laminar_re5000_cp.png> <./figures/naca0012_m
080_laminar_re5000_cp.png> <./figures/naca0012_m200_laminar_re5000_cp.png> <./f
igures/cylinder_m010_laminar_re20_mach.png> <./figures/cylinder_m010_laminar_re
20_pressure.png>] [9 <./figures/cylinder_m010_laminar_re200_mach.png> <./figure
s/cylinder_m010_laminar_re200_pressure.png> <./figures/cylinder_m010_laminar_re
200_vorticity.png>] [10 <./figures/cylinder_m010_laminar_re200_forces.png>]
[11] (./report.aux)
 ***********
LaTeX2e <2023-11-01> patch level 1
L3 programming layer <2024-01-22>
 ***********
Package rerunfilecheck Info: File `report.out' has not changed.
(rerunfilecheck)             Checksum: 31E2B5123F43E1A8E615205119902F5E;5342.
 ) 
Here is how much of TeX's memory you used:
 19801 strings out of 474222
 389946 string characters out of 5748733
 1948975 words of memory out of 5000000
 41574 multiletter control sequences out of 15000+600000
 583966 words of font info for 190 fonts, out of 8000000 for 9000
 1141 hyphenation exceptions out of 8191
 75i,10n,80p,1003b,944s stack positions out of 10000i,1000n,20000p,200000b,200000s
</usr/share/texlive/texmf-dist/fonts/type1/public/amsfonts/cm/cmbx10.pfb></us
r/share/texlive/texmf-dist/fonts/type1/public/amsfonts/cm/cmex10.pfb></usr/shar
e/texlive/texmf-dist/fonts/type1/public/amsfonts/cm/cmmi10.pfb></usr/share/texl
ive/texmf-dist/fonts/type1/public/amsfonts/cm/cmmi6.pfb></usr/share/texlive/tex
mf-dist/fonts/type1/public/amsfonts/cm/cmmi7.pfb></usr/share/texlive/texmf-dist
/fonts/type1/public/amsfonts/cm/cmmi8.pfb></usr/share/texlive/texmf-dist/fonts/
type1/public/amsfonts/cm/cmr10.pfb></usr/share/texlive/texmf-dist/fonts/type1/p
ublic/amsfonts/cm/cmr8.pfb></usr/share/texlive/texmf-dist/fonts/type1/public/am
sfonts/cm/cmsy10.pfb></usr/share/texlive/texmf-dist/fonts/type1/public/amsfonts
/cm/cmsy7.pfb></usr/share/texlive/texmf-dist/fonts/type1/public/amsfonts/cm/cms
y8.pfb></usr/share/texmf/fonts/type1/public/cm-super/sfbx1000.pfb></usr/share/t
exmf/fonts/type1/public/cm-super/sfbx1095.pfb></usr/share/texmf/fonts/type1/pub
lic/cm-super/sfbx1200.pfb></usr/share/texmf/fonts/type1/public/cm-super/sfbx144
0.pfb></usr/share/texmf/fonts/type1/public/cm-super/sfrm0800.pfb></usr/share/te
xmf/fonts/type1/public/cm-super/sfrm1000.pfb></usr/share/texmf/fonts/type1/publ
ic/cm-super/sfrm1095.pfb></usr/share/texmf/fonts/type1/public/cm-super/sfrm1200
.pfb></usr/share/texmf/fonts/type1/public/cm-super/sfrm1728.pfb></usr/share/tex
mf/fonts/type1/public/cm-super/sfti1095.pfb></usr/share/texmf/fonts/type1/publi
c/cm-super/sftt1095.pfb>
Output written on report.pdf (11 pages, 3761922 bytes).
PDF statistics:
 448 PDF objects out of 1000 (max. 8388607)
 331 compressed objects within 4 object streams
 80 named destinations out of 1000 (max. 500000)
 54120 words of extra memory for PDF output out of 61914 (max. 10000000)

