order-of-accuracy study on generated perturbed mixed meshes
  level      cells    mean h       L1 error       L2 error     Linf error
  2nd    16       384  5.006e-02  1.588e-01  1.935e-01  4.710e-01
  2nd    32      1536  2.525e-02  5.465e-02  7.748e-02  2.562e-01
  2nd    64      6144  1.256e-02  1.956e-02  3.291e-02  1.488e-01
  2nd   128     24576  6.264e-03  1.031e-02  2.009e-02  1.024e-01
  1st    16       384  5.006e-02  5.804e-01  7.833e-01  2.599e+00
  1st    32      1536  2.525e-02  3.276e-01  5.585e-01  2.450e+00
  1st    64      6144  1.256e-02  2.256e-01  4.683e-01  2.409e+00
  1st   128     24576  6.264e-03  1.905e-01  4.348e-01  2.406e+00
manufactured-solution study (discretisation error of the converged steady state)
  scheme                      n     cells    mean h      L1 error      L2 error    Linf error  steps  res.orders
  2nd order, unlimited        16       384  5.420e-02  2.950e-03  3.776e-03  1.413e-02    345     11.0
  2nd order, unlimited        32      1536  2.711e-02  5.276e-04  7.326e-04  3.519e-03    528     11.0
  2nd order, unlimited        64      6144  1.356e-02  1.110e-04  1.658e-04  8.257e-04    859     11.0
  2nd order, unlimited       128     24576  6.778e-03  2.452e-05  3.650e-05  1.861e-04   1432     11.0
  2nd order, Venkatakrishnan  16       384  5.420e-02  2.967e-03  3.809e-03  1.445e-02    345     11.0
  2nd order, Venkatakrishnan  32      1536  2.711e-02  5.397e-04  7.470e-04  3.536e-03    528     11.0
  2nd order, Venkatakrishnan  64      6144  1.356e-02  1.268e-04  1.863e-04  8.364e-04    861     11.0
  2nd order, Venkatakrishnan 128     24576  6.778e-03  4.423e-05  6.782e-05  4.170e-04   1431     11.0
  1st order                   16       384  5.420e-02  1.181e-02  1.764e-02  6.529e-02    369     11.0
  1st order                   32      1536  2.711e-02  6.339e-03  9.607e-03  3.759e-02    559     11.0
  1st order                   64      6144  1.356e-02  3.389e-03  5.196e-03  1.999e-02    869     11.0
  1st order                  128     24576  6.778e-03  1.755e-03  2.711e-03  1.175e-02   1428     11.0
  observed L1 solution-error order: unlimited 2nd 2.298, limited 2nd 2.030, 1st 0.916
  observed order (second-order scheme): L1 1.331, L2 1.103
  observed order (first-order scheme) : L1 0.535
checks on mesh '/workspace/cfd_solver_agentic_benchmark/inputs/meshes/NACA0012_H2.cgns' (case naca0012_m015_laminar_re5000):
  freestream preservation, max |R|/(V rho a) over interior cells : 2.727e-10
  linear-field gradient relative error (interior cells)          : 7.969e-08
  linear-field reconstruction relative error at face centres     : 6.661e-16
wrote report/verification.json
