[cns2d] cns2d 1.0.0 (git 26ef1cb80b86)
[cns2d] command: ./build/cns2d solve --case ../cfd_solver_agentic_benchmark/inputs/cases/cylinder_m010_laminar_re20.json --output scratch/o_cyl --max-steps 500 --log-every 100
[cns2d] case: cylinder_m010_laminar_re20 -- Circular cylinder, Mach 0.1, laminar, Re 20
[cns2d] case file: /workspace/cfd_solver_agentic_benchmark/inputs/cases/cylinder_m010_laminar_re20.json
[cns2d] mesh file: /workspace/cfd_solver_agentic_benchmark/inputs/meshes/CylinderB1.cgns
[cns2d] MPI ranks: 1
[cns2d] boundary family 'FAR' -> farfield
[cns2d] boundary family 'WALL' -> no_slip_adiabatic_wall
[cns2d] CGNS mesh '/workspace/cfd_solver_agentic_benchmark/inputs/meshes/CylinderB1.cgns': base 'Base' (cell dim 2, phys dim 2), 2 zone(s)
  zone 'dom-1': 7079 nodes, 6901 cells
    section 'TriElements': TRI_3 x 64 (elements 1..64)
    section 'QuadElements': QUAD_4 x 6837 (elements 65..6901)
    section 'WALL': BAR_2 x 100 (elements 6902..7001)
    section 'con-2': BAR_2 x 20 (elements 7002..7021)
    section 'con-3': BAR_2 x 120 (elements 7022..7141)
    section 'con-4': BAR_2 x 40 (elements 7142..7181)
    section 'con-5': BAR_2 x 120 (elements 7182..7301)
    section 'con-6': BAR_2 x 20 (elements 7302..7321)
    BC 'WALL' family 'WALL' location 'EdgeCenter' pset 'PointRange' range 6902..7001
    connectivity '1to1Connection:con-2' (Abutting1to1, Vertex) -> zone 'dom-2', 21 matched nodes
    connectivity '1to1Connection:con-3' (Abutting1to1, Vertex) -> zone 'dom-2', 121 matched nodes
    connectivity '1to1Connection:con-4' (Abutting1to1, Vertex) -> zone 'dom-2', 41 matched nodes
    connectivity '1to1Connection:con-5' (Abutting1to1, Vertex) -> zone 'dom-2', 121 matched nodes
    connectivity '1to1Connection:con-6' (Abutting1to1, Vertex) -> zone 'dom-2', 21 matched nodes
  zone 'dom-2': 3236 nodes, 3284 cells
    section 'TriElements': TRI_3 x 436 (elements 1..436)
    section 'QuadElements': QUAD_4 x 2848 (elements 437..3284)
    section 'FAR': BAR_2 x 20 (elements 3285..3304)
    section 'con-2': BAR_2 x 20 (elements 3305..3324)
    section 'con-3': BAR_2 x 120 (elements 3325..3444)
    section 'con-4': BAR_2 x 40 (elements 3445..3484)
    section 'con-5': BAR_2 x 120 (elements 3485..3604)
    section 'con-6': BAR_2 x 20 (elements 3605..3624)
    BC 'FAR' family 'FAR' location 'EdgeCenter' pset 'PointRange' range 3285..3304
    connectivity '1to1Connection:con-2' (Abutting1to1, Vertex) -> zone 'dom-1', 21 matched nodes
    connectivity '1to1Connection:con-3' (Abutting1to1, Vertex) -> zone 'dom-1', 121 matched nodes
    connectivity '1to1Connection:con-4' (Abutting1to1, Vertex) -> zone 'dom-1', 41 matched nodes
    connectivity '1to1Connection:con-5' (Abutting1to1, Vertex) -> zone 'dom-1', 121 matched nodes
    connectivity '1to1Connection:con-6' (Abutting1to1, Vertex) -> zone 'dom-1', 21 matched nodes
[cns2d] global mesh: 9995 nodes (320 zone-interface node pairs fused, max merge distance 0), 10185 cells (500 tri, 9685 quad), 20180 faces (20060 interior, 120 boundary)
  boundary families: 'WALL' (100 faces) 'FAR' (20 faces)
[cns2d] partitioning: metis_kway_single_part into 1 part(s), edge cut 0
[cns2d] physics: laminar, Re = 20, constant mu = 5.000000e-02 (rho_inf*U_inf*L_ref/Re), Pr = 0.72
[cns2d] rank 0/1: 10185 owned cells, 0 ghost cells, 20180 faces, 120 boundary faces, 0 neighbour rank(s)
[cns2d] partitioner: metis_kway_single_part, global edge cut 0
[cns2d] numerics: roe inviscid flux (harten_hyman_entropy_fix), piecewise-linear least-squares reconstruction, venkatakrishnan limiter, lu_sgs_simplified_jacobian, viscous terms enabled
[cns2d] initial state set to freestream: rho=1 u=1 v=0 p=71.4286 (M=0.1)
[cns2d][warn] mesh verification: uniform-flow residual on interior-only cells is 2.123e-11 (expected < 1e-12); the interior scheme does not preserve a uniform state exactly
[cns2d] mesh verification: face-closure error 1.020e-16, volume-closure error 4.757e-13, total area 123606.0129 (boundary integral 123606.0129, mismatch 1.413e-15), linear-gradient error 3.137e-13, conservation defect 2.153e-02, uniform-flow residual 2.123e-11 on 9945 interior-only cells -- CHECK
[cns2d] initial state set to freestream: rho=1 u=1 v=0 p=71.4286 (M=0.1)
[cns2d] steady run: max_steps=500, target=5.00 orders, CFL 1 -> 100 over 3000 steps, inner iterations 3..80 (target ratio 1.00e-02)
  step       1  res  2.12361e+01  (- 0.00 orders)  cfl    1.000  inner    3 (ratio 9.68e-06)  cd  156.952427  cl    0.000000
  step     100  res  2.13615e+00  (- 1.00 orders)  cfl    1.164  inner    3 (ratio 2.30e-05)  cd   30.169551  cl   -0.000004
  step     200  res  1.01247e+00  (- 1.32 orders)  cfl    1.357  inner    3 (ratio 1.05e-04)  cd   30.529215  cl    0.000279
  step     300  res  3.53944e+00  (- 0.78 orders)  cfl    1.582  inner    3 (ratio 9.34e-05)  cd   18.130181  cl    0.002217
  step     400  res  2.16650e+00  (- 0.99 orders)  cfl    1.845  inner    3 (ratio 1.32e-04)  cd   -4.908186  cl    0.001848
  step     500  res  2.62307e+00  (- 0.91 orders)  cfl    2.151  inner    3 (ratio 3.62e-04)  cd   -6.729429  cl    0.007882
[cns2d] final state: residual 2.637030e+00, C_D = -6.573910 (pressure -7.960646 + viscous 1.386736), C_L = 0.008045, C_mz = 0.000115
[cns2d] run finished: status 'converged', 500 steps, t = 0, 0.91 residual orders, 7.6 s wall time
[cns2d] notes: reached the step limit (500) with the residual reduced by 0.91 orders (target 5.00); forces stable, treated as a converged plateau
