[cns2d] cns2d 1.0.0 (git 26ef1cb80b86)
[cns2d] command: ./build/cns2d solve --case scratch/dbg_cyl_inviscid.json --output scratch/o_fo_long --max-steps 6000 --log-every 500 --spatial-order 1 --limiter none
[cns2d] case: dbg_cyl_inviscid -- Circular cylinder, Mach 0.1, laminar, Re 20
[cns2d] case file: /workspace/solver/scratch/dbg_cyl_inviscid.json
[cns2d] mesh file: /workspace/cfd_solver_agentic_benchmark/inputs/meshes/CylinderB1.cgns
[cns2d] MPI ranks: 1
[cns2d] boundary family 'FAR' -> farfield
[cns2d] boundary family 'WALL' -> slip_wall
[cns2d] CGNS mesh '/workspace/cfd_solver_agentic_benchmark/inputs/meshes/CylinderB1.cgns': base 'Base' (cell dim 2, phys dim 2), 2 zone(s)
  zone 'dom-1': 7079 nodes, 6901 cells
    section 'TriElements': TRI_3 x 64 (elements 1..64)
    section 'QuadElements': QUAD_4 x 6837 (elements 65..6901)
    section 'WALL': BAR_2 x 100 (elements 6902..7001)
    section 'con-2': BAR_2 x 20 (elements 7002..7021)
    section 'con-3': BAR_2 x 120 (elements 7022..7141)
    section 'con-4': BAR_2 x 40 (elements 7142..7181)
    section 'con-5': BAR_2 x 120 (elements 7182..7301)
    section 'con-6': BAR_2 x 20 (elements 7302..7321)
    BC 'WALL' family 'WALL' location 'EdgeCenter' pset 'PointRange' range 6902..7001
    connectivity '1to1Connection:con-2' (Abutting1to1, Vertex) -> zone 'dom-2', 21 matched nodes
    connectivity '1to1Connection:con-3' (Abutting1to1, Vertex) -> zone 'dom-2', 121 matched nodes
    connectivity '1to1Connection:con-4' (Abutting1to1, Vertex) -> zone 'dom-2', 41 matched nodes
    connectivity '1to1Connection:con-5' (Abutting1to1, Vertex) -> zone 'dom-2', 121 matched nodes
    connectivity '1to1Connection:con-6' (Abutting1to1, Vertex) -> zone 'dom-2', 21 matched nodes
  zone 'dom-2': 3236 nodes, 3284 cells
    section 'TriElements': TRI_3 x 436 (elements 1..436)
    section 'QuadElements': QUAD_4 x 2848 (elements 437..3284)
    section 'FAR': BAR_2 x 20 (elements 3285..3304)
    section 'con-2': BAR_2 x 20 (elements 3305..3324)
    section 'con-3': BAR_2 x 120 (elements 3325..3444)
    section 'con-4': BAR_2 x 40 (elements 3445..3484)
    section 'con-5': BAR_2 x 120 (elements 3485..3604)
    section 'con-6': BAR_2 x 20 (elements 3605..3624)
    BC 'FAR' family 'FAR' location 'EdgeCenter' pset 'PointRange' range 3285..3304
    connectivity '1to1Connection:con-2' (Abutting1to1, Vertex) -> zone 'dom-1', 21 matched nodes
    connectivity '1to1Connection:con-3' (Abutting1to1, Vertex) -> zone 'dom-1', 121 matched nodes
    connectivity '1to1Connection:con-4' (Abutting1to1, Vertex) -> zone 'dom-1', 41 matched nodes
    connectivity '1to1Connection:con-5' (Abutting1to1, Vertex) -> zone 'dom-1', 121 matched nodes
    connectivity '1to1Connection:con-6' (Abutting1to1, Vertex) -> zone 'dom-1', 21 matched nodes
[cns2d] global mesh: 9995 nodes (320 zone-interface node pairs fused, max merge distance 0), 10185 cells (500 tri, 9685 quad), 20180 faces (20060 interior, 120 boundary)
  boundary families: 'WALL' (100 faces) 'FAR' (20 faces)
[cns2d] partitioning: metis_kway_single_part into 1 part(s), edge cut 0
[cns2d] physics: inviscid (viscosity and heat conduction identically zero)
[cns2d][warn] verification override: spatial order forced to 1
[cns2d][warn] verification override: limiter forced to none
[cns2d] rank 0/1: 10185 owned cells, 0 ghost cells, 20180 faces, 120 boundary faces, 0 neighbour rank(s)
[cns2d] partitioner: metis_kway_single_part, global edge cut 0
[cns2d] numerics: roe inviscid flux (harten_hyman_entropy_fix), first-order reconstruction, none limiter, lu_sgs_simplified_jacobian, viscous terms disabled
[cns2d] initial state set to freestream: rho=1 u=1 v=0 p=71.4286 (M=0.1)
[cns2d][warn] mesh verification: uniform-flow residual on interior-only cells is 2.123e-11 (expected < 1e-12); the interior scheme does not preserve a uniform state exactly
[cns2d] mesh verification: face-closure error 1.020e-16, volume-closure error 4.757e-13, total area 123606.0129 (boundary integral 123606.0129, mismatch 1.413e-15), linear-gradient error 3.137e-13, conservation defect 9.173e-17, uniform-flow residual 2.123e-11 on 9945 interior-only cells -- CHECK
[cns2d] initial state set to freestream: rho=1 u=1 v=0 p=71.4286 (M=0.1)
[cns2d] steady run: max_steps=6000, target=5.00 orders, CFL 0.5 -> 0.5 over 0 steps, inner iterations 3..80 (target ratio 1.00e-02)
  step       1  res  1.99626e+01  (- 0.00 orders)  cfl    0.500  inner    3 (ratio 7.96e-07)  cd    0.000000  cl    0.000000  rej 0
           dominant residual: var rhoE at (-0.50051, -0.015729), cell volume 6.295e-05, boundary WALL
  step     500  res  4.67764e-01  (- 1.63 orders)  cfl    0.500  inner    3 (ratio 1.10e-06)  cd   -7.503153  cl   -0.002783  rej 0
           dominant residual: var rhoE at (0.50051, 0.015729), cell volume 6.295e-05, boundary WALL
  step    1000  res  3.88425e-01  (- 1.71 orders)  cfl    0.500  inner    3 (ratio 1.14e-06)  cd    7.698203  cl    0.004159  rej 0
           dominant residual: var rhoE at (0.16962, 0.47115), cell volume 6.295e-05, boundary WALL
  step    1500  res  3.69883e-01  (- 1.73 orders)  cfl    0.500  inner    3 (ratio 7.25e-07)  cd    3.119934  cl    0.067630  rej 0
           dominant residual: var rhoE at (-0.35409, 0.35409), cell volume 6.295e-05, boundary WALL
  step    2000  res  1.30363e-01  (- 2.19 orders)  cfl    0.500  inner    3 (ratio 1.19e-06)  cd    0.239560  cl    0.010325  rej 0
           dominant residual: var rhoE at (-0.50051, 0.015729), cell volume 6.295e-05, boundary WALL
  step    2500  res  1.48908e-01  (- 2.13 orders)  cfl    0.500  inner    3 (ratio 9.68e-07)  cd    3.258167  cl   -0.045326  rej 0
           dominant residual: var rhoE at (0.45957, -0.19887), cell volume 6.295e-05, boundary WALL
  step    3000  res  1.53316e-01  (- 2.11 orders)  cfl    0.500  inner    3 (ratio 9.18e-07)  cd    0.041855  cl   -0.010806  rej 0
           dominant residual: var rhoE at (-0.22734, 0.44618), cell volume 6.295e-05, boundary WALL
  step    3500  res  1.50644e-01  (- 2.12 orders)  cfl    0.500  inner    3 (ratio 6.67e-07)  cd    1.241345  cl    0.021521  rej 0
           dominant residual: var rhoE at (0.49459, -0.078335), cell volume 6.295e-05, boundary WALL
  step    4000  res  4.96204e-02  (- 2.60 orders)  cfl    0.500  inner    3 (ratio 1.32e-06)  cd    3.789870  cl    0.002198  rej 0
           dominant residual: var rhoE at (0.19887, 0.45957), cell volume 6.295e-05, boundary WALL
  step    4500  res  1.02393e-01  (- 2.29 orders)  cfl    0.500  inner    3 (ratio 9.49e-07)  cd    0.805018  cl   -0.003346  rej 0
           dominant residual: var rhoE at (-0.49853, 0.047125), cell volume 6.295e-05, boundary WALL
  step    5000  res  6.99133e-02  (- 2.46 orders)  cfl    0.500  inner    3 (ratio 7.18e-07)  cd    1.152794  cl    0.004099  rej 0
           dominant residual: var rhoE at (-0.50051, -0.015729), cell volume 6.295e-05, boundary WALL
  step    5500  res  2.98506e-02  (- 2.83 orders)  cfl    0.500  inner    3 (ratio 1.02e-06)  cd    2.401137  cl   -0.001988  rej 0
           dominant residual: var rhoE at (0.50051, -0.015729), cell volume 6.295e-05, boundary WALL
  step    6000  res  3.00973e-02  (- 2.82 orders)  cfl    0.500  inner    3 (ratio 1.00e-06)  cd    1.450795  cl    0.001786  rej 0
           dominant residual: var rhoE at (0.49459, -0.078335), cell volume 6.295e-05, boundary WALL
[cns2d] final state: residual 3.016859e-02, C_D = 1.453671 (pressure 1.453671 + viscous 0.000000), C_L = 0.001752, C_mz = 0.000000
[cns2d] run finished: status 'converged', 6000 steps, t = 0, 2.82 residual orders, 62.8 s wall time
[cns2d] notes: reached the step limit (6000) with the residual reduced by 2.82 orders (target 5.00); forces stable, treated as a converged plateau; 0 step(s) rejected by the CFL safeguard
