==================================================================
cfd2d-unstructured 1.0.0 (648fe47adf4e, Release)
case      : cylinder_m010_laminar_re200 -- Circular cylinder, Mach 0.1, laminar, Re 200, unsteady vortex shedding
mesh      : /workspace/cfd_solver_agentic_benchmark/inputs/meshes/CylinderB1.cgns
mode      : laminar  Re=200.000000  mu=0.005000
freestream: M=0.1 aoa=0 rho=1 p=71.4286
ranks     : 4
==================================================================
CGNS base 'Base', 2 zone(s): 'dom-1' 'dom-2'
  node merge: 10315 raw -> 9995 unique (320 merged from 650 interface pairs, max gap 0)
global mesh: 9995 nodes, 10185 cells, 20180 faces (120 boundary)
  patch 'WALL' (CGNS BC 'WALL'): 100 faces
  patch 'FAR' (CGNS BC 'FAR'): 20 faces
partitioner: metis_kway, edge cut 282
mesh distributed in 0.045 s; geometry check (divergence theorem) max relative error 4.757e-13
partition: owned cells min 2544 max 2548 mean 2546.2, load balance 1.0007, max ghost 150, mean neighbours 3.00
case numerics requirements:
  numerics_required: [ok]   spatial_order >= 2 (reconstruction linear)
  numerics_required: [ok]   inviscid_flux = approximate_riemann (using hllc)
  numerics_required: [ok]   viscous_flux = required
  numerics_required: [ok]   main_time_method = implicit (solver path is implicit)
  numerics_required: [ok]   transient_order >= 2 (BDF2/trapezoidal are second order)
numerics: flux=hllc entropy_fix=0.1 shock_fix=6 reconstruction=linear_least_squares limiter=venkatakrishnan (K=5) implicit=lu_sgs_matrix_free
transient dual-time march: dt=0.01 to t=20 (2000 physical steps), inner iterations 5-1000 target 0.0001, integrator BDF2
  t 20.000  step 2000  inner 18  ratio 8.76e-05  cl -0.002827  cd 0.937905
------------------------------------------------------------------
status    : statistically_periodic
steps     : 2000  t=20.000000
residual  : 6.6879e-09 (7.24 orders)
forces    : cl=-0.002827 cd=0.937905 cmz=-0.000585
            pressure drag 0.747271, skin friction drag 0.190634, normal viscous drag -0.000000
inner     : mean 33.02 min 17 max 72, target met on 100.00%
robustness: 0 first-order face fallbacks, 0 update line searches
wall time : 176.07 s
notes     : lift RMS over the last quarter = 0.01641, mean drag drift between the last two eighths = 0.01319, inner target met on 100% of physical steps
------------------------------------------------------------------
