==================================================================
cfd2d-unstructured 1.0.0 (648fe47adf4e, Release)
case      : naca0012_m015_laminar_re5000 -- NACA0012, AoA 0 deg, Mach 0.15, laminar, Re 5000
mesh      : /workspace/cfd_solver_agentic_benchmark/inputs/meshes/NACA0012_H2.cgns
mode      : laminar  Re=5000.000000  mu=0.000200
freestream: M=0.15 aoa=0 rho=1 p=31.746
ranks     : 4
==================================================================
CGNS base 'Base', 1 zone(s): 'dom-1'
  node merge: 15682 raw -> 15682 unique (0 merged from 0 interface pairs, max gap 0)
global mesh: 15682 nodes, 20816 cells, 36498 faces (484 boundary)
  patch 'bc-2' (CGNS BC 'bc-2'): 80 faces
  patch 'bc-4' (CGNS BC 'bc-4'): 404 faces
partitioner: metis_kway, edge cut 241
mesh distributed in 0.068 s; geometry check (divergence theorem) max relative error 1.090e-10
partition: owned cells min 5189 max 5214 mean 5204.0, load balance 1.0019, max ghost 143, mean neighbours 2.50
case numerics requirements:
  numerics_required: [MISS] spatial_order >= 2 (reconstruction first order)
  numerics_required: [ok]   inviscid_flux = approximate_riemann (using hllc)
  numerics_required: [ok]   viscous_flux = required
  numerics_required: [ok]   main_time_method = implicit (solver path is implicit)
  WARNING: this run does not satisfy every capability the case file requests; metadata records numerics_required_satisfied=false.
numerics: flux=hllc entropy_fix=0.1 shock_fix=6 reconstruction=first_order limiter=venkatakrishnan (K=5) implicit=lu_sgs_matrix_free
steady pseudo-time march: max_steps=20000 cfl 1 -> 100 over 5000 steps, inner sweeps 3-80 (linear target 0.01)
limiter values are frozen from pseudo-time step 15000 (three CFL-ramp lengths); the limiter itself stays active in the reconstruction
  step       0  res 2.6706e+01  (0.00 orders)  cfl 1.00  cl -0.000015  cd 317.602902
  step    2000  res 2.7346e-02  (2.99 orders)  cfl 6.31  cl 0.000192  cd 0.080798
  step    4000  res 2.3760e-05  (6.05 orders)  cfl 39.81  cl -0.008083  cd 0.068016
------------------------------------------------------------------
status    : converged
steps     : 4142
residual  : 2.2538e-05 (6.07 orders)
forces    : cl=-0.008215 cd=0.068006 cmz=-0.001474
            pressure drag 0.028329, skin friction drag 0.039677, normal viscous drag -0.000000
inner     : mean 3.57 min 3 max 5, target met on 100.00%
robustness: 0 first-order face fallbacks, 0 update line searches
wall time : 21.92 s
notes     : residual reduction target (4 orders) reached and the drag coefficient is stationary: over two consecutive windows of 414 steps the mean C_D moved by 2.04e-04 (window scatter 1.87e-05, tolerance 2.04e-04 in C_D units). CFL safeguard back-offs: 2.
------------------------------------------------------------------
