==================================================================
cfd2d-unstructured 1.0.0 (648fe47adf4e, Release)
case      : naca0012_m015_inviscid -- NACA0012, AoA 0 deg, Mach 0.15, inviscid
mesh      : /workspace/cfd_solver_agentic_benchmark/inputs/meshes/NACA0012_H2.cgns
mode      : inviscid
freestream: M=0.15 aoa=0 rho=1 p=31.746
ranks     : 1
==================================================================
CGNS base 'Base', 1 zone(s): 'dom-1'
  node merge: 15682 raw -> 15682 unique (0 merged from 0 interface pairs, max gap 0)
global mesh: 15682 nodes, 20816 cells, 36498 faces (484 boundary)
  patch 'bc-2' (CGNS BC 'bc-2'): 80 faces
  patch 'bc-4' (CGNS BC 'bc-4'): 404 faces
partitioner: metis_kway (single rank: identity map, METIS not invoked), edge cut 0
mesh distributed in 0.039 s; geometry check (divergence theorem) max relative error 1.090e-10
partition: owned cells min 20816 max 20816 mean 20816.0, load balance 1.0000, max ghost 0, mean neighbours 0.00
case numerics requirements:
  numerics_required: [ok]   spatial_order >= 2 (reconstruction linear)
  numerics_required: [ok]   inviscid_flux = approximate_riemann (using hllc)
  numerics_required: [ok]   viscous_flux = disabled
  numerics_required: [ok]   main_time_method = implicit (solver path is implicit)
numerics: flux=hllc entropy_fix=0.1 shock_fix=6 reconstruction=linear_least_squares limiter=venkatakrishnan (K=5) implicit=lu_sgs_matrix_free
steady pseudo-time march: max_steps=20000 cfl 1 -> 100 over 2000 steps, inner sweeps 3-50 (linear target 0.01)
limiter values are frozen from pseudo-time step 6000 (three CFL-ramp lengths); the limiter itself stays active in the reconstruction
  step       0  res 1.1682e+00  (0.00 orders)  cfl 1.00  cl -0.000000  cd 0.000000
------------------------------------------------------------------
status    : converged
steps     : 1906
residual  : 4.7684e-05 (4.39 orders)
forces    : cl=0.000183 cd=0.001014 cmz=0.000070
            pressure drag 0.001014, skin friction drag 0.000000, normal viscous drag 0.000000
inner     : mean 5.37 min 3 max 24, target met on 100.00%
robustness: 0 first-order face fallbacks, 0 update line searches
wall time : 52.30 s
notes     : residual reduction target (4 orders) reached and the drag coefficient is stationary: over two consecutive windows of 190 steps the mean C_D moved by 6.10e-06 (window scatter 1.18e-04, tolerance 5.00e-05 in C_D units). CFL safeguard back-offs: 18.
------------------------------------------------------------------
