fv2d: case naca0012_m015_inviscid | ranks 8 | cells global 20816 (owned 2597 ghost 105) | flux roe(harten-fix) | inviscid
[steady] step 1 cfl 1.05 res_l2 3.794595e+05 (drop 0.15 orders) linf 1.607e+07 inner 3
[steady] switching to 2nd-order at step 300
[steady] step 500 cfl 25.8 res_l2 7.889073e+03 (drop 1.83 orders) linf 2.598e+05 inner 3
[steady] step 1000 cfl 50.5 res_l2 3.690312e+03 (drop 2.16 orders) linf 8.868e+04 inner 3
[steady] step 1500 cfl 75.2 res_l2 4.307157e+03 (drop 2.10 orders) linf 9.972e+04 inner 3
[steady] step 2000 cfl 100 res_l2 8.420407e+03 (drop 1.81 orders) linf 2.178e+05 inner 3
[steady] step 2500 cfl 100 res_l2 1.906130e+03 (drop 2.45 orders) linf 4.275e+04 inner 3
[steady] step 3000 cfl 100 res_l2 3.771740e+03 (drop 2.16 orders) linf 8.646e+04 inner 3
[steady] step 3500 cfl 100 res_l2 2.400268e+03 (drop 2.35 orders) linf 6.324e+04 inner 3
[steady] step 4000 cfl 100 res_l2 3.838077e+03 (drop 2.15 orders) linf 9.147e+04 inner 3
[steady] limiter frozen at step 4218
[steady] limiter unfrozen (residual rise) at step 4224
[steady] step 4500 cfl 100 res_l2 3.419064e+03 (drop 2.20 orders) linf 8.827e+04 inner 3
[steady] limiter frozen at step 4987
[steady] limiter unfrozen (residual rise) at step 4995
[steady] step 5000 cfl 100 res_l2 2.361701e+03 (drop 2.36 orders) linf 5.062e+04 inner 3
[steady] limiter frozen at step 5049
[steady] limiter unfrozen (residual rise) at step 5057
[steady] step 5500 cfl 100 res_l2 2.021412e+03 (drop 2.43 orders) linf 4.516e+04 inner 3
[steady] limiter frozen at step 5818
[steady] limiter unfrozen (residual rise) at step 5829
[steady] limiter frozen at step 5880
[steady] limiter unfrozen (residual rise) at step 5889
[steady] step 6000 cfl 100 res_l2 1.165875e+03 (drop 2.67 orders) linf 2.298e+04 inner 3
[steady] step 6500 cfl 100 res_l2 2.957787e+03 (drop 2.26 orders) linf 6.963e+04 inner 3
[steady] limiter frozen at step 6649
[steady] limiter unfrozen (residual rise) at step 6661
[steady] step 7000 cfl 100 res_l2 1.579068e+03 (drop 2.53 orders) linf 3.085e+04 inner 3
[steady] step 7500 cfl 100 res_l2 2.138539e+03 (drop 2.40 orders) linf 5.573e+04 inner 3
[steady] step 8000 cfl 100 res_l2 1.128071e+03 (drop 2.68 orders) linf 2.887e+04 inner 3
[steady] step 8500 cfl 100 res_l2 1.254237e+03 (drop 2.63 orders) linf 2.515e+04 inner 3
[steady] step 9000 cfl 100 res_l2 1.744035e+03 (drop 2.49 orders) linf 3.304e+04 inner 3
[steady] limiter frozen at step 9021
[steady] limiter unfrozen (residual rise) at step 9039
[steady] limiter frozen at step 9082
[steady] limiter unfrozen (residual rise) at step 9101
[steady] step 9500 cfl 100 res_l2 1.146300e+03 (drop 2.67 orders) linf 1.876e+04 inner 3
[steady] limiter frozen at step 9790
[steady] limiter unfrozen (residual rise) at step 9814
[steady] limiter frozen at step 9850
[steady] limiter unfrozen (residual rise) at step 9874
[steady] step 10000 cfl 100 res_l2 1.540867e+03 (drop 2.54 orders) linf 4.153e+04 inner 3
[steady] step 10500 cfl 100 res_l2 5.663588e+02 (drop 2.98 orders) linf 1.475e+04 inner 3
[steady] limiter frozen at step 10559
[steady] step 11000 cfl 100 res_l2 8.825394e+02 (drop 2.79 orders) linf 2.087e+04 inner 3
[steady] step 11500 cfl 100 res_l2 9.058065e+02 (drop 2.77 orders) linf 1.682e+04 inner 3
[steady] step 12000 cfl 100 res_l2 9.263253e+02 (drop 2.76 orders) linf 1.695e+04 inner 3
[steady] step 12500 cfl 100 res_l2 7.675317e+02 (drop 2.85 orders) linf 1.941e+04 inner 3
[steady] step 13000 cfl 100 res_l2 4.210652e+02 (drop 3.11 orders) linf 1.217e+04 inner 3
[steady] step 13500 cfl 100 res_l2 4.999068e+02 (drop 3.03 orders) linf 1.302e+04 inner 3
[steady] step 14000 cfl 100 res_l2 4.485925e+02 (drop 3.08 orders) linf 8.478e+03 inner 3
[steady] step 14500 cfl 100 res_l2 6.063512e+02 (drop 2.95 orders) linf 1.212e+04 inner 3
[steady] step 15000 cfl 100 res_l2 3.820053e+02 (drop 3.15 orders) linf 9.225e+03 inner 3
[steady] step 15500 cfl 100 res_l2 3.169159e+02 (drop 3.23 orders) linf 8.985e+03 inner 3
[steady] step 16000 cfl 100 res_l2 2.581365e+02 (drop 3.32 orders) linf 6.763e+03 inner 3
[steady] step 16500 cfl 100 res_l2 2.756021e+02 (drop 3.29 orders) linf 6.044e+03 inner 3
[steady] step 17000 cfl 100 res_l2 3.478545e+02 (drop 3.19 orders) linf 7.119e+03 inner 3
[steady] step 17500 cfl 100 res_l2 2.307706e+02 (drop 3.37 orders) linf 5.400e+03 inner 3
[steady] step 18000 cfl 100 res_l2 2.004826e+02 (drop 3.43 orders) linf 5.365e+03 inner 3
[steady] step 18500 cfl 100 res_l2 1.293660e+02 (drop 3.62 orders) linf 3.265e+03 inner 3
[steady] step 19000 cfl 100 res_l2 1.745878e+02 (drop 3.49 orders) linf 4.033e+03 inner 3
[steady] step 19500 cfl 100 res_l2 1.873502e+02 (drop 3.46 orders) linf 3.800e+03 inner 3
[steady] step 20000 cfl 100 res_l2 1.541242e+02 (drop 3.54 orders) linf 3.670e+03 inner 3
