[cns2d] cns2d 1.0.0 (git 26ef1cb80b86)
[cns2d] command: ./build/cns2d solve --case scratch/dbg_cyl_inviscid.json --output scratch/mpi_1 --max-steps 400 --log-every 400
[cns2d] case: dbg_cyl_inviscid -- Circular cylinder, Mach 0.1, laminar, Re 20
[cns2d] case file: /workspace/solver/scratch/dbg_cyl_inviscid.json
[cns2d] mesh file: /workspace/cfd_solver_agentic_benchmark/inputs/meshes/CylinderB1.cgns
[cns2d] MPI ranks: 1
[cns2d] boundary family 'FAR' -> farfield
[cns2d] boundary family 'WALL' -> slip_wall
[cns2d] CGNS mesh '/workspace/cfd_solver_agentic_benchmark/inputs/meshes/CylinderB1.cgns': base 'Base' (cell dim 2, phys dim 2), 2 zone(s)
  zone 'dom-1': 7079 nodes, 6901 cells
    section 'TriElements': TRI_3 x 64 (elements 1..64)
    section 'QuadElements': QUAD_4 x 6837 (elements 65..6901)
    section 'WALL': BAR_2 x 100 (elements 6902..7001)
    section 'con-2': BAR_2 x 20 (elements 7002..7021)
    section 'con-3': BAR_2 x 120 (elements 7022..7141)
    section 'con-4': BAR_2 x 40 (elements 7142..7181)
    section 'con-5': BAR_2 x 120 (elements 7182..7301)
    section 'con-6': BAR_2 x 20 (elements 7302..7321)
    BC 'WALL' family 'WALL' location 'EdgeCenter' pset 'PointRange' range 6902..7001
    connectivity '1to1Connection:con-2' (Abutting1to1, Vertex) -> zone 'dom-2', 21 matched nodes
    connectivity '1to1Connection:con-3' (Abutting1to1, Vertex) -> zone 'dom-2', 121 matched nodes
    connectivity '1to1Connection:con-4' (Abutting1to1, Vertex) -> zone 'dom-2', 41 matched nodes
    connectivity '1to1Connection:con-5' (Abutting1to1, Vertex) -> zone 'dom-2', 121 matched nodes
    connectivity '1to1Connection:con-6' (Abutting1to1, Vertex) -> zone 'dom-2', 21 matched nodes
  zone 'dom-2': 3236 nodes, 3284 cells
    section 'TriElements': TRI_3 x 436 (elements 1..436)
    section 'QuadElements': QUAD_4 x 2848 (elements 437..3284)
    section 'FAR': BAR_2 x 20 (elements 3285..3304)
    section 'con-2': BAR_2 x 20 (elements 3305..3324)
    section 'con-3': BAR_2 x 120 (elements 3325..3444)
    section 'con-4': BAR_2 x 40 (elements 3445..3484)
    section 'con-5': BAR_2 x 120 (elements 3485..3604)
    section 'con-6': BAR_2 x 20 (elements 3605..3624)
    BC 'FAR' family 'FAR' location 'EdgeCenter' pset 'PointRange' range 3285..3304
    connectivity '1to1Connection:con-2' (Abutting1to1, Vertex) -> zone 'dom-1', 21 matched nodes
    connectivity '1to1Connection:con-3' (Abutting1to1, Vertex) -> zone 'dom-1', 121 matched nodes
    connectivity '1to1Connection:con-4' (Abutting1to1, Vertex) -> zone 'dom-1', 41 matched nodes
    connectivity '1to1Connection:con-5' (Abutting1to1, Vertex) -> zone 'dom-1', 121 matched nodes
    connectivity '1to1Connection:con-6' (Abutting1to1, Vertex) -> zone 'dom-1', 21 matched nodes
[cns2d] global mesh: 9995 nodes (320 zone-interface node pairs fused, max merge distance 0), 10185 cells (500 tri, 9685 quad), 20180 faces (20060 interior, 120 boundary)
  boundary families: 'WALL' (100 faces) 'FAR' (20 faces)
[cns2d] partitioning: metis_kway_single_part into 1 part(s), edge cut 0
[cns2d] physics: inviscid (viscosity and heat conduction identically zero)
[cns2d] rank 0/1: 10185 owned cells, 0 ghost cells, 20180 faces, 120 boundary faces, 0 neighbour rank(s)
[cns2d] partitioner: metis_kway_single_part, global edge cut 0
[cns2d] numerics: roe inviscid flux (harten_hyman_entropy_fix), piecewise-linear least-squares reconstruction, venkatakrishnan limiter, lu_sgs_simplified_jacobian, viscous terms disabled
[cns2d] initial state set to freestream: rho=1 u=1 v=0 p=71.4286 (M=0.1)
[cns2d][warn] mesh verification: uniform-flow residual on interior-only cells is 2.123e-11 (expected < 1e-12); the interior scheme does not preserve a uniform state exactly
[cns2d] mesh verification: face-closure error 1.020e-16, volume-closure error 4.757e-13, total area 123606.0129 (boundary integral 123606.0129, mismatch 1.413e-15), linear-gradient error 3.137e-13, conservation defect 2.096e-02, uniform-flow residual 2.123e-11 on 9945 interior-only cells -- CHECK
[cns2d] initial state set to freestream: rho=1 u=1 v=0 p=71.4286 (M=0.1)
[cns2d] steady run: max_steps=400, target=5.00 orders, CFL 0.5 -> 0.5 over 0 steps, inner iterations 3..80 (target ratio 1.00e-02)
  step       1  res  1.99650e+01  (- 0.00 orders)  cfl    0.500  inner    3 (ratio 7.96e-07)  cd    0.000000  cl    0.000000  rej 0
           dominant residual: var rhoE at (0.50051, -0.015729), cell volume 6.295e-05, boundary WALL
  step     400  res  9.69725e-01  (- 1.31 orders)  cfl    0.500  inner    3 (ratio 8.61e-07)  cd  -10.525994  cl   -0.013733  rej 0
           dominant residual: var rhoE at (-2.0984, 2.2162), cell volume 4.376e-03, boundary no
[cns2d] final state: residual 9.661898e-01, C_D = -10.594160 (pressure -10.594160 + viscous 0.000000), C_L = -0.013946, C_mz = 0.000000
[cns2d] run finished: status 'converged', 400 steps, t = 0, 1.32 residual orders, 82.1 s wall time
[cns2d] notes: reached the step limit (400) with the residual reduced by 1.31 orders (target 5.00); forces stable, treated as a converged plateau; 0 step(s) rejected by the CFL safeguard
