case=naca0012_m015_inviscid mode=inviscid mesh_cells=20816 ranks=1
initial residual L2 = 1.065328e-02
step=1/5000 t=0.000 cfl=1.05 inner=50 res=3.299e-03 ratio=3.07e-01 Cd=0.909781 Cl=0.000001
step=100/5000 t=0.000 cfl=5.95 inner=50 res=2.135e-03 ratio=8.70e-01 Cd=-0.311718 Cl=-0.044187
step=200/5000 t=0.000 cfl=10.90 inner=50 res=2.610e-03 ratio=8.28e-01 Cd=0.300498 Cl=-0.066258
step=300/5000 t=0.000 cfl=15.85 inner=50 res=3.045e-03 ratio=8.28e-01 Cd=-0.303463 Cl=0.031395
step=400/5000 t=0.000 cfl=20.80 inner=50 res=2.367e-03 ratio=8.84e-01 Cd=0.061382 Cl=0.000489
step=500/5000 t=0.000 cfl=25.75 inner=50 res=1.311e-03 ratio=7.93e-01 Cd=0.142684 Cl=-0.038113
step=600/5000 t=0.000 cfl=30.70 inner=50 res=1.168e-03 ratio=7.32e-01 Cd=0.094646 Cl=-0.020706
step=700/5000 t=0.000 cfl=35.65 inner=50 res=1.345e-03 ratio=7.31e-01 Cd=0.050578 Cl=-0.018252
step=800/5000 t=0.000 cfl=40.60 inner=50 res=1.295e-03 ratio=7.39e-01 Cd=0.042997 Cl=-0.009558
step=900/5000 t=0.000 cfl=45.55 inner=50 res=2.567e-04 ratio=9.09e-01 Cd=0.022652 Cl=-0.006111
step=1000/5000 t=0.000 cfl=50.50 inner=50 res=6.087e-05 ratio=9.17e-01 Cd=0.013435 Cl=-0.002697
step=1100/5000 t=0.000 cfl=55.45 inner=50 res=1.792e-05 ratio=9.74e-01 Cd=0.009156 Cl=-0.001247
step=1200/5000 t=0.000 cfl=60.40 inner=50 res=5.606e-06 ratio=1.06e+00 Cd=0.006987 Cl=-0.000782
step=1300/5000 t=0.000 cfl=65.35 inner=50 res=1.609e-06 ratio=1.02e+00 Cd=0.006365 Cl=-0.000670
step=1400/5000 t=0.000 cfl=70.30 inner=50 res=4.035e-07 ratio=9.29e-01 Cd=0.006264 Cl=-0.000660
step=1500/5000 t=0.000 cfl=75.25 inner=50 res=1.062e-07 ratio=9.59e-01 Cd=0.006268 Cl=-0.000669
step=1600/5000 t=0.000 cfl=80.20 inner=50 res=3.538e-08 ratio=1.05e+00 Cd=0.006278 Cl=-0.000676
step=1700/5000 t=0.000 cfl=85.15 inner=50 res=1.404e-08 ratio=9.77e-01 Cd=0.006280 Cl=-0.000683
status=converged wall_time=1476.7s final_step=1780
