==================================================================
cfd2d-unstructured 1.0.0 (648fe47adf4e, Release)
case      : naca0012_m080_inviscid -- NACA0012, AoA 0 deg, Mach 0.8, inviscid
mesh      : /workspace/cfd_solver_agentic_benchmark/inputs/meshes/NACA0012_H2.cgns
mode      : inviscid
freestream: M=0.8 aoa=0 rho=1 p=1.11607
ranks     : 4
==================================================================
CGNS base 'Base', 1 zone(s): 'dom-1'
  node merge: 15682 raw -> 15682 unique (0 merged from 0 interface pairs, max gap 0)
global mesh: 15682 nodes, 20816 cells, 36498 faces (484 boundary)
  patch 'bc-2' (CGNS BC 'bc-2'): 80 faces
  patch 'bc-4' (CGNS BC 'bc-4'): 404 faces
partitioner: metis_kway, edge cut 241
mesh distributed in 0.044 s; geometry check (divergence theorem) max relative error 1.090e-10
partition: owned cells min 5189 max 5214 mean 5204.0, load balance 1.0019, max ghost 143, mean neighbours 2.50
case numerics requirements:
  numerics_required: [ok]   spatial_order >= 2 (reconstruction linear)
  numerics_required: [ok]   inviscid_flux = approximate_riemann (using hllc)
  numerics_required: [ok]   viscous_flux = disabled
  numerics_required: [ok]   main_time_method = implicit (solver path is implicit)
numerics: flux=hllc entropy_fix=0.1 shock_fix=0 reconstruction=linear_least_squares limiter=venkatakrishnan (K=5) implicit=lu_sgs_matrix_free
steady pseudo-time march: max_steps=30000 cfl 1 -> 100 over 3000 steps, inner sweeps 3-50 (linear target 0.01)
limiter values are frozen from pseudo-time step 9000 (three CFL-ramp lengths); the limiter itself stays active in the reconstruction
  step       0  res 1.3078e+00  (0.00 orders)  cfl 1.00  cl 0.000000  cd 0.000000
  step    5000  res 1.9991e-03  (2.82 orders)  cfl 100.00  cl -0.016032  cd 0.008615
------------------------------------------------------------------
status    : converged
steps     : 9003
residual  : 1.3050e-04 (4.00 orders)
forces    : cl=-0.001960 cd=0.008527 cmz=-0.000487
            pressure drag 0.008527, skin friction drag 0.000000, normal viscous drag 0.000000
inner     : mean 9.30 min 3 max 19, target met on 100.00%
robustness: 0 first-order face fallbacks, 0 update line searches
wall time : 147.78 s
notes     : residual reduction target (4 orders) reached and the drag coefficient is stationary: over two consecutive windows of 900 steps the mean C_D moved by 1.94e-05 (window scatter 1.61e-05, tolerance 5.00e-05 in C_D units). CFL safeguard back-offs: 59.
------------------------------------------------------------------
