[  3%] Building CXX object CMakeFiles/cns2d_core.dir/src/core/options.cpp.o
[  6%] Building CXX object CMakeFiles/cns2d_core.dir/src/core/path_utils.cpp.o
[ 12%] Building CXX object CMakeFiles/cns2d_core.dir/src/mesh/cgns_reader.cpp.o
[ 12%] Building CXX object CMakeFiles/cns2d_core.dir/src/core/case_input.cpp.o
[ 15%] Building CXX object CMakeFiles/cns2d_core.dir/src/mesh/geometry.cpp.o
[ 18%] Building CXX object CMakeFiles/cns2d_core.dir/src/mesh/mesh_verification.cpp.o
[ 21%] Building CXX object CMakeFiles/cns2d_core.dir/src/mesh/global_mesh.cpp.o
[ 24%] Building CXX object CMakeFiles/cns2d_core.dir/src/core/logging.cpp.o
[ 27%] Building CXX object CMakeFiles/cns2d_core.dir/src/parallel/partitioner.cpp.o
[ 30%] Building CXX object CMakeFiles/cns2d_core.dir/src/parallel/distributed_mesh.cpp.o
[ 33%] Building CXX object CMakeFiles/cns2d_core.dir/src/parallel/halo_exchange.cpp.o
[ 36%] Building CXX object CMakeFiles/cns2d_core.dir/src/physics/perfect_gas.cpp.o
[ 39%] Building CXX object CMakeFiles/cns2d_core.dir/src/physics/boundary_conditions.cpp.o
[ 42%] Building CXX object CMakeFiles/cns2d_core.dir/src/numerics/gradients.cpp.o
[ 45%] Building CXX object CMakeFiles/cns2d_core.dir/src/numerics/limiter.cpp.o
[ 48%] Building CXX object CMakeFiles/cns2d_core.dir/src/numerics/riemann_flux.cpp.o
[ 51%] Building CXX object CMakeFiles/cns2d_core.dir/src/numerics/viscous_flux.cpp.o
[ 54%] Building CXX object CMakeFiles/cns2d_core.dir/src/numerics/residual.cpp.o
[ 57%] Building CXX object CMakeFiles/cns2d_core.dir/src/solve/local_time_step.cpp.o
[ 60%] Building CXX object CMakeFiles/cns2d_core.dir/src/solve/lusgs.cpp.o
[ 63%] Building CXX object CMakeFiles/cns2d_core.dir/src/solve/solver_context.cpp.o
[ 66%] Building CXX object CMakeFiles/cns2d_core.dir/src/solve/steady_driver.cpp.o
[ 69%] Building CXX object CMakeFiles/cns2d_core.dir/src/solve/transient_driver.cpp.o
[ 72%] Building CXX object CMakeFiles/cns2d_core.dir/src/io/output_writer.cpp.o
[ 75%] Building CXX object CMakeFiles/cns2d_core.dir/src/io/vtu_writer.cpp.o
[ 78%] Building CXX object CMakeFiles/cns2d_core.dir/src/io/restart_io.cpp.o
[ 81%] Building CXX object CMakeFiles/cns2d_core.dir/src/post/forces.cpp.o
[ 84%] Building CXX object CMakeFiles/cns2d_core.dir/src/post/surface_output.cpp.o
[ 87%] Linking CXX static library libcns2d_core.a
[ 87%] Built target cns2d_core
[ 90%] Building CXX object CMakeFiles/cns2d_tests.dir/tests/unit_tests.cpp.o
[ 93%] Building CXX object CMakeFiles/cns2d.dir/src/main.cpp.o
[ 96%] Linking CXX executable cns2d
[ 96%] Built target cns2d
[100%] Linking CXX executable cns2d_tests
[100%] Built target cns2d_tests
