=== building floor=0.05 ===
248:#define CNS2D_LINEAR_FLOOR_COEFF 0.05
[  3%] Building CXX object CMakeFiles/cns2d_core.dir/src/numerics/riemann_flux.cpp.o
[  6%] Linking CXX static library libcns2d_core.a
[ 87%] Built target cns2d_core
[ 90%] Linking CXX executable cns2d
[ 93%] Linking CXX executable cns2d_tests
[ 96%] Built target cns2d_tests
[100%] Built target cns2d
built /workspace/solver/scratch/sensitivity/bin/cns2d_floor005
=== building floor=0.01 ===
248:#define CNS2D_LINEAR_FLOOR_COEFF 0.01
[  3%] Building CXX object CMakeFiles/cns2d_core.dir/src/numerics/riemann_flux.cpp.o
[  6%] Linking CXX static library libcns2d_core.a
[ 87%] Built target cns2d_core
[ 90%] Linking CXX executable cns2d
[ 93%] Linking CXX executable cns2d_tests
[ 96%] Built target cns2d
[100%] Built target cns2d_tests
built /workspace/solver/scratch/sensitivity/bin/cns2d_floor001
=== building floor=0.0 ===
248:#define CNS2D_LINEAR_FLOOR_COEFF 0.0
[  3%] Building CXX object CMakeFiles/cns2d_core.dir/src/numerics/riemann_flux.cpp.o
[  6%] Linking CXX static library libcns2d_core.a
[ 87%] Built target cns2d_core
[ 90%] Linking CXX executable cns2d_tests
[ 93%] Linking CXX executable cns2d
[ 96%] Built target cns2d
[100%] Built target cns2d_tests
built /workspace/solver/scratch/sensitivity/bin/cns2d_floor00
ALL_VARIANT_BUILDS_DONE
