[06:47:30] START order1
[06:52:52] DONE  order1 rc=1 wall=321.91 wall_seconds
[06:52:52] START order2
[06:53:50] DONE  order2 rc=0 wall=58.19 wall_seconds
[06:53:50] START venk1
[06:54:16] DONE  venk1 rc=0 wall=25.88 wall_seconds
[06:54:16] START venk10
[06:54:35] DONE  venk10 rc=0 wall=18.77 wall_seconds
[06:54:35] ALL_PROD_DONE
[06:54:48] START floor005 (floor coeff 0.05)
[06:56:52] DONE  floor005 rc=0 wall=124.47 wall_seconds
[06:56:52] START floor001 (floor coeff 0.01)
[06:59:10] DONE  floor001 rc=0 wall=137.51 wall_seconds
[06:59:10] START floor00 (floor coeff 0.0)
[07:01:31] DONE  floor00 rc=0 wall=141.24 wall_seconds
[07:01:31] ALL_FLOOR_DONE
[07:01:44] START order1 (retry)
[07:02:14] DONE  order1 rc=0 wall=29.90 wall_seconds
[07:02:14] ALL_DONE
[07:04:56] START floor05
[07:07:17] DONE  floor05 rc=0 wall=140.40 wall_seconds
[07:07:17] START inv_floor005
[07:08:46] DONE  inv_floor005 rc=3 wall=89.42 wall_seconds
[07:08:46] START inv_floor00
[07:15:21] DONE  inv_floor00 rc=3 wall=394.30 wall_seconds
[07:15:21] EXTRA_DONE
[07:15:31] START naca_floor005
