Authorization required, but no authorization protocol specified

Authorization required, but no authorization protocol specified

Authorization required, but no authorization protocol specified

Authorization required, but no authorization protocol specified

Authorization required, but no authorization protocol specified

Authorization required, but no authorization protocol specified

[cns2d] cns2d 1.0.0 (git 97f37254d00c)
[cns2d] command: /workspace/solver/scratch/sensitivity/bin/cns2d_floor05 solve --case /workspace/cfd_solver_agentic_benchmark/inputs/cases/cylinder_m010_laminar_re20.json --output /workspace/solver/scratch/sensitivity/runs/floor05 --log-every 500
[cns2d] case: cylinder_m010_laminar_re20 -- Circular cylinder, Mach 0.1, laminar, Re 20
[cns2d] case file: /workspace/cfd_solver_agentic_benchmark/inputs/cases/cylinder_m010_laminar_re20.json
[cns2d] mesh file: /workspace/cfd_solver_agentic_benchmark/inputs/meshes/CylinderB1.cgns
[cns2d] MPI ranks: 4
[cns2d] boundary family 'FAR' -> farfield
[cns2d] boundary family 'WALL' -> no_slip_adiabatic_wall
[cns2d] CGNS mesh '/workspace/cfd_solver_agentic_benchmark/inputs/meshes/CylinderB1.cgns': base 'Base' (cell dim 2, phys dim 2), 2 zone(s)
  zone 'dom-1': 7079 nodes, 6901 cells
    section 'TriElements': TRI_3 x 64 (elements 1..64)
    section 'QuadElements': QUAD_4 x 6837 (elements 65..6901)
    section 'WALL': BAR_2 x 100 (elements 6902..7001)
    section 'con-2': BAR_2 x 20 (elements 7002..7021)
    section 'con-3': BAR_2 x 120 (elements 7022..7141)
    section 'con-4': BAR_2 x 40 (elements 7142..7181)
    section 'con-5': BAR_2 x 120 (elements 7182..7301)
    section 'con-6': BAR_2 x 20 (elements 7302..7321)
    BC 'WALL' family 'WALL' location 'EdgeCenter' pset 'PointRange' range 6902..7001
    connectivity '1to1Connection:con-2' (Abutting1to1, Vertex) -> zone 'dom-2', 21 matched nodes
    connectivity '1to1Connection:con-3' (Abutting1to1, Vertex) -> zone 'dom-2', 121 matched nodes
    connectivity '1to1Connection:con-4' (Abutting1to1, Vertex) -> zone 'dom-2', 41 matched nodes
    connectivity '1to1Connection:con-5' (Abutting1to1, Vertex) -> zone 'dom-2', 121 matched nodes
    connectivity '1to1Connection:con-6' (Abutting1to1, Vertex) -> zone 'dom-2', 21 matched nodes
  zone 'dom-2': 3236 nodes, 3284 cells
    section 'TriElements': TRI_3 x 436 (elements 1..436)
    section 'QuadElements': QUAD_4 x 2848 (elements 437..3284)
    section 'FAR': BAR_2 x 20 (elements 3285..3304)
    section 'con-2': BAR_2 x 20 (elements 3305..3324)
    section 'con-3': BAR_2 x 120 (elements 3325..3444)
    section 'con-4': BAR_2 x 40 (elements 3445..3484)
    section 'con-5': BAR_2 x 120 (elements 3485..3604)
    section 'con-6': BAR_2 x 20 (elements 3605..3624)
    BC 'FAR' family 'FAR' location 'EdgeCenter' pset 'PointRange' range 3285..3304
    connectivity '1to1Connection:con-2' (Abutting1to1, Vertex) -> zone 'dom-1', 21 matched nodes
    connectivity '1to1Connection:con-3' (Abutting1to1, Vertex) -> zone 'dom-1', 121 matched nodes
    connectivity '1to1Connection:con-4' (Abutting1to1, Vertex) -> zone 'dom-1', 41 matched nodes
    connectivity '1to1Connection:con-5' (Abutting1to1, Vertex) -> zone 'dom-1', 121 matched nodes
    connectivity '1to1Connection:con-6' (Abutting1to1, Vertex) -> zone 'dom-1', 21 matched nodes
[cns2d] global mesh: 9995 nodes (320 zone-interface node pairs fused, max merge distance 0), 10185 cells (500 tri, 9685 quad), 20180 faces (20060 interior, 120 boundary)
  boundary families: 'WALL' (100 faces) 'FAR' (20 faces)
[cns2d] partitioning: metis_kway into 4 part(s), edge cut 282
[cns2d] physics: laminar, Re = 20, constant mu = 5.000000e-02 (rho_inf*U_inf*L_ref/Re), Pr = 0.72
[cns2d] rank 0/4: 2544 owned cells, 149 ghost cells, 5129 faces, 46 boundary faces, 3 neighbour rank(s)
[cns2d] partitioner: metis_kway, global edge cut 282
[cns2d] numerics: roe inviscid flux (harten_hyman_entropy_fix), piecewise-linear least-squares reconstruction, venkatakrishnan limiter, lu_sgs_simplified_jacobian, viscous terms enabled
[cns2d] initial state set to freestream: rho=1 u=1 v=0 p=71.4286 (M=0.1)
[cns2d][warn] mesh verification: uniform-flow residual on interior-only cells is 2.123e-11 (expected < 1e-12); the interior scheme does not preserve a uniform state exactly
[cns2d] mesh verification: face-closure error 1.020e-16, volume-closure error 4.757e-13, total area 123606.0129 (boundary integral 123606.0129, mismatch 2.355e-16), linear-gradient error 3.137e-13, conservation defect 5.731e-04, uniform-flow residual 2.123e-11 on 9945 interior-only cells -- CHECK
[cns2d] initial state set to freestream: rho=1 u=1 v=0 p=71.4286 (M=0.1)
[cns2d] steady run: max_steps=30000, target=5.00 orders, CFL 1 -> 100 over 3000 steps, inner iterations 3..80 (target ratio 1.00e-02)
  step       1  res  2.12759e+01  (- 0.00 orders)  cfl    1.000  inner    3 (ratio 9.73e-06)  cd  156.952427  cl    0.000000  rej 0
           dominant residual: var rhoE at (0.50051, -0.015729), cell volume 6.295e-05, boundary WALL
  step     500  res  2.62378e+00  (- 0.91 orders)  cfl    2.151  inner    3 (ratio 3.69e-04)  cd   -6.766480  cl    0.006249  rej 0
           dominant residual: var rhoE at (0.50051, 0.015729), cell volume 6.295e-05, boundary WALL
  step    1000  res  4.23719e-01  (- 1.70 orders)  cfl    4.634  inner    3 (ratio 4.09e-03)  cd    1.376152  cl   -0.002233  rej 0
           dominant residual: var rhoE at (0.50051, 0.015729), cell volume 6.295e-05, boundary WALL
  step    1500  res  1.47059e-02  (- 3.16 orders)  cfl    9.985  inner    5 (ratio 4.38e-03)  cd    2.127150  cl    0.000994  rej 0
           dominant residual: var rhoE at (-0.015729, -0.50051), cell volume 6.295e-05, boundary WALL
  step    2000  res  4.14142e-04  (- 4.71 orders)  cfl   21.511  inner    7 (ratio 9.18e-03)  cd    2.035362  cl    0.000136  rej 0
           dominant residual: var rhoE at (0.047125, -0.49853), cell volume 6.295e-05, boundary WALL
[cns2d] residual target of 5.00 orders reached at step 2140, but C_D is still moving by 6.850e-02 over the last 500 steps (tolerance 2.095e-03); continuing until the forces are stationary
  step    2500  res  1.99238e-05  (- 6.03 orders)  cfl   46.345  inner   11 (ratio 7.07e-03)  cd    2.020096  cl    0.000144  rej 0
           dominant residual: var rhoE at (-0.047125, -0.49853), cell volume 6.295e-05, boundary WALL
[cns2d] residual reduced by 6.73 orders (target 5.00) after 2776 pseudo-time steps, with C_D = 2.020005 stationary to 2.012e-03 (tolerance 2.022e-03) over the last 500 steps
[cns2d] final state: residual 3.908256e-06, C_D = 2.020006 (pressure 1.224251 + viscous 0.795754), C_L = 0.000195, C_mz = -0.000001
[cns2d] run finished: status 'converged', 2776 steps, t = 0, 6.74 residual orders, 139.2 s wall time
[cns2d] notes: residual reduced by 6.73 orders (target 5.00) after 2776 pseudo-time steps, with C_D = 2.020005 stationary to 2.012e-03 (tolerance 2.022e-03) over the last 500 steps
