[cns2d] cns2d 1.0.0 (git 26ef1cb80b86)
[cns2d] command: /workspace/solver/build/cns2d solve --case /workspace/cfd_solver_agentic_benchmark/inputs/cases/naca0012_m200_laminar_re5000.json --output /workspace/solver/results/naca0012_m200_laminar_re5000 --log-every 250
[cns2d] case: naca0012_m200_laminar_re5000 -- NACA0012, AoA 0 deg, Mach 2.0, laminar, Re 5000
[cns2d] case file: /workspace/cfd_solver_agentic_benchmark/inputs/cases/naca0012_m200_laminar_re5000.json
[cns2d] mesh file: /workspace/cfd_solver_agentic_benchmark/inputs/meshes/NACA0012_H2.cgns
[cns2d] MPI ranks: 4
[cns2d] boundary family 'bc-2' -> farfield
[cns2d] boundary family 'bc-4' -> no_slip_adiabatic_wall
[cns2d] CGNS mesh '/workspace/cfd_solver_agentic_benchmark/inputs/meshes/NACA0012_H2.cgns': base 'Base' (cell dim 2, phys dim 3), 1 zone(s)
  zone 'dom-1': 15682 nodes, 20816 cells
    section 'TriElements': TRI_3 x 10752 (elements 1..10752)
    section 'QuadElements': QUAD_4 x 10064 (elements 10753..20816)
    section 'bc-2': BAR_2 x 80 (elements 20817..20896)
    section 'bc-4': BAR_2 x 404 (elements 20897..21300)
    BC 'bc-2' family 'bc-2' location 'EdgeCenter' pset 'PointRange' range 20817..20896
    BC 'bc-4' family 'bc-4' location 'EdgeCenter' pset 'PointRange' range 20897..21300
[cns2d] global mesh: 15682 nodes (0 zone-interface node pairs fused, max merge distance 0), 20816 cells (10752 tri, 10064 quad), 36498 faces (36014 interior, 484 boundary)
  boundary families: 'bc-2' (80 faces) 'bc-4' (404 faces)
[cns2d] partitioning: metis_kway into 4 part(s), edge cut 241
[cns2d] physics: laminar, Re = 5000, constant mu = 2.000000e-04 (rho_inf*U_inf*L_ref/Re), Pr = 0.72
[cns2d] rank 0/4: 5214 owned cells, 114 ghost cells, 9534 faces, 119 boundary faces, 3 neighbour rank(s)
[cns2d] partitioner: metis_kway, global edge cut 241
[cns2d] numerics: roe inviscid flux (harten_hyman_entropy_fix), piecewise-linear least-squares reconstruction, venkatakrishnan limiter, lu_sgs_simplified_jacobian, viscous terms enabled
[cns2d] initial state set to freestream: rho=1 u=1 v=0 p=0.178571 (M=2)
[cns2d][warn] mesh verification: uniform-flow residual on interior-only cells is 5.022e-11 (expected < 1e-12); the interior scheme does not preserve a uniform state exactly
[cns2d] mesh verification: face-closure error 1.025e-16, volume-closure error 1.090e-10, total area 20085.4463 (boundary integral 20085.4463, mismatch 4.166e-15), linear-gradient error 1.428e-10, conservation defect 1.491e-01, uniform-flow residual 5.022e-11 on 19848 interior-only cells -- CHECK
[cns2d] initial state set to freestream: rho=1 u=1 v=0 p=0.178571 (M=2)
[cns2d] steady run: max_steps=50000, target=3.00 orders, CFL 0.2 -> 50 over 7000 steps, inner iterations 3..100 (target ratio 1.00e-02)
  step       1  res  3.66198e+02  (- 0.00 orders)  cfl    0.200  inner    3 (ratio 3.25e-10)  cd  317.604780  cl   -0.000231  rej 0
           dominant residual: var rhou at (0.5273, 0.051134), cell volume 7.052e-08, boundary bc-4
  step     250  res  6.18268e+00  (- 1.77 orders)  cfl    0.243  inner    3 (ratio 4.69e-08)  cd   20.348154  cl    0.000001  rej 0
           dominant residual: var rhou at (0.5273, 0.051147), cell volume 1.192e-07, boundary no
  step     500  res  2.10203e+00  (- 2.24 orders)  cfl    0.296  inner    3 (ratio 2.66e-07)  cd    9.241492  cl    0.000000  rej 0
           dominant residual: var rhou at (0.5273, 0.051147), cell volume 1.192e-07, boundary no
  step     750  res  9.44714e-01  (- 2.59 orders)  cfl    0.361  inner    3 (ratio 6.81e-07)  cd    4.924962  cl    0.000000  rej 0
           dominant residual: var rhou at (0.51323, 0.052105), cell volume 1.549e-07, boundary no
  step    1000  res  4.68313e-01  (- 2.89 orders)  cfl    0.440  inner    3 (ratio 1.39e-06)  cd    2.726887  cl    0.000000  rej 0
           dominant residual: var rhou at (0.51323, 0.052105), cell volume 1.549e-07, boundary no
[cns2d] residual target of 3.00 orders reached at step 1094, but C_D is still moving by 5.028e+00 over the last 500 steps (tolerance 7.209e-02); continuing until the forces are stationary
  step    1250  res  2.50178e-01  (- 3.17 orders)  cfl    0.536  inner    3 (ratio 2.34e-06)  cd    1.492684  cl    0.000000  rej 0
           dominant residual: var rhou at (0.45703, 0.055459), cell volume 1.543e-07, boundary no
  step    1500  res  1.57757e-01  (- 3.37 orders)  cfl    0.652  inner    3 (ratio 3.12e-06)  cd    0.781471  cl    0.000000  rej 0
           dominant residual: var rhoE at (0.003167, 0.009873), cell volume 1.750e-08, boundary no
  step    1750  res  1.20133e-01  (- 3.48 orders)  cfl    0.795  inner    3 (ratio 6.11e-06)  cd    0.384519  cl   -0.000001  rej 0
           dominant residual: var rhoE at (0.003167, 0.009873), cell volume 1.750e-08, boundary no
  step    2000  res  9.54198e-02  (- 3.58 orders)  cfl    0.968  inner    3 (ratio 7.85e-06)  cd    0.181788  cl   -0.000007  rej 0
           dominant residual: var rhoE at (0.0031806, 0.0098639), cell volume 1.345e-08, boundary no
  step    2250  res  7.93928e-02  (- 3.66 orders)  cfl    1.179  inner    3 (ratio 1.78e-05)  cd    0.090626  cl   -0.000009  rej 0
           dominant residual: var rhoE at (0.0031911, 0.0098569), cell volume 1.034e-08, boundary no
  step    2500  res  6.87502e-02  (- 3.73 orders)  cfl    1.436  inner    3 (ratio 4.38e-05)  cd    0.054588  cl   -0.000025  rej 0
           dominant residual: var rhoE at (0.0031911, 0.0098569), cell volume 1.034e-08, boundary no
  step    2750  res  6.11188e-02  (- 3.78 orders)  cfl    1.749  inner    3 (ratio 1.03e-04)  cd    0.042273  cl   -0.000040  rej 0
           dominant residual: var rhoE at (0.79364, 0.026932), cell volume 4.771e-08, boundary bc-4
  step    3000  res  5.53709e-02  (- 3.82 orders)  cfl    2.130  inner    3 (ratio 2.26e-04)  cd    0.039048  cl    0.000001  rej 0
           dominant residual: var rhoE at (0.75416, 0.031168), cell volume 5.388e-08, boundary bc-4
  step    3250  res  5.09340e-02  (- 3.86 orders)  cfl    2.594  inner    3 (ratio 4.54e-04)  cd    0.039530  cl    0.000031  rej 0
           dominant residual: var rhoE at (0.75416, 0.031168), cell volume 5.388e-08, boundary bc-4
  step    3500  res  4.92978e-02  (- 3.87 orders)  cfl    3.160  inner    3 (ratio 8.33e-04)  cd    0.041296  cl    0.000087  rej 0
           dominant residual: var rhoE at (0.67425, 0.039097), cell volume 6.309e-08, boundary bc-4
[cns2d] residual reduced by 3.88 orders (target 3.00) after 3646 pseudo-time steps; C_D = 0.042602 holds a bounded oscillation of 3.476e-03 peak to peak whose mean drifts by only 3.068e-05 between successive 500-step windows, so the mean force is converged even though the solution is a small limit cycle rather than a fixed point
[cns2d] final state: residual 4.806789e-02, C_D = 0.042612 (pressure 0.018552 + viscous 0.024060), C_L = 0.000114, C_mz = -0.000029
[cns2d] run finished: status 'converged', 3646 steps, t = 0, 3.88 residual orders, 34.6 s wall time
[cns2d] notes: residual reduced by 3.88 orders (target 3.00) after 3646 pseudo-time steps; C_D = 0.042602 holds a bounded oscillation of 3.476e-03 peak to peak whose mean drifts by only 3.068e-05 between successive 500-step windows, so the mean force is converged even though the solution is a small limit cycle rather than a fixed point
