[cns2d] cns2d 1.0.0 (git 26ef1cb80b86)
[cns2d] command: /workspace/solver/build/cns2d solve --case /workspace/cfd_solver_agentic_benchmark/inputs/cases/naca0012_m200_inviscid.json --output /workspace/solver/results/naca0012_m200_inviscid --log-every 250
[cns2d] case: naca0012_m200_inviscid -- NACA0012, AoA 0 deg, Mach 2.0, inviscid
[cns2d] case file: /workspace/cfd_solver_agentic_benchmark/inputs/cases/naca0012_m200_inviscid.json
[cns2d] mesh file: /workspace/cfd_solver_agentic_benchmark/inputs/meshes/NACA0012_H2.cgns
[cns2d] MPI ranks: 4
[cns2d] boundary family 'bc-2' -> farfield
[cns2d] boundary family 'bc-4' -> slip_wall
[cns2d] CGNS mesh '/workspace/cfd_solver_agentic_benchmark/inputs/meshes/NACA0012_H2.cgns': base 'Base' (cell dim 2, phys dim 3), 1 zone(s)
  zone 'dom-1': 15682 nodes, 20816 cells
    section 'TriElements': TRI_3 x 10752 (elements 1..10752)
    section 'QuadElements': QUAD_4 x 10064 (elements 10753..20816)
    section 'bc-2': BAR_2 x 80 (elements 20817..20896)
    section 'bc-4': BAR_2 x 404 (elements 20897..21300)
    BC 'bc-2' family 'bc-2' location 'EdgeCenter' pset 'PointRange' range 20817..20896
    BC 'bc-4' family 'bc-4' location 'EdgeCenter' pset 'PointRange' range 20897..21300
[cns2d] global mesh: 15682 nodes (0 zone-interface node pairs fused, max merge distance 0), 20816 cells (10752 tri, 10064 quad), 36498 faces (36014 interior, 484 boundary)
  boundary families: 'bc-2' (80 faces) 'bc-4' (404 faces)
[cns2d] partitioning: metis_kway into 4 part(s), edge cut 241
[cns2d] physics: inviscid (viscosity and heat conduction identically zero)
[cns2d] rank 0/4: 5214 owned cells, 114 ghost cells, 9534 faces, 119 boundary faces, 3 neighbour rank(s)
[cns2d] partitioner: metis_kway, global edge cut 241
[cns2d] numerics: roe inviscid flux (harten_hyman_entropy_fix), piecewise-linear least-squares reconstruction, venkatakrishnan limiter, lu_sgs_simplified_jacobian, viscous terms disabled
[cns2d] initial state set to freestream: rho=1 u=1 v=0 p=0.178571 (M=2)
[cns2d][warn] mesh verification: uniform-flow residual on interior-only cells is 5.022e-11 (expected < 1e-12); the interior scheme does not preserve a uniform state exactly
[cns2d] mesh verification: face-closure error 1.025e-16, volume-closure error 1.090e-10, total area 20085.4463 (boundary integral 20085.4463, mismatch 4.166e-15), linear-gradient error 1.428e-10, conservation defect 1.759e-17, uniform-flow residual 5.022e-11 on 19848 interior-only cells -- CHECK
[cns2d] initial state set to freestream: rho=1 u=1 v=0 p=0.178571 (M=2)
[cns2d] steady run: max_steps=40000, target=3.00 orders, CFL 0.2 -> 50 over 5000 steps, inner iterations 3..80 (target ratio 1.00e-02)
  step       1  res  1.44527e+00  (- 0.00 orders)  cfl    0.200  inner    3 (ratio 3.95e-08)  cd   -0.000000  cl    0.000000  rej 0
           dominant residual: var rhoE at (0.0032102, 0.0098442), cell volume 4.703e-09, boundary bc-4
  step     250  res  3.42893e-01  (- 0.62 orders)  cfl    0.263  inner    3 (ratio 1.97e-06)  cd    0.118654  cl    0.000004  rej 4
           dominant residual: var rhoE at (0.0054068, 0.012888), cell volume 3.995e-08, boundary no
  step     500  res  7.25617e-02  (- 1.30 orders)  cfl    0.347  inner    3 (ratio 2.06e-06)  cd    0.112826  cl   -0.000000  rej 4
           dominant residual: var rhoE at (0.0027492, 0.013861), cell volume 7.257e-07, boundary no
  step     750  res  5.48035e-02  (- 1.42 orders)  cfl    0.457  inner    3 (ratio 1.98e-06)  cd    0.092942  cl    0.000099  rej 4
           dominant residual: var rhoE at (0.0042126, 0.024475), cell volume 1.297e-06, boundary no
  step    1000  res  2.24899e-02  (- 1.81 orders)  cfl    0.603  inner    3 (ratio 6.63e-06)  cd    0.085861  cl   -0.000647  rej 4
           dominant residual: var rho at (-0.006497, 0.024151), cell volume 5.588e-06, boundary no
  step    1250  res  1.71047e-02  (- 1.93 orders)  cfl    0.794  inner    3 (ratio 2.00e-05)  cd    0.087844  cl    0.000682  rej 4
           dominant residual: var rho at (-0.0063904, 0.039535), cell volume 1.118e-05, boundary no
  step    1500  res  1.29108e-02  (- 2.05 orders)  cfl    1.047  inner    3 (ratio 3.32e-05)  cd    0.088133  cl    0.000584  rej 4
           dominant residual: var rhoE at (0.0032102, 0.0098442), cell volume 4.703e-09, boundary bc-4
  step    1750  res  1.29846e-02  (- 2.05 orders)  cfl    1.380  inner    3 (ratio 1.17e-04)  cd    0.091822  cl   -0.000214  rej 4
           dominant residual: var rhoE at (0.0068161, 0.014181), cell volume 4.637e-09, boundary bc-4
  step    2000  res  9.63480e-03  (- 2.18 orders)  cfl    1.819  inner    3 (ratio 2.31e-04)  cd    0.092132  cl   -0.000384  rej 4
           dominant residual: var rhoE at (0.038697, 0.031809), cell volume 1.218e-08, boundary bc-4
  step    2250  res  5.48452e-03  (- 2.42 orders)  cfl    2.397  inner    3 (ratio 6.40e-04)  cd    0.093064  cl   -0.000948  rej 4
           dominant residual: var rhoE at (0.0037527, 0.010622), cell volume 4.786e-09, boundary bc-4
  step    2500  res  4.68285e-03  (- 2.49 orders)  cfl    3.159  inner    3 (ratio 1.52e-03)  cd    0.090382  cl    0.000072  rej 4
           dominant residual: var rho at (-0.025722, 0.042396), cell volume 1.939e-05, boundary no
  step    2750  res  8.26126e-03  (- 2.24 orders)  cfl    4.163  inner    3 (ratio 3.82e-03)  cd    0.087906  cl   -0.002522  rej 4
           dominant residual: var rho at (-0.02751, 0.036383), cell volume 2.042e-05, boundary no
  step    3000  res  1.12101e-02  (- 2.11 orders)  cfl    5.487  inner    3 (ratio 5.40e-03)  cd    0.087294  cl   -0.002387  rej 4
           dominant residual: var rhoE at (0.0032102, 0.0098442), cell volume 4.703e-09, boundary bc-4
  step    3250  res  1.05341e-02  (- 2.14 orders)  cfl    7.231  inner    5 (ratio 1.65e-03)  cd    0.089472  cl   -0.001695  rej 4
           dominant residual: var rho at (-0.022161, 0.040173), cell volume 2.464e-05, boundary no
  step    3500  res  5.89648e-03  (- 2.39 orders)  cfl    9.530  inner    5 (ratio 3.10e-03)  cd    0.089241  cl   -0.003962  rej 4
           dominant residual: var rhoE at (0.0032102, 0.0098442), cell volume 4.703e-09, boundary bc-4
  step    3750  res  4.12230e-03  (- 2.54 orders)  cfl   12.560  inner    5 (ratio 5.98e-03)  cd    0.088480  cl   -0.003723  rej 4
           dominant residual: var rhoE at (0.0061609, 0.013507), cell volume 4.764e-09, boundary bc-4
  step    4000  res  5.10978e-03  (- 2.45 orders)  cfl   16.554  inner    5 (ratio 9.41e-03)  cd    0.087947  cl   -0.003959  rej 4
           dominant residual: var rhoE at (0.0032102, 0.0098442), cell volume 4.703e-09, boundary bc-4
  step    4250  res  4.84353e-03  (- 2.47 orders)  cfl   21.817  inner    7 (ratio 6.16e-03)  cd    0.088236  cl   -0.004266  rej 4
           dominant residual: var rho at (-0.021657, 0.029997), cell volume 1.697e-05, boundary no
  step    4500  res  3.71777e-03  (- 2.59 orders)  cfl   28.754  inner    7 (ratio 9.28e-03)  cd    0.088221  cl   -0.003916  rej 4
           dominant residual: var rhoE at (0.0032102, 0.0098442), cell volume 4.703e-09, boundary bc-4
  step    4750  res  1.89896e-03  (- 2.88 orders)  cfl   21.140  inner    9 (ratio 8.95e-03)  cd    0.087569  cl   -0.004704  rej 5
           dominant residual: var rho at (-0.022988, 0.036212), cell volume 1.882e-05, boundary no
[cns2d] residual plateaued at 6.6361e-03 (2.34 of the requested 3.00 orders below the initial level); C_D = 0.088256 holds a bounded oscillation of 1.171e-03 peak to peak (1.33 % of C_D) whose mean drifts by only 8.409e-06 between successive 500-step windows; stopped at step 4906. The remaining residual and the oscillation are both concentrated in the smallest wall cells, where the limiter keeps switching; the MEAN force is converged but the solution is a small limit cycle rather than a fixed point.
[cns2d] final state: residual 6.442322e-03, C_D = 0.088017 (pressure 0.088017 + viscous 0.000000), C_L = -0.003752, C_mz = 0.000854
[cns2d] run finished: status 'converged', 4906 steps, t = 0, 2.35 residual orders, 48.7 s wall time
[cns2d] notes: residual plateaued at 6.6361e-03 (2.34 of the requested 3.00 orders below the initial level); C_D = 0.088256 holds a bounded oscillation of 1.171e-03 peak to peak (1.33 % of C_D) whose mean drifts by only 8.409e-06 between successive 500-step windows; stopped at step 4906. The remaining residual and the oscillation are both concentrated in the smallest wall cells, where the limiter keeps switching; the MEAN force is converged but the solution is a small limit cycle rather than a fixed point.
