100 25 1 1.21053e+05 -96.149415 -28.723323 1.78939e+04 6.76504e+00
200 20 1 2.36896e+05 27.014511 36.427159 2.87570e+04 8.23788e+00
300 7 1 1.63232e+05 -71.029837 -36.903678 3.68339e+04 4.43157e+00
400 7 1 1.14953e+05 -31.712658 -20.644579 4.54881e+04 2.52710e+00
500 6 1 7.97121e+04 -1.827343 35.091939 4.88289e+04 1.63248e+00
600 5 1 5.29813e+04 42.049415 9.144848 5.08727e+04 1.04145e+00
700 5 1 7.85275e+04 16.981933 34.995398 5.25253e+04 1.49504e+00
800 5 1 6.93216e+04 -33.349112 -12.899531 5.85531e+04 1.18391e+00
900 5 1 4.27735e+04 -44.711515 19.457104 6.87943e+04 6.21760e-01
1000 5 1 4.17516e+04 -41.630602 -6.089802 8.64065e+04 4.83200e-01
1100 5 1 3.84077e+04 -24.201787 -19.377077 7.99584e+04 4.80347e-01
1200 5 1 2.33550e+04 -7.277548 20.904390 7.03007e+04 3.32216e-01
1300 5 1 2.89261e+04 6.113227 -19.249389 6.91703e+04 4.18188e-01
1400 5 1 2.88640e+04 -1.233774 9.163173 6.26741e+04 4.60541e-01
1500 5 1 1.76383e+04 -8.437764 14.080561 5.24105e+04 3.36540e-01
1600 5 1 1.48358e+04 -23.135232 -13.923101 4.45254e+04 3.33199e-01
1700 5 1 2.20749e+04 -16.692043 19.742510 4.04994e+04 5.45068e-01
1800 5 1 2.10295e+04 -6.039992 1.313785 3.83674e+04 5.48108e-01
1900 5 1 1.37303e+04 -1.828466 4.815307 3.74946e+04 3.66194e-01
2000 5 1 1.05559e+04 -2.692206 12.771384 3.88439e+04 2.71753e-01
2100 102 1 1.21379e+04 -5.005467 -8.372153 3.92350e+04 3.09364e-01
2200 102 1 1.93544e+04 4.926489 31.352062 3.87261e+04 4.99776e-01
2300 17 1 8.28109e+03 7.701106 -1.675964 3.67134e+04 2.25560e-01
2400 102 1 1.09381e+04 13.881452 -15.815857 3.36789e+04 3.24776e-01
2500 102 1 6.25415e+04 22.491389 2.186674 3.07352e+04 2.03485e+00
2600 102 1 6.26237e+04 44.588341 -4.001319 2.73305e+04 2.29135e+00
2700 102 1 9.51463e+04 47.044847 -8.340604 2.38019e+04 3.99743e+00
2800 102 1 1.97058e+05 90.479333 -23.752787 2.06376e+04 9.54848e+00
2900 102 1 1.47283e+05 91.677965 -19.062098 1.73928e+04 8.46806e+00
3000 102 1 2.41478e+05 60.701895 -28.756956 1.43332e+04 1.68474e+01
3100 102 1 5.32288e+04 46.682387 -14.122192 1.19227e+04 4.46449e+00
3200 102 1 5.05717e+04 73.479323 -52.827069 1.01911e+04 4.96234e+00
3300 128 1 8.22272e+04 12.381197 59.878633 9.18411e+03 8.95321e+00
3400 102 1 3.89835e+04 -26.772726 29.140659 8.61436e+03 4.52541e+00
3500 102 1 2.19391e+04 -108.680140 39.895178 8.57913e+03 2.55726e+00
3600 102 1 5.57925e+04 -95.868046 65.867896 8.42995e+03 6.61837e+00
3700 102 1 4.71283e+04 -52.885645 10.328364 8.38356e+03 5.62151e+00
3800 103 1 2.65661e+04 -55.955928 -50.434658 8.55370e+03 3.10580e+00
3900 102 1 2.95213e+04 -51.196047 -54.005400 8.79858e+03 3.35523e+00
4000 102 1 4.12213e+04 -28.692794 -5.398631 9.02362e+03 4.56816e+00
4100 102 1 2.66315e+04 21.006731 29.768869 9.08596e+03 2.93106e+00
4200 102 1 1.10941e+04 12.020489 23.592620 9.25996e+03 1.19807e+00
4300 102 1 2.18576e+04 -42.640616 15.599591 9.49627e+03 2.30171e+00
4400 102 1 4.39208e+03 -14.898330 70.970160 9.43374e+03 4.65572e-01
4500 102 1 4.60742e+04 -73.164628 50.329967 9.22157e+03 4.99635e+00
4600 102 1 5.99290e+04 -102.180665 52.700047 8.96858e+03 6.68211e+00
4700 102 1 1.38293e+05 -130.019964 17.009725 8.87106e+03 1.55893e+01
4800 102 1 1.77024e+03 -123.132920 72.430932 9.01574e+03 1.96350e-01
4900 5 1 4.80754e+04 -45.983302 238.923159 9.25408e+03 5.19505e+00
5000 5 1 3.76458e+04 -74.447449 265.973218 9.44795e+03 3.98455e+00
5100 5 1 2.95867e+04 -34.623187 92.827602 9.30048e+03 3.18120e+00
5200 5 1 2.71308e+04 -61.445181 87.193046 9.09816e+03 2.98201e+00
5300 5 1 3.04782e+04 -92.243415 49.960115 8.56147e+03 3.55993e+00
5400 5 1 2.13586e+04 -17.659154 113.914176 7.93442e+03 2.69190e+00
5500 5 1 1.80070e+04 69.593051 -4.945972 7.55895e+03 2.38221e+00
5600 5 1 2.05792e+04 48.491676 -2.415477 7.02066e+03 2.93123e+00
5700 5 1 2.02562e+04 19.759527 36.917877 6.50190e+03 3.11544e+00
5800 5 1 1.91824e+04 38.407584 60.389448 6.08476e+03 3.15254e+00
5900 5 1 1.31925e+04 49.881535 17.673549 5.71490e+03 2.30845e+00
6000 5 1 1.26496e+04 51.751317 11.074956 5.47440e+03 2.31068e+00
6100 5 1 8.43638e+03 39.289494 21.314012 5.38101e+03 1.56781e+00
6200 5 1 5.05072e+03 20.272962 17.344075 5.25808e+03 9.60563e-01
6300 5 1 7.28288e+03 -10.204174 10.578705 5.18034e+03 1.40587e+00
6400 5 1 8.23117e+03 -47.214241 -9.258711 5.16718e+03 1.59297e+00
6500 5 1 1.52904e+04 -101.023674 -2.754496 5.15785e+03 2.96449e+00
6600 5 1 5.86469e+03 -80.363144 6.975185 5.13723e+03 1.14161e+00
6700 5 1 6.02255e+03 -57.779734 19.858386 5.11871e+03 1.17658e+00
6800 102 1 8.88592e+02 -63.102831 19.349032 5.13067e+03 1.73192e-01
6900 5 1 7.34586e+03 -71.321542 7.397862 5.11110e+03 1.43724e+00
7000 5 1 4.83583e+03 -58.451101 -4.667181 5.01519e+03 9.64238e-01
7100 10 1 1.31108e+03 -54.287528 -5.364596 4.87336e+03 2.69030e-01
7200 5 1 4.32436e+03 -58.911797 -18.515230 4.70243e+03 9.19601e-01
7300 47 1 5.75908e+02 -55.601096 -33.351358 4.48778e+03 1.28328e-01
7400 102 1 1.34048e+03 -54.021529 -28.131410 4.30519e+03 3.11364e-01
7500 102 1 3.96414e+03 -53.564657 -21.936139 4.18267e+03 9.47753e-01
7600 102 1 1.18223e+03 -62.236269 -14.258184 4.14340e+03 2.85329e-01
7700 102 1 5.41906e+03 -54.280679 -12.832412 4.10932e+03 1.31872e+00
7800 102 1 2.05833e+03 -57.808816 -16.790783 4.06301e+03 5.06603e-01
7900 33 1 1.07854e+03 -52.586737 -21.052032 4.02349e+03 2.68060e-01
8000 38 1 6.51658e+02 -58.671256 -20.295196 4.01209e+03 1.62424e-01
8100 8 1 8.45453e+02 -54.134849 -19.454163 4.00592e+03 2.11051e-01
8200 5 1 2.62362e+03 -57.993476 -18.011579 4.00876e+03 6.54471e-01
8300 5 1 2.70762e+03 -50.159689 -17.421017 3.99502e+03 6.77748e-01
8400 5 1 2.75906e+03 -51.800988 -15.557742 3.95981e+03 6.96765e-01
8500 5 1 1.53342e+03 -42.285842 -16.170342 3.91132e+03 3.92046e-01
8600 17 1 4.52550e+02 -52.010578 -15.855162 3.91812e+03 1.15502e-01
8700 7 1 7.26885e+02 -42.663440 -15.326238 3.99723e+03 1.81847e-01
8800 5 1 2.28183e+03 -48.312234 -14.860543 4.10271e+03 5.56175e-01
8900 5 1 1.66516e+03 -41.814735 -11.533405 4.23652e+03 3.93050e-01
9000 5 1 1.51963e+03 -43.186588 -9.748523 4.40038e+03 3.45340e-01
9100 5 1 1.03114e+03 -38.164296 -8.361125 4.55606e+03 2.26323e-01
9200 5 1 9.98566e+02 -37.799531 -8.703861 4.66856e+03 2.13892e-01
9300 5 1 6.44892e+02 -35.523017 -10.037542 4.74581e+03 1.35887e-01
9400 102 1 2.90074e+01 -40.665697 -9.628599 4.77879e+03 6.07003e-03
9500 102 1 3.12881e+01 -47.034874 -5.758983 4.76976e+03 6.55968e-03
9600 102 1 3.44755e+01 -49.618780 -5.089752 4.72027e+03 7.30372e-03
9700 102 1 3.70888e+01 -51.542983 -5.165166 4.62688e+03 8.01594e-03
9800 5 1 1.04478e+03 -55.209311 -5.421830 4.48625e+03 2.32884e-01
9900 5 1 1.72082e+03 -58.514274 -5.852651 4.33351e+03 3.97096e-01
10000 5 1 1.32584e+03 -59.485785 -6.358239 4.20243e+03 3.15494e-01
10100 5 1 9.37710e+02 -57.512048 -6.054185 4.13397e+03 2.26830e-01
10200 5 1 1.02024e+03 -54.665161 -5.665602 4.08584e+03 2.49701e-01
10300 5 1 9.09514e+02 -51.423159 -5.404702 4.02257e+03 2.26103e-01
10400 5 1 8.45814e+02 -48.266083 -5.109817 3.96217e+03 2.13472e-01
10500 5 1 7.85419e+02 -45.697720 -5.083495 3.92963e+03 1.99871e-01
10600 5 1 7.98105e+02 -43.542952 -5.630864 3.91750e+03 2.03728e-01
10700 5 1 7.74591e+02 -41.981578 -6.418449 3.93089e+03 1.97052e-01
10800 102 1 6.10572e+01 -41.255814 -6.906122 3.96811e+03 1.53870e-02
10900 5 1 6.41057e+02 -41.089582 -6.626103 3.99523e+03 1.60456e-01
11000 5 1 5.84209e+02 -41.240016 -5.831847 4.04502e+03 1.44427e-01
11100 5 1 5.39953e+02 -41.419173 -4.877010 4.11036e+03 1.31364e-01
11200 5 1 4.99924e+02 -41.524477 -3.570819 4.20995e+03 1.18748e-01
11300 5 1 4.87431e+02 -41.815335 -2.396140 4.35812e+03 1.11844e-01
11400 5 1 4.63543e+02 -41.855259 -1.620503 4.41559e+03 1.04979e-01
11500 5 1 4.90436e+02 -41.729090 -1.225910 4.37771e+03 1.12030e-01
11600 5 1 5.03926e+02 -41.296028 -1.158421 4.27503e+03 1.17877e-01
11700 5 1 5.21247e+02 -40.492576 -1.082949 4.10131e+03 1.27093e-01
11800 5 1 5.14877e+02 -39.370696 -1.191747 3.99706e+03 1.28814e-01
11900 5 1 4.98598e+02 -38.115068 -1.248718 3.91752e+03 1.27274e-01
12000 5 1 4.78234e+02 -37.035068 -1.417560 3.81991e+03 1.25195e-01
12100 5 1 4.48423e+02 -36.082684 -1.513746 3.74928e+03 1.19602e-01
12200 5 1 4.15574e+02 -35.517920 -1.662210 3.74970e+03 1.10828e-01
12300 5 1 4.13484e+02 -35.159504 -1.988631 3.87084e+03 1.06820e-01
12400 5 1 4.17741e+02 -34.660384 -2.123908 4.00101e+03 1.04409e-01
12500 5 1 4.23097e+02 -34.025660 -2.083258 4.13958e+03 1.02208e-01
12600 5 1 4.35060e+02 -33.290504 -2.072748 4.28572e+03 1.01514e-01
12700 5 1 4.38153e+02 -32.454652 -2.002171 4.51992e+03 9.69381e-02
12800 5 1 4.26146e+02 -31.502813 -1.966268 4.66885e+03 9.12743e-02
12900 5 1 4.11621e+02 -30.585422 -1.972392 4.53526e+03 9.07601e-02
13000 5 1 4.05423e+02 -29.660714 -1.943446 4.50650e+03 8.99639e-02
13100 5 1 4.00074e+02 -28.764658 -1.986286 4.46090e+03 8.96845e-02
13200 5 1 3.93752e+02 -28.035583 -2.165384 4.46049e+03 8.82755e-02
13300 5 1 3.88372e+02 -27.442944 -2.625872 4.45274e+03 8.72210e-02
13400 5 1 3.90897e+02 -26.921467 -3.296200 4.43918e+03 8.80562e-02
13500 5 1 3.89462e+02 -26.475407 -4.085093 4.37484e+03 8.90231e-02
13600 5 1 3.85556e+02 -26.114723 -4.739897 4.35070e+03 8.86191e-02
13700 5 1 3.72126e+02 -25.975844 -5.196327 4.34149e+03 8.57138e-02
13800 5 1 3.77275e+02 -25.988289 -5.343857 4.33696e+03 8.69905e-02
13900 5 1 3.56118e+02 -26.087144 -5.235307 4.34000e+03 8.20547e-02
14000 5 1 3.42858e+02 -26.303281 -4.890194 4.30634e+03 7.96169e-02
14100 5 1 3.38875e+02 -26.401485 -4.506264 4.30965e+03 7.86317e-02
14200 5 1 3.20626e+02 -26.430884 -4.150105 4.31947e+03 7.42281e-02
14300 102 1 1.98252e+02 -26.399875 -3.869607 4.31830e+03 4.59098e-02
14400 5 1 3.21978e+02 -26.314433 -3.751520 4.34759e+03 7.40591e-02
14500 5 1 2.96891e+02 -26.096082 -3.508291 4.42303e+03 6.71238e-02
14600 5 1 2.84858e+02 -25.815476 -2.987883 4.49604e+03 6.33576e-02
14700 5 1 2.84413e+02 -25.506885 -2.482460 4.53205e+03 6.27559e-02
14800 5 1 2.82120e+02 -25.153012 -2.169287 4.56731e+03 6.17695e-02
14900 5 1 2.78864e+02 -24.791962 -2.136497 4.63506e+03 6.01640e-02
15000 5 1 2.66479e+02 -24.351927 -2.273697 4.71176e+03 5.65561e-02
15100 5 1 2.57852e+02 -23.829465 -2.276770 4.79064e+03 5.38241e-02
15200 102 1 1.44954e+02 -23.378762 -2.377635 4.87567e+03 2.97300e-02
15300 5 1 2.53057e+02 -23.037617 -2.743565 4.97247e+03 5.08915e-02
15400 5 1 2.32406e+02 -22.688805 -3.117949 5.04807e+03 4.60386e-02
15500 102 1 3.09235e+02 -22.323711 -3.479262 5.18484e+03 5.96422e-02
15600 102 1 8.60550e+02 -21.980513 -3.956403 5.30203e+03 1.62306e-01
15700 9 1 4.27203e+02 -21.700331 -4.441627 5.45960e+03 7.82480e-02
15800 5 1 2.79721e+02 -21.441622 -4.837117 5.59659e+03 4.99806e-02
15900 5 1 2.08975e+02 -21.175041 -5.210585 5.71877e+03 3.65420e-02
16000 5 1 1.95449e+02 -20.902630 -5.663493 5.83940e+03 3.34707e-02
16100 5 1 1.84338e+02 -20.634646 -6.114560 5.92542e+03 3.11097e-02
16200 12 1 5.94875e+02 -20.390028 -6.264539 5.98902e+03 9.93275e-02
16300 5 1 1.71551e+02 -20.177636 -6.329960 6.04391e+03 2.83841e-02
16400 5 1 1.78793e+02 -19.955335 -6.493716 6.09028e+03 2.93572e-02
16500 5 1 4.30060e+02 -19.744971 -6.905676 6.16482e+03 6.97603e-02
16600 5 1 1.62122e+02 -19.517989 -6.783494 6.23894e+03 2.59855e-02
16700 5 1 1.62908e+02 -19.332524 -6.414882 6.31023e+03 2.58164e-02
16800 5 1 1.73900e+02 -19.170534 -6.592778 6.37436e+03 2.72812e-02
16900 5 1 2.31214e+02 -19.069234 -7.166947 6.41410e+03 3.60477e-02
17000 5 1 2.63114e+02 -18.941358 -7.179007 6.46607e+03 4.06915e-02
17100 5 1 3.24473e+02 -18.861750 -6.337914 6.54064e+03 4.96087e-02
17200 102 1 6.27463e+02 -18.857546 -6.089256 6.63227e+03 9.46075e-02
17300 5 1 1.87788e+02 -18.796536 -6.175288 6.71495e+03 2.79657e-02
17400 5 1 3.33275e+02 -18.635698 -6.014873 6.80535e+03 4.89726e-02
17500 7 1 5.83498e+04 93.504459 -70.994665 6.89149e+03 8.46694e+00
17600 5 1 3.71629e+04 96.137428 -59.649909 6.95505e+03 5.34330e+00
17700 5 1 2.16964e+04 105.419146 -87.570136 7.02889e+03 3.08675e+00
17800 5 1 1.54143e+04 119.756934 -84.261305 7.08800e+03 2.17471e+00
17900 5 1 1.07509e+04 137.446169 -69.156819 7.14480e+03 1.50472e+00
18000 6 1 5.51363e+03 143.890659 -60.487338 7.22836e+03 7.62778e-01
18100 5 1 1.18177e+04 152.994420 -28.533529 7.35538e+03 1.60667e+00
18200 5 1 7.72729e+03 154.154702 -20.793267 7.48482e+03 1.03239e+00
18300 5 1 5.52120e+03 148.556046 -16.040709 7.61010e+03 7.25509e-01
18400 5 1 4.84831e+03 138.308792 -4.498549 7.74620e+03 6.25895e-01
18500 5 1 4.40068e+03 128.861032 2.661267 7.91384e+03 5.56074e-01
18600 5 1 4.31894e+03 123.269993 2.083214 8.08286e+03 5.34334e-01
18700 5 1 3.81610e+03 117.874743 -0.425906 8.29741e+03 4.59915e-01
18800 5 1 4.35391e+03 110.619780 -6.110218 8.53317e+03 5.10233e-01
18900 5 1 4.50063e+03 104.120820 -12.491762 8.74438e+03 5.14688e-01
19000 5 1 4.08515e+03 97.009351 -14.713010 9.03049e+03 4.52373e-01
19100 5 1 3.51692e+03 89.064588 -13.879883 9.57385e+03 3.67346e-01
19200 5 1 3.47110e+03 80.183945 -12.182876 1.02658e+04 3.38123e-01
19300 5 1 3.53975e+03 70.660266 -9.471141 1.09090e+04 3.24480e-01
19400 5 1 3.32117e+03 62.503850 -7.107271 1.13937e+04 2.91491e-01
19500 5 1 2.97341e+03 56.871546 -5.434208 1.17886e+04 2.52229e-01
19600 5 1 2.80678e+03 53.637989 -3.476453 1.21281e+04 2.31428e-01
19700 5 1 2.57157e+03 51.173627 -1.402359 1.25780e+04 2.04450e-01
19800 102 1 3.49927e+03 49.432479 1.360413 1.30591e+04 2.67956e-01
19900 5 1 2.23742e+03 47.929533 3.663561 1.33637e+04 1.67426e-01
20000 5 1 2.11118e+03 48.774523 5.159816 1.34774e+04 1.56646e-01
20100 5 1 2.07426e+03 55.810076 5.658946 1.34341e+04 1.54402e-01
20200 5 1 1.04166e+04 23.178814 5.992393 1.33058e+04 7.82861e-01
20300 5 1 7.35914e+03 -26.781502 -0.553292 1.31108e+04 5.61304e-01
20400 5 1 7.54463e+03 -56.945569 -4.924633 1.28318e+04 5.87965e-01
20500 5 1 6.98122e+03 -85.917045 -21.414397 1.25724e+04 5.55283e-01
20600 5 1 1.08889e+04 -106.059294 -25.883670 1.23013e+04 8.85182e-01
20700 5 1 1.58840e+04 -185.726232 -17.590850 1.20625e+04 1.31681e+00
20800 5 1 1.39927e+04 -193.263544 21.473790 1.18450e+04 1.18132e+00
20900 5 1 1.10990e+04 -179.806707 58.465261 1.17342e+04 9.45869e-01
21000 5 1 1.13962e+04 -179.555611 94.432878 1.16328e+04 9.79659e-01
21100 5 1 1.68845e+04 -193.920221 146.528410 1.15522e+04 1.46159e+00
21200 5 1 1.21084e+04 -214.952025 177.623021 1.15533e+04 1.04804e+00
21300 5 1 1.01678e+04 -249.753734 164.850448 1.14761e+04 8.85996e-01
21400 5 1 9.42955e+03 -277.673821 141.351614 1.13321e+04 8.32108e-01
21500 5 1 6.88634e+03 -288.398361 132.621816 1.11647e+04 6.16796e-01
21600 5 1 8.77969e+03 -294.459655 113.035048 1.09972e+04 7.98356e-01
21700 5 1 9.35197e+03 -300.672265 78.261772 1.08431e+04 8.62482e-01
21800 5 1 9.44920e+03 -297.735749 18.437664 1.07075e+04 8.82487e-01
21900 6 1 9.90369e+04 -248.799418 -136.633091 1.06028e+04 9.34063e+00
22000 5 1 3.92395e+04 -183.519911 -164.182042 1.04839e+04 3.74283e+00
22100 5 1 1.34802e+04 -244.962921 -60.760072 1.03731e+04 1.29954e+00
22200 5 1 9.53269e+03 -254.431576 -18.157310 1.02696e+04 9.28243e-01
22300 5 1 7.53583e+03 -254.817914 -6.619487 1.01849e+04 7.39904e-01
22400 5 1 5.51016e+03 -244.379640 -7.532901 1.00989e+04 5.45619e-01
22500 5 1 6.58982e+03 -217.754255 1.069856 1.00120e+04 6.58191e-01
22600 5 1 6.59779e+03 -190.684764 11.969935 9.95551e+03 6.62728e-01
22700 5 1 6.09886e+03 -184.635635 26.639618 9.91426e+03 6.15160e-01
22800 5 1 5.23930e+03 -199.946820 39.917940 9.86130e+03 5.31300e-01
22900 5 1 4.30104e+03 -216.637636 52.855927 9.79242e+03 4.39221e-01
23000 5 1 3.60937e+03 -235.989360 64.098549 9.74412e+03 3.70415e-01
23100 5 1 2.53020e+03 -255.501141 69.732665 9.68141e+03 2.61346e-01
23200 5 1 1.97559e+03 -267.117986 69.791663 9.59954e+03 2.05800e-01
23300 5 1 2.00954e+03 -267.953930 66.390462 9.51753e+03 2.11141e-01
23400 5 1 2.30954e+03 -263.296258 61.792552 9.43996e+03 2.44655e-01
23500 5 1 2.49829e+03 -256.265268 56.607607 9.39086e+03 2.66034e-01
23600 5 1 2.94376e+03 -249.176392 52.311494 9.34048e+03 3.15161e-01
23700 5 1 3.25934e+03 -242.982717 49.787885 9.30568e+03 3.50252e-01
23800 5 1 3.53240e+03 -235.858824 49.971260 9.27142e+03 3.80999e-01
23900 5 1 3.84382e+03 -226.946358 51.649044 9.22771e+03 4.16552e-01
24000 5 1 4.10854e+03 -217.899077 51.041252 9.18640e+03 4.47241e-01
24100 5 1 4.09253e+03 -208.528569 50.300199 9.17837e+03 4.45888e-01
24200 5 1 3.82046e+03 -198.969214 47.846399 9.17843e+03 4.16244e-01
24300 5 1 3.47255e+03 -187.963722 42.784543 9.18307e+03 3.78148e-01
24400 5 1 3.18201e+03 -176.711316 35.135143 9.21906e+03 3.45155e-01
24500 5 1 2.87465e+03 -164.161248 27.210837 9.27829e+03 3.09825e-01
24600 5 1 2.76849e+03 -151.504311 19.120818 9.31752e+03 2.97127e-01
24700 5 1 2.46907e+03 -140.187020 12.617400 9.38698e+03 2.63031e-01
24800 5 1 2.79751e+03 -124.934933 7.561395 9.47132e+03 2.95366e-01
24900 5 1 3.06304e+03 -101.426808 3.799134 9.56168e+03 3.20345e-01
25000 5 1 2.77329e+03 -76.759481 1.598820 9.65984e+03 2.87095e-01
25100 5 1 3.52973e+03 -54.683427 0.683033 9.75995e+03 3.61654e-01
25200 5 1 4.63532e+03 -33.646557 2.105337 9.87088e+03 4.69595e-01
25300 5 1 5.34652e+03 -16.313604 5.453163 1.00036e+04 5.34457e-01
25400 5 1 5.51365e+03 -5.774598 9.956248 1.01481e+04 5.43317e-01
25500 5 1 4.75079e+03 -2.693162 13.932620 1.02609e+04 4.62997e-01
25600 5 1 3.75137e+03 -4.413320 14.331890 1.03788e+04 3.61444e-01
25700 5 1 3.18771e+03 -7.596602 12.405511 1.04769e+04 3.04262e-01
25800 5 1 3.49709e+03 -11.091927 9.470395 1.05602e+04 3.31157e-01
25900 5 1 3.60638e+03 -14.099436 8.985166 1.06263e+04 3.39382e-01
26000 5 1 3.71032e+03 -17.764371 7.850870 1.06738e+04 3.47610e-01
26100 5 1 3.49934e+03 -21.538525 5.962842 1.07038e+04 3.26923e-01
26200 5 1 3.07052e+03 -25.988251 4.514665 1.07143e+04 2.86583e-01
26300 5 1 2.77887e+03 -30.091628 1.775478 1.07154e+04 2.59334e-01
26400 5 1 2.42139e+03 -33.281751 -1.362887 1.07323e+04 2.25618e-01
26500 5 1 1.91012e+03 -35.957914 -3.576890 1.07084e+04 1.78375e-01
26600 5 1 1.49596e+03 -37.987206 -4.664213 1.07788e+04 1.38787e-01
26700 5 1 1.33367e+03 -39.709249 -4.131181 1.08600e+04 1.22806e-01
26800 5 1 1.30349e+03 -40.888205 -2.076814 1.07355e+04 1.21418e-01
26900 5 1 1.37605e+03 -41.424421 0.797905 1.07215e+04 1.28345e-01
27000 5 1 1.47083e+03 -41.097582 4.075132 1.08630e+04 1.35398e-01
27100 5 1 1.40688e+03 -39.986268 8.103884 1.07272e+04 1.31151e-01
27200 5 1 1.33563e+03 -38.223114 12.569096 1.07146e+04 1.24655e-01
27300 5 1 1.25416e+03 -36.312397 17.084452 1.07229e+04 1.16961e-01
27400 5 1 1.17720e+03 -33.753655 20.810081 1.07206e+04 1.09807e-01
27500 5 1 1.15541e+03 -31.771747 23.723723 1.07417e+04 1.07563e-01
27600 5 1 1.14961e+03 -29.497920 26.114367 1.07973e+04 1.06472e-01
27700 5 1 1.15279e+03 -27.582053 29.010712 1.07682e+04 1.07055e-01
27800 5 1 1.21072e+03 -26.739321 32.656794 1.07537e+04 1.12586e-01
27900 5 1 1.27331e+03 -27.380592 36.475792 1.07202e+04 1.18776e-01
28000 5 1 1.27474e+03 -28.807561 39.617058 1.07299e+04 1.18803e-01
28100 5 1 1.31182e+03 -29.082830 42.042231 1.07939e+04 1.21533e-01
28200 5 1 1.35131e+03 -27.249597 43.164048 1.08973e+04 1.24004e-01
28300 5 1 1.37754e+03 -22.693104 43.184247 1.08587e+04 1.26860e-01
28400 5 1 1.44332e+03 -14.163892 40.089180 1.08139e+04 1.33470e-01
28500 5 1 1.99636e+03 -1.388432 31.432598 1.09615e+04 1.82125e-01
28600 5 1 3.72844e+03 17.024628 13.521037 1.10688e+04 3.36843e-01
28700 5 1 3.87023e+03 33.309915 -7.851786 1.11815e+04 3.46129e-01
28800 5 1 2.85019e+03 38.516378 -17.978335 1.11885e+04 2.54743e-01
28900 5 1 3.06429e+03 34.827333 -15.513340 1.11215e+04 2.75529e-01
29000 5 1 2.85692e+03 27.834832 -11.006033 1.11411e+04 2.56431e-01
29100 5 1 2.65436e+03 20.387155 -8.780639 1.11634e+04 2.37774e-01
29200 5 1 2.47836e+03 12.860415 -7.657578 1.11930e+04 2.21421e-01
29300 5 1 2.30976e+03 5.350570 -7.296889 1.12551e+04 2.05219e-01
29400 5 1 2.25550e+03 -2.090753 -7.483030 1.12104e+04 2.01197e-01
29500 5 1 2.15283e+03 -8.984253 -6.880824 1.11430e+04 1.93201e-01
29600 5 1 2.02520e+03 -15.295693 -5.801706 1.11012e+04 1.82431e-01
29700 5 1 1.89584e+03 -21.037538 -4.771940 1.11367e+04 1.70233e-01
29800 5 1 1.83653e+03 -26.250665 -3.714957 1.12108e+04 1.63817e-01
29900 5 1 1.76291e+03 -30.921066 -3.210244 1.11599e+04 1.57968e-01
30000 5 1 1.65949e+03 -35.333347 -3.148571 1.11472e+04 1.48870e-01
