Authorization required, but no authorization protocol specified

Authorization required, but no authorization protocol specified

Authorization required, but no authorization protocol specified

Authorization required, but no authorization protocol specified

Authorization required, but no authorization protocol specified

Loading case: /workspace/cfd_solver_agentic_benchmark/inputs/cases/cylinder_m010_laminar_re200.json
Reading mesh: /workspace/cfd_solver_agentic_benchmark/inputs/cases/../meshes/CylinderB1.cgns
Mesh: 9995 nodes, 10185 cells, 20180 faces
Partitioning mesh into 3 parts...
Building local mesh...
Rank 0: 3396 owned cells, 98 ghost cells
Starting transient solve (BDF2)...
Phys step    100  t=   1.000  inner= 15  L2= 8.02240e+04  Cd=-32.335614  Cl= 10.163334
Phys step    200  t=   2.000  inner=  7  L2= 6.64188e+04  Cd=-38.893468  Cl= -0.074263
Phys step    300  t=   3.000  inner=  6  L2= 9.97714e+04  Cd=-46.635791  Cl= -5.884290
Phys step    400  t=   4.000  inner=  5  L2= 5.99190e+04  Cd=-39.362146  Cl= 11.992958
Phys step    500  t=   5.000  inner=  5  L2= 5.61241e+04  Cd=-22.955644  Cl= 13.841066
Phys step    600  t=   6.000  inner=  5  L2= 5.00831e+04  Cd=-40.090274  Cl=  7.602038
Phys step    700  t=   7.000  inner=  5  L2= 3.36291e+04  Cd=-43.905044  Cl= 30.755209
Phys step    800  t=   8.000  inner=  5  L2= 3.24790e+04  Cd=-43.572348  Cl=  3.250042
Phys step    900  t=   9.000  inner=  5  L2= 1.81326e+04  Cd=-25.363419  Cl= -9.937841
Phys step   1000  t=  10.000  inner=  5  L2= 1.07921e+04  Cd= -9.186454  Cl=  5.832410
Phys step   1100  t=  11.000  inner=  5  L2= 8.24117e+03  Cd=  9.446233  Cl=-10.701803
Phys step   1200  t=  12.000  inner=  5  L2= 1.02443e+04  Cd= 24.255554  Cl= 10.653837
Phys step   1300  t=  13.000  inner=  5  L2= 7.63847e+03  Cd= 18.421793  Cl=-19.489668
Phys step   1400  t=  14.000  inner=  5  L2= 9.82333e+03  Cd= 16.063628  Cl=  3.038664
Phys step   1500  t=  15.000  inner=  5  L2= 5.19581e+03  Cd= 36.589298  Cl= -2.289976
Phys step   1600  t=  16.000  inner=  5  L2= 4.97473e+03  Cd= 23.800592  Cl= -4.812703
Phys step   1700  t=  17.000  inner=  5  L2= 6.56074e+03  Cd=  2.698050  Cl=-16.882603
Phys step   1800  t=  18.000  inner=  5  L2= 6.80220e+03  Cd=-19.407797  Cl=-24.540573
Phys step   1900  t=  19.000  inner=  5  L2= 3.14893e+04  Cd=-117.008855  Cl= 90.566954
Phys step   2000  t=  20.000  inner=  9  L2= 9.26282e+03  Cd=-98.175581  Cl= -0.517046
Phys step   2100  t=  21.000  inner=  5  L2= 1.26890e+04  Cd=-137.538925  Cl= 46.086302
Phys step   2200  t=  22.000  inner=  5  L2= 1.12109e+04  Cd=-79.180828  Cl=100.199243
Phys step   2300  t=  23.000  inner=  5  L2= 1.94325e+04  Cd=-103.437846  Cl=-19.680514
Phys step   2400  t=  24.000  inner=  5  L2= 1.51432e+04  Cd=-157.156737  Cl=  4.329423
Phys step   2500  t=  25.000  inner=  5  L2= 1.84036e+04  Cd=-113.878501  Cl=  0.456816
Phys step   2600  t=  26.000  inner=  5  L2= 1.27918e+04  Cd=-121.248901  Cl=-26.877582
Phys step   2700  t=  27.000  inner=  5  L2= 1.60994e+04  Cd=-108.936022  Cl= 12.619720
Phys step   2800  t=  28.000  inner= 11  L2= 6.85710e+03  Cd=-85.852205  Cl= 24.814323
Phys step   2900  t=  29.000  inner=3000  L2= 1.15829e+05  Cd=-65.849642  Cl= 27.331996
Phys step   3000  t=  30.000  inner=3000  L2= 1.14046e+05  Cd=-79.594933  Cl=  5.756479
Phys step   3100  t=  31.000  inner=3000  L2= 1.24075e+05  Cd=-60.339181  Cl=  2.526351
Phys step   3200  t=  32.000  inner=3000  L2= 7.61233e+04  Cd=-54.200912  Cl= -0.007231
Phys step   3300  t=  33.000  inner=3000  L2= 9.20878e+04  Cd=-26.855699  Cl=  2.881298
