==================================================================
cfd2d-unstructured 1.0.0 (648fe47adf4e, Release)
case      : cylinder_m010_laminar_re200 -- Circular cylinder, Mach 0.1, laminar, Re 200, unsteady vortex shedding
mesh      : /workspace/cfd_solver_agentic_benchmark/inputs/meshes/CylinderB1.cgns
mode      : laminar  Re=200.000000  mu=0.005000
freestream: M=0.1 aoa=0 rho=1 p=71.4286
ranks     : 8
==================================================================
CGNS base 'Base', 2 zone(s): 'dom-1' 'dom-2'
  node merge: 10315 raw -> 9995 unique (320 merged from 650 interface pairs, max gap 0)
global mesh: 9995 nodes, 10185 cells, 20180 faces (120 boundary)
  patch 'WALL' (CGNS BC 'WALL'): 100 faces
  patch 'FAR' (CGNS BC 'FAR'): 20 faces
partitioner: metis_kway, edge cut 471
mesh distributed in 0.060 s; geometry check (divergence theorem) max relative error 4.757e-13
partition: owned cells min 1265 max 1282 mean 1273.1, load balance 1.0070, max ghost 129, mean neighbours 4.50
case numerics requirements:
  numerics_required: [ok]   spatial_order >= 2 (reconstruction linear)
  numerics_required: [ok]   inviscid_flux = approximate_riemann (using hllc)
  numerics_required: [ok]   viscous_flux = required
  numerics_required: [ok]   main_time_method = implicit (solver path is implicit)
  numerics_required: [ok]   transient_order >= 2 (BDF2/trapezoidal are second order)
numerics: flux=hllc entropy_fix=0.1 shock_fix=6 reconstruction=linear_least_squares limiter=venkatakrishnan (K=5) implicit=lu_sgs_matrix_free
transient dual-time march: dt=0.01 to t=300 (30000 physical steps), inner iterations 5-1000 target 0.0001, integrator BDF2
  t 20.000  step 2000  inner 18  ratio 9.38e-05  cl -0.002758  cd 0.937958
  t 40.000  step 4000  inner 22  ratio 9.63e-05  cl 0.404690  cd 1.203472
  t 60.000  step 6000  inner 19  ratio 9.33e-05  cl -0.432213  cd 1.285955
  t 80.000  step 8000  inner 24  ratio 9.95e-05  cl -0.259513  cd 1.239315
  t 100.000  step 10000  inner 21  ratio 9.63e-05  cl 0.556950  cd 1.293751
  t 120.000  step 12000  inner 22  ratio 9.59e-05  cl 0.011244  cd 1.243855
  t 140.000  step 14000  inner 24  ratio 9.54e-05  cl -0.562034  cd 1.278023
  t 160.000  step 16000  inner 19  ratio 9.11e-05  cl 0.247789  cd 1.266675
  t 180.000  step 18000  inner 25  ratio 9.81e-05  cl 0.451941  cd 1.253539
  t 200.000  step 20000  inner 19  ratio 9.69e-05  cl -0.447898  cd 1.288178
  t 220.000  step 22000  inner 24  ratio 9.79e-05  cl -0.236398  cd 1.238047
  t 240.000  step 24000  inner 21  ratio 9.92e-05  cl 0.563484  cd 1.292637
  t 260.000  step 26000  inner 22  ratio 9.10e-05  cl -0.019707  cd 1.245768
  t 280.000  step 28000  inner 24  ratio 9.74e-05  cl -0.555139  cd 1.275398
  t 300.000  step 30000  inner 19  ratio 8.76e-05  cl 0.274084  cd 1.269829
------------------------------------------------------------------
status    : statistically_periodic
steps     : 30000  t=300.000000
residual  : 5.9422e-08 (6.29 orders)
forces    : cl=0.274084 cd=1.269829 cmz=0.001885
            pressure drag 1.026877, skin friction drag 0.242953, normal viscous drag 0.000000
inner     : mean 22.58 min 16 max 72, target met on 100.00%
robustness: 0 first-order face fallbacks, 0 update line searches
wall time : 2311.50 s
notes     : lift RMS over the last quarter = 0.4069, mean drag drift between the last two eighths = 3.508e-06, inner target met on 100% of physical steps
------------------------------------------------------------------
