 Runtime parameters:
   Objective type: METIS_OBJTYPE_CUT
   Coarsening type: METIS_CTYPE_SHEM
   Initial partitioning type: METIS_IPTYPE_METISRB
   Refinement type: METIS_RTYPE_GREEDY
   Perform a 2-hop matching: No
   Number of balancing constraints: 1
   Number of refinement iterations: 10
   Random number seed: 1
   Number of partitions: 4
   Number of cuts: 1
   User-supplied ufactor: 30
   Minimize connectivity: Yes
   Create contigous partitions: Yes
   Target partition weights: 
        0=[2.50e-01]   1=[2.50e-01]   2=[2.50e-01]   3=[2.50e-01]
   Allowed maximum load imbalance: 1.030 


 gk_mcore statistics
           coresize:       163276         nmops:         2048  cmop:      0
        num_callocs:           39   num_hallocs:            0
       size_callocs:       299008  size_hallocs:            0
        cur_callocs:            0   cur_hallocs:            0
        max_callocs:        98480   max_hallocs:            0
 nbrpool statistics
        nbrpoolsize:            0   nbrpoolcpos:            0
    nbrpoolreallocs:            0


 gk_mcore statistics
           coresize:       163276         nmops:         2048  cmop:      0
        num_callocs:          128   num_hallocs:            3
       size_callocs:       592808  size_hallocs:       122232
        cur_callocs:            0   cur_hallocs:            0
        max_callocs:       163040   max_hallocs:       122232
 nbrpool statistics
        nbrpoolsize:         5778   nbrpoolcpos:         4332
    nbrpoolreallocs:            2

case=cylinder_m010_laminar_re20 mode=laminar mesh_cells=10185 ranks=4
initial residual L2 = 5.809798e-01
step=1/200 t=0.000 cfl=1.03 inner=80 res=1.809e-01 ratio=2.95e-01 Cd=49.392247 Cl=0.004672
step=100/200 t=0.000 cfl=4.30 inner=80 res=3.769e-02 ratio=3.90e-01 Cd=0.671438 Cl=-0.047711
step=200/200 t=0.000 cfl=7.60 inner=80 res=3.284e-02 ratio=5.30e-02 Cd=1.963382 Cl=-0.020027
status=failed wall_time=114.4s final_step=200
